[2025-07-15 15:53:25 +0300] [1122443] [INFO] Starting gunicorn 23.0.0
[2025-07-15 15:53:25 +0300] [1122443] [INFO] Listening at: unix:/home/hypenet/web/servicehub.hypenet.ro/public_html/shub/servicehub.sock (1122443)
[2025-07-15 15:53:25 +0300] [1122443] [INFO] Using worker: sync
[2025-07-15 15:53:25 +0300] [1122448] [INFO] Booting worker with pid: 1122448
[2025-07-15 15:53:25 +0300] [1122449] [INFO] Booting worker with pid: 1122449
[2025-07-15 15:53:25 +0300] [1122450] [INFO] Booting worker with pid: 1122450
[2025-07-15 12:53:30 +0000] [1122450] [ERROR] Error handling request /
Traceback (most recent call last):
  File "/home/rvrp_webuser/web/rv-rp.ro/public_html/reverserp-venv/lib/python3.11/site-packages/django/core/handlers/exception.py", line 55, in inner
    response = get_response(request)
               ^^^^^^^^^^^^^^^^^^^^^
  File "/home/rvrp_webuser/web/rv-rp.ro/public_html/reverserp-venv/lib/python3.11/site-packages/django/core/handlers/base.py", line 181, in _get_response
    callback, callback_args, callback_kwargs = self.resolve_request(request)
                                               ^^^^^^^^^^^^^^^^^^^^^^^^^^^^^
  File "/home/rvrp_webuser/web/rv-rp.ro/public_html/reverserp-venv/lib/python3.11/site-packages/django/core/handlers/base.py", line 313, in resolve_request
    resolver_match = resolver.resolve(request.path_info)
                     ^^^^^^^^^^^^^^^^^^^^^^^^^^^^^^^^^^^
  File "/home/rvrp_webuser/web/rv-rp.ro/public_html/reverserp-venv/lib/python3.11/site-packages/django/urls/resolvers.py", line 663, in resolve
    for pattern in self.url_patterns:
                   ^^^^^^^^^^^^^^^^^
  File "/home/rvrp_webuser/web/rv-rp.ro/public_html/reverserp-venv/lib/python3.11/site-packages/django/utils/functional.py", line 57, in __get__
    res = instance.__dict__[self.name] = self.func(instance)
                                         ^^^^^^^^^^^^^^^^^^^
  File "/home/rvrp_webuser/web/rv-rp.ro/public_html/reverserp-venv/lib/python3.11/site-packages/django/urls/resolvers.py", line 715, in url_patterns
    patterns = getattr(self.urlconf_module, "urlpatterns", self.urlconf_module)
                       ^^^^^^^^^^^^^^^^^^^
  File "/home/rvrp_webuser/web/rv-rp.ro/public_html/reverserp-venv/lib/python3.11/site-packages/django/utils/functional.py", line 57, in __get__
    res = instance.__dict__[self.name] = self.func(instance)
                                         ^^^^^^^^^^^^^^^^^^^
  File "/home/rvrp_webuser/web/rv-rp.ro/public_html/reverserp-venv/lib/python3.11/site-packages/django/urls/resolvers.py", line 708, in urlconf_module
    return import_module(self.urlconf_name)
           ^^^^^^^^^^^^^^^^^^^^^^^^^^^^^^^^
  File "/usr/lib/python3.11/importlib/__init__.py", line 126, in import_module
    return _bootstrap._gcd_import(name[level:], package, level)
           ^^^^^^^^^^^^^^^^^^^^^^^^^^^^^^^^^^^^^^^^^^^^^^^^^^^^
  File "<frozen importlib._bootstrap>", line 1206, in _gcd_import
  File "<frozen importlib._bootstrap>", line 1178, in _find_and_load
  File "<frozen importlib._bootstrap>", line 1149, in _find_and_load_unlocked
  File "<frozen importlib._bootstrap>", line 690, in _load_unlocked
  File "<frozen importlib._bootstrap_external>", line 940, in exec_module
  File "<frozen importlib._bootstrap>", line 241, in _call_with_frames_removed
  File "/home/hypenet/web/servicehub.hypenet.ro/public_html/shub/servicehub/urls.py", line 3, in <module>
    from .classes import api, auth, users
  File "/home/hypenet/web/servicehub.hypenet.ro/public_html/shub/servicehub/classes/api.py", line 18, in <module>
    from .models import *
ModuleNotFoundError: No module named 'servicehub.classes.models'

During handling of the above exception, another exception occurred:

Traceback (most recent call last):
  File "/home/rvrp_webuser/web/rv-rp.ro/public_html/reverserp-venv/lib/python3.11/site-packages/django/core/handlers/exception.py", line 55, in inner
    response = get_response(request)
               ^^^^^^^^^^^^^^^^^^^^^
  File "/home/rvrp_webuser/web/rv-rp.ro/public_html/reverserp-venv/lib/python3.11/site-packages/django/utils/deprecation.py", line 134, in __call__
    response = response or self.get_response(request)
                           ^^^^^^^^^^^^^^^^^^^^^^^^^^
  File "/home/rvrp_webuser/web/rv-rp.ro/public_html/reverserp-venv/lib/python3.11/site-packages/django/core/handlers/exception.py", line 57, in inner
    response = response_for_exception(request, exc)
               ^^^^^^^^^^^^^^^^^^^^^^^^^^^^^^^^^^^^
  File "/home/rvrp_webuser/web/rv-rp.ro/public_html/reverserp-venv/lib/python3.11/site-packages/django/core/handlers/exception.py", line 140, in response_for_exception
    response = handle_uncaught_exception(
               ^^^^^^^^^^^^^^^^^^^^^^^^^^
  File "/home/rvrp_webuser/web/rv-rp.ro/public_html/reverserp-venv/lib/python3.11/site-packages/django/core/handlers/exception.py", line 181, in handle_uncaught_exception
    return debug.technical_500_response(request, *exc_info)
           ^^^^^^^^^^^^^^^^^^^^^^^^^^^^^^^^^^^^^^^^^^^^^^^^
  File "/home/rvrp_webuser/web/rv-rp.ro/public_html/reverserp-venv/lib/python3.11/site-packages/django/views/debug.py", line 67, in technical_500_response
    html = reporter.get_traceback_html()
           ^^^^^^^^^^^^^^^^^^^^^^^^^^^^^
  File "/home/rvrp_webuser/web/rv-rp.ro/public_html/reverserp-venv/lib/python3.11/site-packages/django/views/debug.py", line 410, in get_traceback_html
    c = Context(self.get_traceback_data(), use_l10n=False)
                ^^^^^^^^^^^^^^^^^^^^^^^^^
  File "/home/rvrp_webuser/web/rv-rp.ro/public_html/reverserp-venv/lib/python3.11/site-packages/django/views/debug.py", line 393, in get_traceback_data
    c["raising_view_name"] = get_caller(self.request)
                             ^^^^^^^^^^^^^^^^^^^^^^^^
  File "/home/rvrp_webuser/web/rv-rp.ro/public_html/reverserp-venv/lib/python3.11/site-packages/django/views/debug.py", line 100, in get_caller
    resolver_match = resolve(request.path)
                     ^^^^^^^^^^^^^^^^^^^^^
  File "/home/rvrp_webuser/web/rv-rp.ro/public_html/reverserp-venv/lib/python3.11/site-packages/django/urls/base.py", line 24, in resolve
    return get_resolver(urlconf).resolve(path)
           ^^^^^^^^^^^^^^^^^^^^^^^^^^^^^^^^^^^
  File "/home/rvrp_webuser/web/rv-rp.ro/public_html/reverserp-venv/lib/python3.11/site-packages/django/urls/resolvers.py", line 663, in resolve
    for pattern in self.url_patterns:
                   ^^^^^^^^^^^^^^^^^
  File "/home/rvrp_webuser/web/rv-rp.ro/public_html/reverserp-venv/lib/python3.11/site-packages/django/utils/functional.py", line 57, in __get__
    res = instance.__dict__[self.name] = self.func(instance)
                                         ^^^^^^^^^^^^^^^^^^^
  File "/home/rvrp_webuser/web/rv-rp.ro/public_html/reverserp-venv/lib/python3.11/site-packages/django/urls/resolvers.py", line 715, in url_patterns
    patterns = getattr(self.urlconf_module, "urlpatterns", self.urlconf_module)
                       ^^^^^^^^^^^^^^^^^^^
  File "/home/rvrp_webuser/web/rv-rp.ro/public_html/reverserp-venv/lib/python3.11/site-packages/django/utils/functional.py", line 57, in __get__
    res = instance.__dict__[self.name] = self.func(instance)
                                         ^^^^^^^^^^^^^^^^^^^
  File "/home/rvrp_webuser/web/rv-rp.ro/public_html/reverserp-venv/lib/python3.11/site-packages/django/urls/resolvers.py", line 708, in urlconf_module
    return import_module(self.urlconf_name)
           ^^^^^^^^^^^^^^^^^^^^^^^^^^^^^^^^
  File "/usr/lib/python3.11/importlib/__init__.py", line 126, in import_module
    return _bootstrap._gcd_import(name[level:], package, level)
           ^^^^^^^^^^^^^^^^^^^^^^^^^^^^^^^^^^^^^^^^^^^^^^^^^^^^
  File "<frozen importlib._bootstrap>", line 1206, in _gcd_import
  File "<frozen importlib._bootstrap>", line 1178, in _find_and_load
  File "<frozen importlib._bootstrap>", line 1149, in _find_and_load_unlocked
  File "<frozen importlib._bootstrap>", line 690, in _load_unlocked
  File "<frozen importlib._bootstrap_external>", line 940, in exec_module
  File "<frozen importlib._bootstrap>", line 241, in _call_with_frames_removed
  File "/home/hypenet/web/servicehub.hypenet.ro/public_html/shub/servicehub/urls.py", line 3, in <module>
    from .classes import api, auth, users
  File "/home/hypenet/web/servicehub.hypenet.ro/public_html/shub/servicehub/classes/api.py", line 18, in <module>
    from .models import *
ModuleNotFoundError: No module named 'servicehub.classes.models'

During handling of the above exception, another exception occurred:

Traceback (most recent call last):
  File "/home/rvrp_webuser/web/rv-rp.ro/public_html/reverserp-venv/lib/python3.11/site-packages/django/core/handlers/exception.py", line 55, in inner
    response = get_response(request)
               ^^^^^^^^^^^^^^^^^^^^^
  File "/home/rvrp_webuser/web/rv-rp.ro/public_html/reverserp-venv/lib/python3.11/site-packages/django/utils/deprecation.py", line 134, in __call__
    response = response or self.get_response(request)
                           ^^^^^^^^^^^^^^^^^^^^^^^^^^
  File "/home/rvrp_webuser/web/rv-rp.ro/public_html/reverserp-venv/lib/python3.11/site-packages/django/core/handlers/exception.py", line 57, in inner
    response = response_for_exception(request, exc)
               ^^^^^^^^^^^^^^^^^^^^^^^^^^^^^^^^^^^^
  File "/home/rvrp_webuser/web/rv-rp.ro/public_html/reverserp-venv/lib/python3.11/site-packages/django/core/handlers/exception.py", line 140, in response_for_exception
    response = handle_uncaught_exception(
               ^^^^^^^^^^^^^^^^^^^^^^^^^^
  File "/home/rvrp_webuser/web/rv-rp.ro/public_html/reverserp-venv/lib/python3.11/site-packages/django/core/handlers/exception.py", line 181, in handle_uncaught_exception
    return debug.technical_500_response(request, *exc_info)
           ^^^^^^^^^^^^^^^^^^^^^^^^^^^^^^^^^^^^^^^^^^^^^^^^
  File "/home/rvrp_webuser/web/rv-rp.ro/public_html/reverserp-venv/lib/python3.11/site-packages/django/views/debug.py", line 67, in technical_500_response
    html = reporter.get_traceback_html()
           ^^^^^^^^^^^^^^^^^^^^^^^^^^^^^
  File "/home/rvrp_webuser/web/rv-rp.ro/public_html/reverserp-venv/lib/python3.11/site-packages/django/views/debug.py", line 410, in get_traceback_html
    c = Context(self.get_traceback_data(), use_l10n=False)
                ^^^^^^^^^^^^^^^^^^^^^^^^^
  File "/home/rvrp_webuser/web/rv-rp.ro/public_html/reverserp-venv/lib/python3.11/site-packages/django/views/debug.py", line 393, in get_traceback_data
    c["raising_view_name"] = get_caller(self.request)
                             ^^^^^^^^^^^^^^^^^^^^^^^^
  File "/home/rvrp_webuser/web/rv-rp.ro/public_html/reverserp-venv/lib/python3.11/site-packages/django/views/debug.py", line 100, in get_caller
    resolver_match = resolve(request.path)
                     ^^^^^^^^^^^^^^^^^^^^^
  File "/home/rvrp_webuser/web/rv-rp.ro/public_html/reverserp-venv/lib/python3.11/site-packages/django/urls/base.py", line 24, in resolve
    return get_resolver(urlconf).resolve(path)
           ^^^^^^^^^^^^^^^^^^^^^^^^^^^^^^^^^^^
  File "/home/rvrp_webuser/web/rv-rp.ro/public_html/reverserp-venv/lib/python3.11/site-packages/django/urls/resolvers.py", line 663, in resolve
    for pattern in self.url_patterns:
                   ^^^^^^^^^^^^^^^^^
  File "/home/rvrp_webuser/web/rv-rp.ro/public_html/reverserp-venv/lib/python3.11/site-packages/django/utils/functional.py", line 57, in __get__
    res = instance.__dict__[self.name] = self.func(instance)
                                         ^^^^^^^^^^^^^^^^^^^
  File "/home/rvrp_webuser/web/rv-rp.ro/public_html/reverserp-venv/lib/python3.11/site-packages/django/urls/resolvers.py", line 715, in url_patterns
    patterns = getattr(self.urlconf_module, "urlpatterns", self.urlconf_module)
                       ^^^^^^^^^^^^^^^^^^^
  File "/home/rvrp_webuser/web/rv-rp.ro/public_html/reverserp-venv/lib/python3.11/site-packages/django/utils/functional.py", line 57, in __get__
    res = instance.__dict__[self.name] = self.func(instance)
                                         ^^^^^^^^^^^^^^^^^^^
  File "/home/rvrp_webuser/web/rv-rp.ro/public_html/reverserp-venv/lib/python3.11/site-packages/django/urls/resolvers.py", line 708, in urlconf_module
    return import_module(self.urlconf_name)
           ^^^^^^^^^^^^^^^^^^^^^^^^^^^^^^^^
  File "/usr/lib/python3.11/importlib/__init__.py", line 126, in import_module
    return _bootstrap._gcd_import(name[level:], package, level)
           ^^^^^^^^^^^^^^^^^^^^^^^^^^^^^^^^^^^^^^^^^^^^^^^^^^^^
  File "<frozen importlib._bootstrap>", line 1206, in _gcd_import
  File "<frozen importlib._bootstrap>", line 1178, in _find_and_load
  File "<frozen importlib._bootstrap>", line 1149, in _find_and_load_unlocked
  File "<frozen importlib._bootstrap>", line 690, in _load_unlocked
  File "<frozen importlib._bootstrap_external>", line 940, in exec_module
  File "<frozen importlib._bootstrap>", line 241, in _call_with_frames_removed
  File "/home/hypenet/web/servicehub.hypenet.ro/public_html/shub/servicehub/urls.py", line 3, in <module>
    from .classes import api, auth, users
  File "/home/hypenet/web/servicehub.hypenet.ro/public_html/shub/servicehub/classes/api.py", line 18, in <module>
    from .models import *
ModuleNotFoundError: No module named 'servicehub.classes.models'

During handling of the above exception, another exception occurred:

Traceback (most recent call last):
  File "/home/rvrp_webuser/web/rv-rp.ro/public_html/reverserp-venv/lib/python3.11/site-packages/django/core/handlers/exception.py", line 55, in inner
    response = get_response(request)
               ^^^^^^^^^^^^^^^^^^^^^
  File "/home/rvrp_webuser/web/rv-rp.ro/public_html/reverserp-venv/lib/python3.11/site-packages/django/utils/deprecation.py", line 134, in __call__
    response = response or self.get_response(request)
                           ^^^^^^^^^^^^^^^^^^^^^^^^^^
  File "/home/rvrp_webuser/web/rv-rp.ro/public_html/reverserp-venv/lib/python3.11/site-packages/django/core/handlers/exception.py", line 57, in inner
    response = response_for_exception(request, exc)
               ^^^^^^^^^^^^^^^^^^^^^^^^^^^^^^^^^^^^
  File "/home/rvrp_webuser/web/rv-rp.ro/public_html/reverserp-venv/lib/python3.11/site-packages/django/core/handlers/exception.py", line 140, in response_for_exception
    response = handle_uncaught_exception(
               ^^^^^^^^^^^^^^^^^^^^^^^^^^
  File "/home/rvrp_webuser/web/rv-rp.ro/public_html/reverserp-venv/lib/python3.11/site-packages/django/core/handlers/exception.py", line 181, in handle_uncaught_exception
    return debug.technical_500_response(request, *exc_info)
           ^^^^^^^^^^^^^^^^^^^^^^^^^^^^^^^^^^^^^^^^^^^^^^^^
  File "/home/rvrp_webuser/web/rv-rp.ro/public_html/reverserp-venv/lib/python3.11/site-packages/django/views/debug.py", line 67, in technical_500_response
    html = reporter.get_traceback_html()
           ^^^^^^^^^^^^^^^^^^^^^^^^^^^^^
  File "/home/rvrp_webuser/web/rv-rp.ro/public_html/reverserp-venv/lib/python3.11/site-packages/django/views/debug.py", line 410, in get_traceback_html
    c = Context(self.get_traceback_data(), use_l10n=False)
                ^^^^^^^^^^^^^^^^^^^^^^^^^
  File "/home/rvrp_webuser/web/rv-rp.ro/public_html/reverserp-venv/lib/python3.11/site-packages/django/views/debug.py", line 393, in get_traceback_data
    c["raising_view_name"] = get_caller(self.request)
                             ^^^^^^^^^^^^^^^^^^^^^^^^
  File "/home/rvrp_webuser/web/rv-rp.ro/public_html/reverserp-venv/lib/python3.11/site-packages/django/views/debug.py", line 100, in get_caller
    resolver_match = resolve(request.path)
                     ^^^^^^^^^^^^^^^^^^^^^
  File "/home/rvrp_webuser/web/rv-rp.ro/public_html/reverserp-venv/lib/python3.11/site-packages/django/urls/base.py", line 24, in resolve
    return get_resolver(urlconf).resolve(path)
           ^^^^^^^^^^^^^^^^^^^^^^^^^^^^^^^^^^^
  File "/home/rvrp_webuser/web/rv-rp.ro/public_html/reverserp-venv/lib/python3.11/site-packages/django/urls/resolvers.py", line 663, in resolve
    for pattern in self.url_patterns:
                   ^^^^^^^^^^^^^^^^^
  File "/home/rvrp_webuser/web/rv-rp.ro/public_html/reverserp-venv/lib/python3.11/site-packages/django/utils/functional.py", line 57, in __get__
    res = instance.__dict__[self.name] = self.func(instance)
                                         ^^^^^^^^^^^^^^^^^^^
  File "/home/rvrp_webuser/web/rv-rp.ro/public_html/reverserp-venv/lib/python3.11/site-packages/django/urls/resolvers.py", line 715, in url_patterns
    patterns = getattr(self.urlconf_module, "urlpatterns", self.urlconf_module)
                       ^^^^^^^^^^^^^^^^^^^
  File "/home/rvrp_webuser/web/rv-rp.ro/public_html/reverserp-venv/lib/python3.11/site-packages/django/utils/functional.py", line 57, in __get__
    res = instance.__dict__[self.name] = self.func(instance)
                                         ^^^^^^^^^^^^^^^^^^^
  File "/home/rvrp_webuser/web/rv-rp.ro/public_html/reverserp-venv/lib/python3.11/site-packages/django/urls/resolvers.py", line 708, in urlconf_module
    return import_module(self.urlconf_name)
           ^^^^^^^^^^^^^^^^^^^^^^^^^^^^^^^^
  File "/usr/lib/python3.11/importlib/__init__.py", line 126, in import_module
    return _bootstrap._gcd_import(name[level:], package, level)
           ^^^^^^^^^^^^^^^^^^^^^^^^^^^^^^^^^^^^^^^^^^^^^^^^^^^^
  File "<frozen importlib._bootstrap>", line 1206, in _gcd_import
  File "<frozen importlib._bootstrap>", line 1178, in _find_and_load
  File "<frozen importlib._bootstrap>", line 1149, in _find_and_load_unlocked
  File "<frozen importlib._bootstrap>", line 690, in _load_unlocked
  File "<frozen importlib._bootstrap_external>", line 940, in exec_module
  File "<frozen importlib._bootstrap>", line 241, in _call_with_frames_removed
  File "/home/hypenet/web/servicehub.hypenet.ro/public_html/shub/servicehub/urls.py", line 3, in <module>
    from .classes import api, auth, users
  File "/home/hypenet/web/servicehub.hypenet.ro/public_html/shub/servicehub/classes/api.py", line 18, in <module>
    from .models import *
ModuleNotFoundError: No module named 'servicehub.classes.models'

During handling of the above exception, another exception occurred:

Traceback (most recent call last):
  File "/home/rvrp_webuser/web/rv-rp.ro/public_html/reverserp-venv/lib/python3.11/site-packages/django/core/handlers/exception.py", line 55, in inner
    response = get_response(request)
               ^^^^^^^^^^^^^^^^^^^^^
  File "/home/rvrp_webuser/web/rv-rp.ro/public_html/reverserp-venv/lib/python3.11/site-packages/django/utils/deprecation.py", line 134, in __call__
    response = response or self.get_response(request)
                           ^^^^^^^^^^^^^^^^^^^^^^^^^^
  File "/home/rvrp_webuser/web/rv-rp.ro/public_html/reverserp-venv/lib/python3.11/site-packages/django/core/handlers/exception.py", line 57, in inner
    response = response_for_exception(request, exc)
               ^^^^^^^^^^^^^^^^^^^^^^^^^^^^^^^^^^^^
  File "/home/rvrp_webuser/web/rv-rp.ro/public_html/reverserp-venv/lib/python3.11/site-packages/django/core/handlers/exception.py", line 140, in response_for_exception
    response = handle_uncaught_exception(
               ^^^^^^^^^^^^^^^^^^^^^^^^^^
  File "/home/rvrp_webuser/web/rv-rp.ro/public_html/reverserp-venv/lib/python3.11/site-packages/django/core/handlers/exception.py", line 181, in handle_uncaught_exception
    return debug.technical_500_response(request, *exc_info)
           ^^^^^^^^^^^^^^^^^^^^^^^^^^^^^^^^^^^^^^^^^^^^^^^^
  File "/home/rvrp_webuser/web/rv-rp.ro/public_html/reverserp-venv/lib/python3.11/site-packages/django/views/debug.py", line 67, in technical_500_response
    html = reporter.get_traceback_html()
           ^^^^^^^^^^^^^^^^^^^^^^^^^^^^^
  File "/home/rvrp_webuser/web/rv-rp.ro/public_html/reverserp-venv/lib/python3.11/site-packages/django/views/debug.py", line 410, in get_traceback_html
    c = Context(self.get_traceback_data(), use_l10n=False)
                ^^^^^^^^^^^^^^^^^^^^^^^^^
  File "/home/rvrp_webuser/web/rv-rp.ro/public_html/reverserp-venv/lib/python3.11/site-packages/django/views/debug.py", line 393, in get_traceback_data
    c["raising_view_name"] = get_caller(self.request)
                             ^^^^^^^^^^^^^^^^^^^^^^^^
  File "/home/rvrp_webuser/web/rv-rp.ro/public_html/reverserp-venv/lib/python3.11/site-packages/django/views/debug.py", line 100, in get_caller
    resolver_match = resolve(request.path)
                     ^^^^^^^^^^^^^^^^^^^^^
  File "/home/rvrp_webuser/web/rv-rp.ro/public_html/reverserp-venv/lib/python3.11/site-packages/django/urls/base.py", line 24, in resolve
    return get_resolver(urlconf).resolve(path)
           ^^^^^^^^^^^^^^^^^^^^^^^^^^^^^^^^^^^
  File "/home/rvrp_webuser/web/rv-rp.ro/public_html/reverserp-venv/lib/python3.11/site-packages/django/urls/resolvers.py", line 663, in resolve
    for pattern in self.url_patterns:
                   ^^^^^^^^^^^^^^^^^
  File "/home/rvrp_webuser/web/rv-rp.ro/public_html/reverserp-venv/lib/python3.11/site-packages/django/utils/functional.py", line 57, in __get__
    res = instance.__dict__[self.name] = self.func(instance)
                                         ^^^^^^^^^^^^^^^^^^^
  File "/home/rvrp_webuser/web/rv-rp.ro/public_html/reverserp-venv/lib/python3.11/site-packages/django/urls/resolvers.py", line 715, in url_patterns
    patterns = getattr(self.urlconf_module, "urlpatterns", self.urlconf_module)
                       ^^^^^^^^^^^^^^^^^^^
  File "/home/rvrp_webuser/web/rv-rp.ro/public_html/reverserp-venv/lib/python3.11/site-packages/django/utils/functional.py", line 57, in __get__
    res = instance.__dict__[self.name] = self.func(instance)
                                         ^^^^^^^^^^^^^^^^^^^
  File "/home/rvrp_webuser/web/rv-rp.ro/public_html/reverserp-venv/lib/python3.11/site-packages/django/urls/resolvers.py", line 708, in urlconf_module
    return import_module(self.urlconf_name)
           ^^^^^^^^^^^^^^^^^^^^^^^^^^^^^^^^
  File "/usr/lib/python3.11/importlib/__init__.py", line 126, in import_module
    return _bootstrap._gcd_import(name[level:], package, level)
           ^^^^^^^^^^^^^^^^^^^^^^^^^^^^^^^^^^^^^^^^^^^^^^^^^^^^
  File "<frozen importlib._bootstrap>", line 1206, in _gcd_import
  File "<frozen importlib._bootstrap>", line 1178, in _find_and_load
  File "<frozen importlib._bootstrap>", line 1149, in _find_and_load_unlocked
  File "<frozen importlib._bootstrap>", line 690, in _load_unlocked
  File "<frozen importlib._bootstrap_external>", line 940, in exec_module
  File "<frozen importlib._bootstrap>", line 241, in _call_with_frames_removed
  File "/home/hypenet/web/servicehub.hypenet.ro/public_html/shub/servicehub/urls.py", line 3, in <module>
    from .classes import api, auth, users
  File "/home/hypenet/web/servicehub.hypenet.ro/public_html/shub/servicehub/classes/api.py", line 18, in <module>
    from .models import *
ModuleNotFoundError: No module named 'servicehub.classes.models'

During handling of the above exception, another exception occurred:

Traceback (most recent call last):
  File "/home/rvrp_webuser/web/rv-rp.ro/public_html/reverserp-venv/lib/python3.11/site-packages/django/core/handlers/exception.py", line 55, in inner
    response = get_response(request)
               ^^^^^^^^^^^^^^^^^^^^^
  File "/home/rvrp_webuser/web/rv-rp.ro/public_html/reverserp-venv/lib/python3.11/site-packages/django/utils/deprecation.py", line 134, in __call__
    response = response or self.get_response(request)
                           ^^^^^^^^^^^^^^^^^^^^^^^^^^
  File "/home/rvrp_webuser/web/rv-rp.ro/public_html/reverserp-venv/lib/python3.11/site-packages/django/core/handlers/exception.py", line 57, in inner
    response = response_for_exception(request, exc)
               ^^^^^^^^^^^^^^^^^^^^^^^^^^^^^^^^^^^^
  File "/home/rvrp_webuser/web/rv-rp.ro/public_html/reverserp-venv/lib/python3.11/site-packages/django/core/handlers/exception.py", line 140, in response_for_exception
    response = handle_uncaught_exception(
               ^^^^^^^^^^^^^^^^^^^^^^^^^^
  File "/home/rvrp_webuser/web/rv-rp.ro/public_html/reverserp-venv/lib/python3.11/site-packages/django/core/handlers/exception.py", line 181, in handle_uncaught_exception
    return debug.technical_500_response(request, *exc_info)
           ^^^^^^^^^^^^^^^^^^^^^^^^^^^^^^^^^^^^^^^^^^^^^^^^
  File "/home/rvrp_webuser/web/rv-rp.ro/public_html/reverserp-venv/lib/python3.11/site-packages/django/views/debug.py", line 67, in technical_500_response
    html = reporter.get_traceback_html()
           ^^^^^^^^^^^^^^^^^^^^^^^^^^^^^
  File "/home/rvrp_webuser/web/rv-rp.ro/public_html/reverserp-venv/lib/python3.11/site-packages/django/views/debug.py", line 410, in get_traceback_html
    c = Context(self.get_traceback_data(), use_l10n=False)
                ^^^^^^^^^^^^^^^^^^^^^^^^^
  File "/home/rvrp_webuser/web/rv-rp.ro/public_html/reverserp-venv/lib/python3.11/site-packages/django/views/debug.py", line 393, in get_traceback_data
    c["raising_view_name"] = get_caller(self.request)
                             ^^^^^^^^^^^^^^^^^^^^^^^^
  File "/home/rvrp_webuser/web/rv-rp.ro/public_html/reverserp-venv/lib/python3.11/site-packages/django/views/debug.py", line 100, in get_caller
    resolver_match = resolve(request.path)
                     ^^^^^^^^^^^^^^^^^^^^^
  File "/home/rvrp_webuser/web/rv-rp.ro/public_html/reverserp-venv/lib/python3.11/site-packages/django/urls/base.py", line 24, in resolve
    return get_resolver(urlconf).resolve(path)
           ^^^^^^^^^^^^^^^^^^^^^^^^^^^^^^^^^^^
  File "/home/rvrp_webuser/web/rv-rp.ro/public_html/reverserp-venv/lib/python3.11/site-packages/django/urls/resolvers.py", line 663, in resolve
    for pattern in self.url_patterns:
                   ^^^^^^^^^^^^^^^^^
  File "/home/rvrp_webuser/web/rv-rp.ro/public_html/reverserp-venv/lib/python3.11/site-packages/django/utils/functional.py", line 57, in __get__
    res = instance.__dict__[self.name] = self.func(instance)
                                         ^^^^^^^^^^^^^^^^^^^
  File "/home/rvrp_webuser/web/rv-rp.ro/public_html/reverserp-venv/lib/python3.11/site-packages/django/urls/resolvers.py", line 715, in url_patterns
    patterns = getattr(self.urlconf_module, "urlpatterns", self.urlconf_module)
                       ^^^^^^^^^^^^^^^^^^^
  File "/home/rvrp_webuser/web/rv-rp.ro/public_html/reverserp-venv/lib/python3.11/site-packages/django/utils/functional.py", line 57, in __get__
    res = instance.__dict__[self.name] = self.func(instance)
                                         ^^^^^^^^^^^^^^^^^^^
  File "/home/rvrp_webuser/web/rv-rp.ro/public_html/reverserp-venv/lib/python3.11/site-packages/django/urls/resolvers.py", line 708, in urlconf_module
    return import_module(self.urlconf_name)
           ^^^^^^^^^^^^^^^^^^^^^^^^^^^^^^^^
  File "/usr/lib/python3.11/importlib/__init__.py", line 126, in import_module
    return _bootstrap._gcd_import(name[level:], package, level)
           ^^^^^^^^^^^^^^^^^^^^^^^^^^^^^^^^^^^^^^^^^^^^^^^^^^^^
  File "<frozen importlib._bootstrap>", line 1206, in _gcd_import
  File "<frozen importlib._bootstrap>", line 1178, in _find_and_load
  File "<frozen importlib._bootstrap>", line 1149, in _find_and_load_unlocked
  File "<frozen importlib._bootstrap>", line 690, in _load_unlocked
  File "<frozen importlib._bootstrap_external>", line 940, in exec_module
  File "<frozen importlib._bootstrap>", line 241, in _call_with_frames_removed
  File "/home/hypenet/web/servicehub.hypenet.ro/public_html/shub/servicehub/urls.py", line 3, in <module>
    from .classes import api, auth, users
  File "/home/hypenet/web/servicehub.hypenet.ro/public_html/shub/servicehub/classes/api.py", line 18, in <module>
    from .models import *
ModuleNotFoundError: No module named 'servicehub.classes.models'

During handling of the above exception, another exception occurred:

Traceback (most recent call last):
  File "/home/rvrp_webuser/web/rv-rp.ro/public_html/reverserp-venv/lib/python3.11/site-packages/django/core/handlers/exception.py", line 55, in inner
    response = get_response(request)
               ^^^^^^^^^^^^^^^^^^^^^
  File "/home/rvrp_webuser/web/rv-rp.ro/public_html/reverserp-venv/lib/python3.11/site-packages/django/utils/deprecation.py", line 134, in __call__
    response = response or self.get_response(request)
                           ^^^^^^^^^^^^^^^^^^^^^^^^^^
  File "/home/rvrp_webuser/web/rv-rp.ro/public_html/reverserp-venv/lib/python3.11/site-packages/django/core/handlers/exception.py", line 57, in inner
    response = response_for_exception(request, exc)
               ^^^^^^^^^^^^^^^^^^^^^^^^^^^^^^^^^^^^
  File "/home/rvrp_webuser/web/rv-rp.ro/public_html/reverserp-venv/lib/python3.11/site-packages/django/core/handlers/exception.py", line 140, in response_for_exception
    response = handle_uncaught_exception(
               ^^^^^^^^^^^^^^^^^^^^^^^^^^
  File "/home/rvrp_webuser/web/rv-rp.ro/public_html/reverserp-venv/lib/python3.11/site-packages/django/core/handlers/exception.py", line 181, in handle_uncaught_exception
    return debug.technical_500_response(request, *exc_info)
           ^^^^^^^^^^^^^^^^^^^^^^^^^^^^^^^^^^^^^^^^^^^^^^^^
  File "/home/rvrp_webuser/web/rv-rp.ro/public_html/reverserp-venv/lib/python3.11/site-packages/django/views/debug.py", line 67, in technical_500_response
    html = reporter.get_traceback_html()
           ^^^^^^^^^^^^^^^^^^^^^^^^^^^^^
  File "/home/rvrp_webuser/web/rv-rp.ro/public_html/reverserp-venv/lib/python3.11/site-packages/django/views/debug.py", line 410, in get_traceback_html
    c = Context(self.get_traceback_data(), use_l10n=False)
                ^^^^^^^^^^^^^^^^^^^^^^^^^
  File "/home/rvrp_webuser/web/rv-rp.ro/public_html/reverserp-venv/lib/python3.11/site-packages/django/views/debug.py", line 393, in get_traceback_data
    c["raising_view_name"] = get_caller(self.request)
                             ^^^^^^^^^^^^^^^^^^^^^^^^
  File "/home/rvrp_webuser/web/rv-rp.ro/public_html/reverserp-venv/lib/python3.11/site-packages/django/views/debug.py", line 100, in get_caller
    resolver_match = resolve(request.path)
                     ^^^^^^^^^^^^^^^^^^^^^
  File "/home/rvrp_webuser/web/rv-rp.ro/public_html/reverserp-venv/lib/python3.11/site-packages/django/urls/base.py", line 24, in resolve
    return get_resolver(urlconf).resolve(path)
           ^^^^^^^^^^^^^^^^^^^^^^^^^^^^^^^^^^^
  File "/home/rvrp_webuser/web/rv-rp.ro/public_html/reverserp-venv/lib/python3.11/site-packages/django/urls/resolvers.py", line 663, in resolve
    for pattern in self.url_patterns:
                   ^^^^^^^^^^^^^^^^^
  File "/home/rvrp_webuser/web/rv-rp.ro/public_html/reverserp-venv/lib/python3.11/site-packages/django/utils/functional.py", line 57, in __get__
    res = instance.__dict__[self.name] = self.func(instance)
                                         ^^^^^^^^^^^^^^^^^^^
  File "/home/rvrp_webuser/web/rv-rp.ro/public_html/reverserp-venv/lib/python3.11/site-packages/django/urls/resolvers.py", line 715, in url_patterns
    patterns = getattr(self.urlconf_module, "urlpatterns", self.urlconf_module)
                       ^^^^^^^^^^^^^^^^^^^
  File "/home/rvrp_webuser/web/rv-rp.ro/public_html/reverserp-venv/lib/python3.11/site-packages/django/utils/functional.py", line 57, in __get__
    res = instance.__dict__[self.name] = self.func(instance)
                                         ^^^^^^^^^^^^^^^^^^^
  File "/home/rvrp_webuser/web/rv-rp.ro/public_html/reverserp-venv/lib/python3.11/site-packages/django/urls/resolvers.py", line 708, in urlconf_module
    return import_module(self.urlconf_name)
           ^^^^^^^^^^^^^^^^^^^^^^^^^^^^^^^^
  File "/usr/lib/python3.11/importlib/__init__.py", line 126, in import_module
    return _bootstrap._gcd_import(name[level:], package, level)
           ^^^^^^^^^^^^^^^^^^^^^^^^^^^^^^^^^^^^^^^^^^^^^^^^^^^^
  File "<frozen importlib._bootstrap>", line 1206, in _gcd_import
  File "<frozen importlib._bootstrap>", line 1178, in _find_and_load
  File "<frozen importlib._bootstrap>", line 1149, in _find_and_load_unlocked
  File "<frozen importlib._bootstrap>", line 690, in _load_unlocked
  File "<frozen importlib._bootstrap_external>", line 940, in exec_module
  File "<frozen importlib._bootstrap>", line 241, in _call_with_frames_removed
  File "/home/hypenet/web/servicehub.hypenet.ro/public_html/shub/servicehub/urls.py", line 3, in <module>
    from .classes import api, auth, users
  File "/home/hypenet/web/servicehub.hypenet.ro/public_html/shub/servicehub/classes/api.py", line 18, in <module>
    from .models import *
ModuleNotFoundError: No module named 'servicehub.classes.models'

During handling of the above exception, another exception occurred:

Traceback (most recent call last):
  File "/home/rvrp_webuser/web/rv-rp.ro/public_html/reverserp-venv/lib/python3.11/site-packages/django/core/handlers/exception.py", line 55, in inner
    response = get_response(request)
               ^^^^^^^^^^^^^^^^^^^^^
  File "/home/rvrp_webuser/web/rv-rp.ro/public_html/reverserp-venv/lib/python3.11/site-packages/django/utils/deprecation.py", line 134, in __call__
    response = response or self.get_response(request)
                           ^^^^^^^^^^^^^^^^^^^^^^^^^^
  File "/home/rvrp_webuser/web/rv-rp.ro/public_html/reverserp-venv/lib/python3.11/site-packages/django/core/handlers/exception.py", line 57, in inner
    response = response_for_exception(request, exc)
               ^^^^^^^^^^^^^^^^^^^^^^^^^^^^^^^^^^^^
  File "/home/rvrp_webuser/web/rv-rp.ro/public_html/reverserp-venv/lib/python3.11/site-packages/django/core/handlers/exception.py", line 140, in response_for_exception
    response = handle_uncaught_exception(
               ^^^^^^^^^^^^^^^^^^^^^^^^^^
  File "/home/rvrp_webuser/web/rv-rp.ro/public_html/reverserp-venv/lib/python3.11/site-packages/django/core/handlers/exception.py", line 181, in handle_uncaught_exception
    return debug.technical_500_response(request, *exc_info)
           ^^^^^^^^^^^^^^^^^^^^^^^^^^^^^^^^^^^^^^^^^^^^^^^^
  File "/home/rvrp_webuser/web/rv-rp.ro/public_html/reverserp-venv/lib/python3.11/site-packages/django/views/debug.py", line 67, in technical_500_response
    html = reporter.get_traceback_html()
           ^^^^^^^^^^^^^^^^^^^^^^^^^^^^^
  File "/home/rvrp_webuser/web/rv-rp.ro/public_html/reverserp-venv/lib/python3.11/site-packages/django/views/debug.py", line 410, in get_traceback_html
    c = Context(self.get_traceback_data(), use_l10n=False)
                ^^^^^^^^^^^^^^^^^^^^^^^^^
  File "/home/rvrp_webuser/web/rv-rp.ro/public_html/reverserp-venv/lib/python3.11/site-packages/django/views/debug.py", line 393, in get_traceback_data
    c["raising_view_name"] = get_caller(self.request)
                             ^^^^^^^^^^^^^^^^^^^^^^^^
  File "/home/rvrp_webuser/web/rv-rp.ro/public_html/reverserp-venv/lib/python3.11/site-packages/django/views/debug.py", line 100, in get_caller
    resolver_match = resolve(request.path)
                     ^^^^^^^^^^^^^^^^^^^^^
  File "/home/rvrp_webuser/web/rv-rp.ro/public_html/reverserp-venv/lib/python3.11/site-packages/django/urls/base.py", line 24, in resolve
    return get_resolver(urlconf).resolve(path)
           ^^^^^^^^^^^^^^^^^^^^^^^^^^^^^^^^^^^
  File "/home/rvrp_webuser/web/rv-rp.ro/public_html/reverserp-venv/lib/python3.11/site-packages/django/urls/resolvers.py", line 663, in resolve
    for pattern in self.url_patterns:
                   ^^^^^^^^^^^^^^^^^
  File "/home/rvrp_webuser/web/rv-rp.ro/public_html/reverserp-venv/lib/python3.11/site-packages/django/utils/functional.py", line 57, in __get__
    res = instance.__dict__[self.name] = self.func(instance)
                                         ^^^^^^^^^^^^^^^^^^^
  File "/home/rvrp_webuser/web/rv-rp.ro/public_html/reverserp-venv/lib/python3.11/site-packages/django/urls/resolvers.py", line 715, in url_patterns
    patterns = getattr(self.urlconf_module, "urlpatterns", self.urlconf_module)
                       ^^^^^^^^^^^^^^^^^^^
  File "/home/rvrp_webuser/web/rv-rp.ro/public_html/reverserp-venv/lib/python3.11/site-packages/django/utils/functional.py", line 57, in __get__
    res = instance.__dict__[self.name] = self.func(instance)
                                         ^^^^^^^^^^^^^^^^^^^
  File "/home/rvrp_webuser/web/rv-rp.ro/public_html/reverserp-venv/lib/python3.11/site-packages/django/urls/resolvers.py", line 708, in urlconf_module
    return import_module(self.urlconf_name)
           ^^^^^^^^^^^^^^^^^^^^^^^^^^^^^^^^
  File "/usr/lib/python3.11/importlib/__init__.py", line 126, in import_module
    return _bootstrap._gcd_import(name[level:], package, level)
           ^^^^^^^^^^^^^^^^^^^^^^^^^^^^^^^^^^^^^^^^^^^^^^^^^^^^
  File "<frozen importlib._bootstrap>", line 1206, in _gcd_import
  File "<frozen importlib._bootstrap>", line 1178, in _find_and_load
  File "<frozen importlib._bootstrap>", line 1149, in _find_and_load_unlocked
  File "<frozen importlib._bootstrap>", line 690, in _load_unlocked
  File "<frozen importlib._bootstrap_external>", line 940, in exec_module
  File "<frozen importlib._bootstrap>", line 241, in _call_with_frames_removed
  File "/home/hypenet/web/servicehub.hypenet.ro/public_html/shub/servicehub/urls.py", line 3, in <module>
    from .classes import api, auth, users
  File "/home/hypenet/web/servicehub.hypenet.ro/public_html/shub/servicehub/classes/api.py", line 18, in <module>
    from .models import *
ModuleNotFoundError: No module named 'servicehub.classes.models'

During handling of the above exception, another exception occurred:

Traceback (most recent call last):
  File "/home/rvrp_webuser/web/rv-rp.ro/public_html/reverserp-venv/lib/python3.11/site-packages/gunicorn/workers/sync.py", line 134, in handle
    self.handle_request(listener, req, client, addr)
  File "/home/rvrp_webuser/web/rv-rp.ro/public_html/reverserp-venv/lib/python3.11/site-packages/gunicorn/workers/sync.py", line 177, in handle_request
    respiter = self.wsgi(environ, resp.start_response)
               ^^^^^^^^^^^^^^^^^^^^^^^^^^^^^^^^^^^^^^^
  File "/home/rvrp_webuser/web/rv-rp.ro/public_html/reverserp-venv/lib/python3.11/site-packages/django/core/handlers/wsgi.py", line 124, in __call__
    response = self.get_response(request)
               ^^^^^^^^^^^^^^^^^^^^^^^^^^
  File "/home/rvrp_webuser/web/rv-rp.ro/public_html/reverserp-venv/lib/python3.11/site-packages/django/core/handlers/base.py", line 140, in get_response
    response = self._middleware_chain(request)
               ^^^^^^^^^^^^^^^^^^^^^^^^^^^^^^^
  File "/home/rvrp_webuser/web/rv-rp.ro/public_html/reverserp-venv/lib/python3.11/site-packages/django/core/handlers/exception.py", line 57, in inner
    response = response_for_exception(request, exc)
               ^^^^^^^^^^^^^^^^^^^^^^^^^^^^^^^^^^^^
  File "/home/rvrp_webuser/web/rv-rp.ro/public_html/reverserp-venv/lib/python3.11/site-packages/django/core/handlers/exception.py", line 140, in response_for_exception
    response = handle_uncaught_exception(
               ^^^^^^^^^^^^^^^^^^^^^^^^^^
  File "/home/rvrp_webuser/web/rv-rp.ro/public_html/reverserp-venv/lib/python3.11/site-packages/django/core/handlers/exception.py", line 181, in handle_uncaught_exception
    return debug.technical_500_response(request, *exc_info)
           ^^^^^^^^^^^^^^^^^^^^^^^^^^^^^^^^^^^^^^^^^^^^^^^^
  File "/home/rvrp_webuser/web/rv-rp.ro/public_html/reverserp-venv/lib/python3.11/site-packages/django/views/debug.py", line 67, in technical_500_response
    html = reporter.get_traceback_html()
           ^^^^^^^^^^^^^^^^^^^^^^^^^^^^^
  File "/home/rvrp_webuser/web/rv-rp.ro/public_html/reverserp-venv/lib/python3.11/site-packages/django/views/debug.py", line 410, in get_traceback_html
    c = Context(self.get_traceback_data(), use_l10n=False)
                ^^^^^^^^^^^^^^^^^^^^^^^^^
  File "/home/rvrp_webuser/web/rv-rp.ro/public_html/reverserp-venv/lib/python3.11/site-packages/django/views/debug.py", line 393, in get_traceback_data
    c["raising_view_name"] = get_caller(self.request)
                             ^^^^^^^^^^^^^^^^^^^^^^^^
  File "/home/rvrp_webuser/web/rv-rp.ro/public_html/reverserp-venv/lib/python3.11/site-packages/django/views/debug.py", line 100, in get_caller
    resolver_match = resolve(request.path)
                     ^^^^^^^^^^^^^^^^^^^^^
  File "/home/rvrp_webuser/web/rv-rp.ro/public_html/reverserp-venv/lib/python3.11/site-packages/django/urls/base.py", line 24, in resolve
    return get_resolver(urlconf).resolve(path)
           ^^^^^^^^^^^^^^^^^^^^^^^^^^^^^^^^^^^
  File "/home/rvrp_webuser/web/rv-rp.ro/public_html/reverserp-venv/lib/python3.11/site-packages/django/urls/resolvers.py", line 663, in resolve
    for pattern in self.url_patterns:
                   ^^^^^^^^^^^^^^^^^
  File "/home/rvrp_webuser/web/rv-rp.ro/public_html/reverserp-venv/lib/python3.11/site-packages/django/utils/functional.py", line 57, in __get__
    res = instance.__dict__[self.name] = self.func(instance)
                                         ^^^^^^^^^^^^^^^^^^^
  File "/home/rvrp_webuser/web/rv-rp.ro/public_html/reverserp-venv/lib/python3.11/site-packages/django/urls/resolvers.py", line 715, in url_patterns
    patterns = getattr(self.urlconf_module, "urlpatterns", self.urlconf_module)
                       ^^^^^^^^^^^^^^^^^^^
  File "/home/rvrp_webuser/web/rv-rp.ro/public_html/reverserp-venv/lib/python3.11/site-packages/django/utils/functional.py", line 57, in __get__
    res = instance.__dict__[self.name] = self.func(instance)
                                         ^^^^^^^^^^^^^^^^^^^
  File "/home/rvrp_webuser/web/rv-rp.ro/public_html/reverserp-venv/lib/python3.11/site-packages/django/urls/resolvers.py", line 708, in urlconf_module
    return import_module(self.urlconf_name)
           ^^^^^^^^^^^^^^^^^^^^^^^^^^^^^^^^
  File "/usr/lib/python3.11/importlib/__init__.py", line 126, in import_module
    return _bootstrap._gcd_import(name[level:], package, level)
           ^^^^^^^^^^^^^^^^^^^^^^^^^^^^^^^^^^^^^^^^^^^^^^^^^^^^
  File "<frozen importlib._bootstrap>", line 1206, in _gcd_import
  File "<frozen importlib._bootstrap>", line 1178, in _find_and_load
  File "<frozen importlib._bootstrap>", line 1149, in _find_and_load_unlocked
  File "<frozen importlib._bootstrap>", line 690, in _load_unlocked
  File "<frozen importlib._bootstrap_external>", line 940, in exec_module
  File "<frozen importlib._bootstrap>", line 241, in _call_with_frames_removed
  File "/home/hypenet/web/servicehub.hypenet.ro/public_html/shub/servicehub/urls.py", line 3, in <module>
    from .classes import api, auth, users
  File "/home/hypenet/web/servicehub.hypenet.ro/public_html/shub/servicehub/classes/api.py", line 18, in <module>
    from .models import *
ModuleNotFoundError: No module named 'servicehub.classes.models'
[2025-07-15 12:53:31 +0000] [1122450] [ERROR] Error handling request /error/404.html
Traceback (most recent call last):
  File "/home/rvrp_webuser/web/rv-rp.ro/public_html/reverserp-venv/lib/python3.11/site-packages/django/core/handlers/exception.py", line 55, in inner
    response = get_response(request)
               ^^^^^^^^^^^^^^^^^^^^^
  File "/home/rvrp_webuser/web/rv-rp.ro/public_html/reverserp-venv/lib/python3.11/site-packages/django/core/handlers/base.py", line 181, in _get_response
    callback, callback_args, callback_kwargs = self.resolve_request(request)
                                               ^^^^^^^^^^^^^^^^^^^^^^^^^^^^^
  File "/home/rvrp_webuser/web/rv-rp.ro/public_html/reverserp-venv/lib/python3.11/site-packages/django/core/handlers/base.py", line 313, in resolve_request
    resolver_match = resolver.resolve(request.path_info)
                     ^^^^^^^^^^^^^^^^^^^^^^^^^^^^^^^^^^^
  File "/home/rvrp_webuser/web/rv-rp.ro/public_html/reverserp-venv/lib/python3.11/site-packages/django/urls/resolvers.py", line 663, in resolve
    for pattern in self.url_patterns:
                   ^^^^^^^^^^^^^^^^^
  File "/home/rvrp_webuser/web/rv-rp.ro/public_html/reverserp-venv/lib/python3.11/site-packages/django/utils/functional.py", line 57, in __get__
    res = instance.__dict__[self.name] = self.func(instance)
                                         ^^^^^^^^^^^^^^^^^^^
  File "/home/rvrp_webuser/web/rv-rp.ro/public_html/reverserp-venv/lib/python3.11/site-packages/django/urls/resolvers.py", line 715, in url_patterns
    patterns = getattr(self.urlconf_module, "urlpatterns", self.urlconf_module)
                       ^^^^^^^^^^^^^^^^^^^
  File "/home/rvrp_webuser/web/rv-rp.ro/public_html/reverserp-venv/lib/python3.11/site-packages/django/utils/functional.py", line 57, in __get__
    res = instance.__dict__[self.name] = self.func(instance)
                                         ^^^^^^^^^^^^^^^^^^^
  File "/home/rvrp_webuser/web/rv-rp.ro/public_html/reverserp-venv/lib/python3.11/site-packages/django/urls/resolvers.py", line 708, in urlconf_module
    return import_module(self.urlconf_name)
           ^^^^^^^^^^^^^^^^^^^^^^^^^^^^^^^^
  File "/usr/lib/python3.11/importlib/__init__.py", line 126, in import_module
    return _bootstrap._gcd_import(name[level:], package, level)
           ^^^^^^^^^^^^^^^^^^^^^^^^^^^^^^^^^^^^^^^^^^^^^^^^^^^^
  File "<frozen importlib._bootstrap>", line 1206, in _gcd_import
  File "<frozen importlib._bootstrap>", line 1178, in _find_and_load
  File "<frozen importlib._bootstrap>", line 1149, in _find_and_load_unlocked
  File "<frozen importlib._bootstrap>", line 690, in _load_unlocked
  File "<frozen importlib._bootstrap_external>", line 940, in exec_module
  File "<frozen importlib._bootstrap>", line 241, in _call_with_frames_removed
  File "/home/hypenet/web/servicehub.hypenet.ro/public_html/shub/servicehub/urls.py", line 3, in <module>
    from .classes import api, auth, users
  File "/home/hypenet/web/servicehub.hypenet.ro/public_html/shub/servicehub/classes/api.py", line 18, in <module>
    from .models import *
ModuleNotFoundError: No module named 'servicehub.classes.models'

During handling of the above exception, another exception occurred:

Traceback (most recent call last):
  File "/home/rvrp_webuser/web/rv-rp.ro/public_html/reverserp-venv/lib/python3.11/site-packages/django/core/handlers/exception.py", line 55, in inner
    response = get_response(request)
               ^^^^^^^^^^^^^^^^^^^^^
  File "/home/rvrp_webuser/web/rv-rp.ro/public_html/reverserp-venv/lib/python3.11/site-packages/django/utils/deprecation.py", line 134, in __call__
    response = response or self.get_response(request)
                           ^^^^^^^^^^^^^^^^^^^^^^^^^^
  File "/home/rvrp_webuser/web/rv-rp.ro/public_html/reverserp-venv/lib/python3.11/site-packages/django/core/handlers/exception.py", line 57, in inner
    response = response_for_exception(request, exc)
               ^^^^^^^^^^^^^^^^^^^^^^^^^^^^^^^^^^^^
  File "/home/rvrp_webuser/web/rv-rp.ro/public_html/reverserp-venv/lib/python3.11/site-packages/django/core/handlers/exception.py", line 140, in response_for_exception
    response = handle_uncaught_exception(
               ^^^^^^^^^^^^^^^^^^^^^^^^^^
  File "/home/rvrp_webuser/web/rv-rp.ro/public_html/reverserp-venv/lib/python3.11/site-packages/django/core/handlers/exception.py", line 181, in handle_uncaught_exception
    return debug.technical_500_response(request, *exc_info)
           ^^^^^^^^^^^^^^^^^^^^^^^^^^^^^^^^^^^^^^^^^^^^^^^^
  File "/home/rvrp_webuser/web/rv-rp.ro/public_html/reverserp-venv/lib/python3.11/site-packages/django/views/debug.py", line 67, in technical_500_response
    html = reporter.get_traceback_html()
           ^^^^^^^^^^^^^^^^^^^^^^^^^^^^^
  File "/home/rvrp_webuser/web/rv-rp.ro/public_html/reverserp-venv/lib/python3.11/site-packages/django/views/debug.py", line 410, in get_traceback_html
    c = Context(self.get_traceback_data(), use_l10n=False)
                ^^^^^^^^^^^^^^^^^^^^^^^^^
  File "/home/rvrp_webuser/web/rv-rp.ro/public_html/reverserp-venv/lib/python3.11/site-packages/django/views/debug.py", line 393, in get_traceback_data
    c["raising_view_name"] = get_caller(self.request)
                             ^^^^^^^^^^^^^^^^^^^^^^^^
  File "/home/rvrp_webuser/web/rv-rp.ro/public_html/reverserp-venv/lib/python3.11/site-packages/django/views/debug.py", line 100, in get_caller
    resolver_match = resolve(request.path)
                     ^^^^^^^^^^^^^^^^^^^^^
  File "/home/rvrp_webuser/web/rv-rp.ro/public_html/reverserp-venv/lib/python3.11/site-packages/django/urls/base.py", line 24, in resolve
    return get_resolver(urlconf).resolve(path)
           ^^^^^^^^^^^^^^^^^^^^^^^^^^^^^^^^^^^
  File "/home/rvrp_webuser/web/rv-rp.ro/public_html/reverserp-venv/lib/python3.11/site-packages/django/urls/resolvers.py", line 663, in resolve
    for pattern in self.url_patterns:
                   ^^^^^^^^^^^^^^^^^
  File "/home/rvrp_webuser/web/rv-rp.ro/public_html/reverserp-venv/lib/python3.11/site-packages/django/utils/functional.py", line 57, in __get__
    res = instance.__dict__[self.name] = self.func(instance)
                                         ^^^^^^^^^^^^^^^^^^^
  File "/home/rvrp_webuser/web/rv-rp.ro/public_html/reverserp-venv/lib/python3.11/site-packages/django/urls/resolvers.py", line 715, in url_patterns
    patterns = getattr(self.urlconf_module, "urlpatterns", self.urlconf_module)
                       ^^^^^^^^^^^^^^^^^^^
  File "/home/rvrp_webuser/web/rv-rp.ro/public_html/reverserp-venv/lib/python3.11/site-packages/django/utils/functional.py", line 57, in __get__
    res = instance.__dict__[self.name] = self.func(instance)
                                         ^^^^^^^^^^^^^^^^^^^
  File "/home/rvrp_webuser/web/rv-rp.ro/public_html/reverserp-venv/lib/python3.11/site-packages/django/urls/resolvers.py", line 708, in urlconf_module
    return import_module(self.urlconf_name)
           ^^^^^^^^^^^^^^^^^^^^^^^^^^^^^^^^
  File "/usr/lib/python3.11/importlib/__init__.py", line 126, in import_module
    return _bootstrap._gcd_import(name[level:], package, level)
           ^^^^^^^^^^^^^^^^^^^^^^^^^^^^^^^^^^^^^^^^^^^^^^^^^^^^
  File "<frozen importlib._bootstrap>", line 1206, in _gcd_import
  File "<frozen importlib._bootstrap>", line 1178, in _find_and_load
  File "<frozen importlib._bootstrap>", line 1149, in _find_and_load_unlocked
  File "<frozen importlib._bootstrap>", line 690, in _load_unlocked
  File "<frozen importlib._bootstrap_external>", line 940, in exec_module
  File "<frozen importlib._bootstrap>", line 241, in _call_with_frames_removed
  File "/home/hypenet/web/servicehub.hypenet.ro/public_html/shub/servicehub/urls.py", line 3, in <module>
    from .classes import api, auth, users
  File "/home/hypenet/web/servicehub.hypenet.ro/public_html/shub/servicehub/classes/api.py", line 18, in <module>
    from .models import *
ModuleNotFoundError: No module named 'servicehub.classes.models'

During handling of the above exception, another exception occurred:

Traceback (most recent call last):
  File "/home/rvrp_webuser/web/rv-rp.ro/public_html/reverserp-venv/lib/python3.11/site-packages/django/core/handlers/exception.py", line 55, in inner
    response = get_response(request)
               ^^^^^^^^^^^^^^^^^^^^^
  File "/home/rvrp_webuser/web/rv-rp.ro/public_html/reverserp-venv/lib/python3.11/site-packages/django/utils/deprecation.py", line 134, in __call__
    response = response or self.get_response(request)
                           ^^^^^^^^^^^^^^^^^^^^^^^^^^
  File "/home/rvrp_webuser/web/rv-rp.ro/public_html/reverserp-venv/lib/python3.11/site-packages/django/core/handlers/exception.py", line 57, in inner
    response = response_for_exception(request, exc)
               ^^^^^^^^^^^^^^^^^^^^^^^^^^^^^^^^^^^^
  File "/home/rvrp_webuser/web/rv-rp.ro/public_html/reverserp-venv/lib/python3.11/site-packages/django/core/handlers/exception.py", line 140, in response_for_exception
    response = handle_uncaught_exception(
               ^^^^^^^^^^^^^^^^^^^^^^^^^^
  File "/home/rvrp_webuser/web/rv-rp.ro/public_html/reverserp-venv/lib/python3.11/site-packages/django/core/handlers/exception.py", line 181, in handle_uncaught_exception
    return debug.technical_500_response(request, *exc_info)
           ^^^^^^^^^^^^^^^^^^^^^^^^^^^^^^^^^^^^^^^^^^^^^^^^
  File "/home/rvrp_webuser/web/rv-rp.ro/public_html/reverserp-venv/lib/python3.11/site-packages/django/views/debug.py", line 67, in technical_500_response
    html = reporter.get_traceback_html()
           ^^^^^^^^^^^^^^^^^^^^^^^^^^^^^
  File "/home/rvrp_webuser/web/rv-rp.ro/public_html/reverserp-venv/lib/python3.11/site-packages/django/views/debug.py", line 410, in get_traceback_html
    c = Context(self.get_traceback_data(), use_l10n=False)
                ^^^^^^^^^^^^^^^^^^^^^^^^^
  File "/home/rvrp_webuser/web/rv-rp.ro/public_html/reverserp-venv/lib/python3.11/site-packages/django/views/debug.py", line 393, in get_traceback_data
    c["raising_view_name"] = get_caller(self.request)
                             ^^^^^^^^^^^^^^^^^^^^^^^^
  File "/home/rvrp_webuser/web/rv-rp.ro/public_html/reverserp-venv/lib/python3.11/site-packages/django/views/debug.py", line 100, in get_caller
    resolver_match = resolve(request.path)
                     ^^^^^^^^^^^^^^^^^^^^^
  File "/home/rvrp_webuser/web/rv-rp.ro/public_html/reverserp-venv/lib/python3.11/site-packages/django/urls/base.py", line 24, in resolve
    return get_resolver(urlconf).resolve(path)
           ^^^^^^^^^^^^^^^^^^^^^^^^^^^^^^^^^^^
  File "/home/rvrp_webuser/web/rv-rp.ro/public_html/reverserp-venv/lib/python3.11/site-packages/django/urls/resolvers.py", line 663, in resolve
    for pattern in self.url_patterns:
                   ^^^^^^^^^^^^^^^^^
  File "/home/rvrp_webuser/web/rv-rp.ro/public_html/reverserp-venv/lib/python3.11/site-packages/django/utils/functional.py", line 57, in __get__
    res = instance.__dict__[self.name] = self.func(instance)
                                         ^^^^^^^^^^^^^^^^^^^
  File "/home/rvrp_webuser/web/rv-rp.ro/public_html/reverserp-venv/lib/python3.11/site-packages/django/urls/resolvers.py", line 715, in url_patterns
    patterns = getattr(self.urlconf_module, "urlpatterns", self.urlconf_module)
                       ^^^^^^^^^^^^^^^^^^^
  File "/home/rvrp_webuser/web/rv-rp.ro/public_html/reverserp-venv/lib/python3.11/site-packages/django/utils/functional.py", line 57, in __get__
    res = instance.__dict__[self.name] = self.func(instance)
                                         ^^^^^^^^^^^^^^^^^^^
  File "/home/rvrp_webuser/web/rv-rp.ro/public_html/reverserp-venv/lib/python3.11/site-packages/django/urls/resolvers.py", line 708, in urlconf_module
    return import_module(self.urlconf_name)
           ^^^^^^^^^^^^^^^^^^^^^^^^^^^^^^^^
  File "/usr/lib/python3.11/importlib/__init__.py", line 126, in import_module
    return _bootstrap._gcd_import(name[level:], package, level)
           ^^^^^^^^^^^^^^^^^^^^^^^^^^^^^^^^^^^^^^^^^^^^^^^^^^^^
  File "<frozen importlib._bootstrap>", line 1206, in _gcd_import
  File "<frozen importlib._bootstrap>", line 1178, in _find_and_load
  File "<frozen importlib._bootstrap>", line 1149, in _find_and_load_unlocked
  File "<frozen importlib._bootstrap>", line 690, in _load_unlocked
  File "<frozen importlib._bootstrap_external>", line 940, in exec_module
  File "<frozen importlib._bootstrap>", line 241, in _call_with_frames_removed
  File "/home/hypenet/web/servicehub.hypenet.ro/public_html/shub/servicehub/urls.py", line 3, in <module>
    from .classes import api, auth, users
  File "/home/hypenet/web/servicehub.hypenet.ro/public_html/shub/servicehub/classes/api.py", line 18, in <module>
    from .models import *
ModuleNotFoundError: No module named 'servicehub.classes.models'

During handling of the above exception, another exception occurred:

Traceback (most recent call last):
  File "/home/rvrp_webuser/web/rv-rp.ro/public_html/reverserp-venv/lib/python3.11/site-packages/django/core/handlers/exception.py", line 55, in inner
    response = get_response(request)
               ^^^^^^^^^^^^^^^^^^^^^
  File "/home/rvrp_webuser/web/rv-rp.ro/public_html/reverserp-venv/lib/python3.11/site-packages/django/utils/deprecation.py", line 134, in __call__
    response = response or self.get_response(request)
                           ^^^^^^^^^^^^^^^^^^^^^^^^^^
  File "/home/rvrp_webuser/web/rv-rp.ro/public_html/reverserp-venv/lib/python3.11/site-packages/django/core/handlers/exception.py", line 57, in inner
    response = response_for_exception(request, exc)
               ^^^^^^^^^^^^^^^^^^^^^^^^^^^^^^^^^^^^
  File "/home/rvrp_webuser/web/rv-rp.ro/public_html/reverserp-venv/lib/python3.11/site-packages/django/core/handlers/exception.py", line 140, in response_for_exception
    response = handle_uncaught_exception(
               ^^^^^^^^^^^^^^^^^^^^^^^^^^
  File "/home/rvrp_webuser/web/rv-rp.ro/public_html/reverserp-venv/lib/python3.11/site-packages/django/core/handlers/exception.py", line 181, in handle_uncaught_exception
    return debug.technical_500_response(request, *exc_info)
           ^^^^^^^^^^^^^^^^^^^^^^^^^^^^^^^^^^^^^^^^^^^^^^^^
  File "/home/rvrp_webuser/web/rv-rp.ro/public_html/reverserp-venv/lib/python3.11/site-packages/django/views/debug.py", line 67, in technical_500_response
    html = reporter.get_traceback_html()
           ^^^^^^^^^^^^^^^^^^^^^^^^^^^^^
  File "/home/rvrp_webuser/web/rv-rp.ro/public_html/reverserp-venv/lib/python3.11/site-packages/django/views/debug.py", line 410, in get_traceback_html
    c = Context(self.get_traceback_data(), use_l10n=False)
                ^^^^^^^^^^^^^^^^^^^^^^^^^
  File "/home/rvrp_webuser/web/rv-rp.ro/public_html/reverserp-venv/lib/python3.11/site-packages/django/views/debug.py", line 393, in get_traceback_data
    c["raising_view_name"] = get_caller(self.request)
                             ^^^^^^^^^^^^^^^^^^^^^^^^
  File "/home/rvrp_webuser/web/rv-rp.ro/public_html/reverserp-venv/lib/python3.11/site-packages/django/views/debug.py", line 100, in get_caller
    resolver_match = resolve(request.path)
                     ^^^^^^^^^^^^^^^^^^^^^
  File "/home/rvrp_webuser/web/rv-rp.ro/public_html/reverserp-venv/lib/python3.11/site-packages/django/urls/base.py", line 24, in resolve
    return get_resolver(urlconf).resolve(path)
           ^^^^^^^^^^^^^^^^^^^^^^^^^^^^^^^^^^^
  File "/home/rvrp_webuser/web/rv-rp.ro/public_html/reverserp-venv/lib/python3.11/site-packages/django/urls/resolvers.py", line 663, in resolve
    for pattern in self.url_patterns:
                   ^^^^^^^^^^^^^^^^^
  File "/home/rvrp_webuser/web/rv-rp.ro/public_html/reverserp-venv/lib/python3.11/site-packages/django/utils/functional.py", line 57, in __get__
    res = instance.__dict__[self.name] = self.func(instance)
                                         ^^^^^^^^^^^^^^^^^^^
  File "/home/rvrp_webuser/web/rv-rp.ro/public_html/reverserp-venv/lib/python3.11/site-packages/django/urls/resolvers.py", line 715, in url_patterns
    patterns = getattr(self.urlconf_module, "urlpatterns", self.urlconf_module)
                       ^^^^^^^^^^^^^^^^^^^
  File "/home/rvrp_webuser/web/rv-rp.ro/public_html/reverserp-venv/lib/python3.11/site-packages/django/utils/functional.py", line 57, in __get__
    res = instance.__dict__[self.name] = self.func(instance)
                                         ^^^^^^^^^^^^^^^^^^^
  File "/home/rvrp_webuser/web/rv-rp.ro/public_html/reverserp-venv/lib/python3.11/site-packages/django/urls/resolvers.py", line 708, in urlconf_module
    return import_module(self.urlconf_name)
           ^^^^^^^^^^^^^^^^^^^^^^^^^^^^^^^^
  File "/usr/lib/python3.11/importlib/__init__.py", line 126, in import_module
    return _bootstrap._gcd_import(name[level:], package, level)
           ^^^^^^^^^^^^^^^^^^^^^^^^^^^^^^^^^^^^^^^^^^^^^^^^^^^^
  File "<frozen importlib._bootstrap>", line 1206, in _gcd_import
  File "<frozen importlib._bootstrap>", line 1178, in _find_and_load
  File "<frozen importlib._bootstrap>", line 1149, in _find_and_load_unlocked
  File "<frozen importlib._bootstrap>", line 690, in _load_unlocked
  File "<frozen importlib._bootstrap_external>", line 940, in exec_module
  File "<frozen importlib._bootstrap>", line 241, in _call_with_frames_removed
  File "/home/hypenet/web/servicehub.hypenet.ro/public_html/shub/servicehub/urls.py", line 3, in <module>
    from .classes import api, auth, users
  File "/home/hypenet/web/servicehub.hypenet.ro/public_html/shub/servicehub/classes/api.py", line 18, in <module>
    from .models import *
ModuleNotFoundError: No module named 'servicehub.classes.models'

During handling of the above exception, another exception occurred:

Traceback (most recent call last):
  File "/home/rvrp_webuser/web/rv-rp.ro/public_html/reverserp-venv/lib/python3.11/site-packages/django/core/handlers/exception.py", line 55, in inner
    response = get_response(request)
               ^^^^^^^^^^^^^^^^^^^^^
  File "/home/rvrp_webuser/web/rv-rp.ro/public_html/reverserp-venv/lib/python3.11/site-packages/django/utils/deprecation.py", line 134, in __call__
    response = response or self.get_response(request)
                           ^^^^^^^^^^^^^^^^^^^^^^^^^^
  File "/home/rvrp_webuser/web/rv-rp.ro/public_html/reverserp-venv/lib/python3.11/site-packages/django/core/handlers/exception.py", line 57, in inner
    response = response_for_exception(request, exc)
               ^^^^^^^^^^^^^^^^^^^^^^^^^^^^^^^^^^^^
  File "/home/rvrp_webuser/web/rv-rp.ro/public_html/reverserp-venv/lib/python3.11/site-packages/django/core/handlers/exception.py", line 140, in response_for_exception
    response = handle_uncaught_exception(
               ^^^^^^^^^^^^^^^^^^^^^^^^^^
  File "/home/rvrp_webuser/web/rv-rp.ro/public_html/reverserp-venv/lib/python3.11/site-packages/django/core/handlers/exception.py", line 181, in handle_uncaught_exception
    return debug.technical_500_response(request, *exc_info)
           ^^^^^^^^^^^^^^^^^^^^^^^^^^^^^^^^^^^^^^^^^^^^^^^^
  File "/home/rvrp_webuser/web/rv-rp.ro/public_html/reverserp-venv/lib/python3.11/site-packages/django/views/debug.py", line 67, in technical_500_response
    html = reporter.get_traceback_html()
           ^^^^^^^^^^^^^^^^^^^^^^^^^^^^^
  File "/home/rvrp_webuser/web/rv-rp.ro/public_html/reverserp-venv/lib/python3.11/site-packages/django/views/debug.py", line 410, in get_traceback_html
    c = Context(self.get_traceback_data(), use_l10n=False)
                ^^^^^^^^^^^^^^^^^^^^^^^^^
  File "/home/rvrp_webuser/web/rv-rp.ro/public_html/reverserp-venv/lib/python3.11/site-packages/django/views/debug.py", line 393, in get_traceback_data
    c["raising_view_name"] = get_caller(self.request)
                             ^^^^^^^^^^^^^^^^^^^^^^^^
  File "/home/rvrp_webuser/web/rv-rp.ro/public_html/reverserp-venv/lib/python3.11/site-packages/django/views/debug.py", line 100, in get_caller
    resolver_match = resolve(request.path)
                     ^^^^^^^^^^^^^^^^^^^^^
  File "/home/rvrp_webuser/web/rv-rp.ro/public_html/reverserp-venv/lib/python3.11/site-packages/django/urls/base.py", line 24, in resolve
    return get_resolver(urlconf).resolve(path)
           ^^^^^^^^^^^^^^^^^^^^^^^^^^^^^^^^^^^
  File "/home/rvrp_webuser/web/rv-rp.ro/public_html/reverserp-venv/lib/python3.11/site-packages/django/urls/resolvers.py", line 663, in resolve
    for pattern in self.url_patterns:
                   ^^^^^^^^^^^^^^^^^
  File "/home/rvrp_webuser/web/rv-rp.ro/public_html/reverserp-venv/lib/python3.11/site-packages/django/utils/functional.py", line 57, in __get__
    res = instance.__dict__[self.name] = self.func(instance)
                                         ^^^^^^^^^^^^^^^^^^^
  File "/home/rvrp_webuser/web/rv-rp.ro/public_html/reverserp-venv/lib/python3.11/site-packages/django/urls/resolvers.py", line 715, in url_patterns
    patterns = getattr(self.urlconf_module, "urlpatterns", self.urlconf_module)
                       ^^^^^^^^^^^^^^^^^^^
  File "/home/rvrp_webuser/web/rv-rp.ro/public_html/reverserp-venv/lib/python3.11/site-packages/django/utils/functional.py", line 57, in __get__
    res = instance.__dict__[self.name] = self.func(instance)
                                         ^^^^^^^^^^^^^^^^^^^
  File "/home/rvrp_webuser/web/rv-rp.ro/public_html/reverserp-venv/lib/python3.11/site-packages/django/urls/resolvers.py", line 708, in urlconf_module
    return import_module(self.urlconf_name)
           ^^^^^^^^^^^^^^^^^^^^^^^^^^^^^^^^
  File "/usr/lib/python3.11/importlib/__init__.py", line 126, in import_module
    return _bootstrap._gcd_import(name[level:], package, level)
           ^^^^^^^^^^^^^^^^^^^^^^^^^^^^^^^^^^^^^^^^^^^^^^^^^^^^
  File "<frozen importlib._bootstrap>", line 1206, in _gcd_import
  File "<frozen importlib._bootstrap>", line 1178, in _find_and_load
  File "<frozen importlib._bootstrap>", line 1149, in _find_and_load_unlocked
  File "<frozen importlib._bootstrap>", line 690, in _load_unlocked
  File "<frozen importlib._bootstrap_external>", line 940, in exec_module
  File "<frozen importlib._bootstrap>", line 241, in _call_with_frames_removed
  File "/home/hypenet/web/servicehub.hypenet.ro/public_html/shub/servicehub/urls.py", line 3, in <module>
    from .classes import api, auth, users
  File "/home/hypenet/web/servicehub.hypenet.ro/public_html/shub/servicehub/classes/api.py", line 18, in <module>
    from .models import *
ModuleNotFoundError: No module named 'servicehub.classes.models'

During handling of the above exception, another exception occurred:

Traceback (most recent call last):
  File "/home/rvrp_webuser/web/rv-rp.ro/public_html/reverserp-venv/lib/python3.11/site-packages/django/core/handlers/exception.py", line 55, in inner
    response = get_response(request)
               ^^^^^^^^^^^^^^^^^^^^^
  File "/home/rvrp_webuser/web/rv-rp.ro/public_html/reverserp-venv/lib/python3.11/site-packages/django/utils/deprecation.py", line 134, in __call__
    response = response or self.get_response(request)
                           ^^^^^^^^^^^^^^^^^^^^^^^^^^
  File "/home/rvrp_webuser/web/rv-rp.ro/public_html/reverserp-venv/lib/python3.11/site-packages/django/core/handlers/exception.py", line 57, in inner
    response = response_for_exception(request, exc)
               ^^^^^^^^^^^^^^^^^^^^^^^^^^^^^^^^^^^^
  File "/home/rvrp_webuser/web/rv-rp.ro/public_html/reverserp-venv/lib/python3.11/site-packages/django/core/handlers/exception.py", line 140, in response_for_exception
    response = handle_uncaught_exception(
               ^^^^^^^^^^^^^^^^^^^^^^^^^^
  File "/home/rvrp_webuser/web/rv-rp.ro/public_html/reverserp-venv/lib/python3.11/site-packages/django/core/handlers/exception.py", line 181, in handle_uncaught_exception
    return debug.technical_500_response(request, *exc_info)
           ^^^^^^^^^^^^^^^^^^^^^^^^^^^^^^^^^^^^^^^^^^^^^^^^
  File "/home/rvrp_webuser/web/rv-rp.ro/public_html/reverserp-venv/lib/python3.11/site-packages/django/views/debug.py", line 67, in technical_500_response
    html = reporter.get_traceback_html()
           ^^^^^^^^^^^^^^^^^^^^^^^^^^^^^
  File "/home/rvrp_webuser/web/rv-rp.ro/public_html/reverserp-venv/lib/python3.11/site-packages/django/views/debug.py", line 410, in get_traceback_html
    c = Context(self.get_traceback_data(), use_l10n=False)
                ^^^^^^^^^^^^^^^^^^^^^^^^^
  File "/home/rvrp_webuser/web/rv-rp.ro/public_html/reverserp-venv/lib/python3.11/site-packages/django/views/debug.py", line 393, in get_traceback_data
    c["raising_view_name"] = get_caller(self.request)
                             ^^^^^^^^^^^^^^^^^^^^^^^^
  File "/home/rvrp_webuser/web/rv-rp.ro/public_html/reverserp-venv/lib/python3.11/site-packages/django/views/debug.py", line 100, in get_caller
    resolver_match = resolve(request.path)
                     ^^^^^^^^^^^^^^^^^^^^^
  File "/home/rvrp_webuser/web/rv-rp.ro/public_html/reverserp-venv/lib/python3.11/site-packages/django/urls/base.py", line 24, in resolve
    return get_resolver(urlconf).resolve(path)
           ^^^^^^^^^^^^^^^^^^^^^^^^^^^^^^^^^^^
  File "/home/rvrp_webuser/web/rv-rp.ro/public_html/reverserp-venv/lib/python3.11/site-packages/django/urls/resolvers.py", line 663, in resolve
    for pattern in self.url_patterns:
                   ^^^^^^^^^^^^^^^^^
  File "/home/rvrp_webuser/web/rv-rp.ro/public_html/reverserp-venv/lib/python3.11/site-packages/django/utils/functional.py", line 57, in __get__
    res = instance.__dict__[self.name] = self.func(instance)
                                         ^^^^^^^^^^^^^^^^^^^
  File "/home/rvrp_webuser/web/rv-rp.ro/public_html/reverserp-venv/lib/python3.11/site-packages/django/urls/resolvers.py", line 715, in url_patterns
    patterns = getattr(self.urlconf_module, "urlpatterns", self.urlconf_module)
                       ^^^^^^^^^^^^^^^^^^^
  File "/home/rvrp_webuser/web/rv-rp.ro/public_html/reverserp-venv/lib/python3.11/site-packages/django/utils/functional.py", line 57, in __get__
    res = instance.__dict__[self.name] = self.func(instance)
                                         ^^^^^^^^^^^^^^^^^^^
  File "/home/rvrp_webuser/web/rv-rp.ro/public_html/reverserp-venv/lib/python3.11/site-packages/django/urls/resolvers.py", line 708, in urlconf_module
    return import_module(self.urlconf_name)
           ^^^^^^^^^^^^^^^^^^^^^^^^^^^^^^^^
  File "/usr/lib/python3.11/importlib/__init__.py", line 126, in import_module
    return _bootstrap._gcd_import(name[level:], package, level)
           ^^^^^^^^^^^^^^^^^^^^^^^^^^^^^^^^^^^^^^^^^^^^^^^^^^^^
  File "<frozen importlib._bootstrap>", line 1206, in _gcd_import
  File "<frozen importlib._bootstrap>", line 1178, in _find_and_load
  File "<frozen importlib._bootstrap>", line 1149, in _find_and_load_unlocked
  File "<frozen importlib._bootstrap>", line 690, in _load_unlocked
  File "<frozen importlib._bootstrap_external>", line 940, in exec_module
  File "<frozen importlib._bootstrap>", line 241, in _call_with_frames_removed
  File "/home/hypenet/web/servicehub.hypenet.ro/public_html/shub/servicehub/urls.py", line 3, in <module>
    from .classes import api, auth, users
  File "/home/hypenet/web/servicehub.hypenet.ro/public_html/shub/servicehub/classes/api.py", line 18, in <module>
    from .models import *
ModuleNotFoundError: No module named 'servicehub.classes.models'

During handling of the above exception, another exception occurred:

Traceback (most recent call last):
  File "/home/rvrp_webuser/web/rv-rp.ro/public_html/reverserp-venv/lib/python3.11/site-packages/django/core/handlers/exception.py", line 55, in inner
    response = get_response(request)
               ^^^^^^^^^^^^^^^^^^^^^
  File "/home/rvrp_webuser/web/rv-rp.ro/public_html/reverserp-venv/lib/python3.11/site-packages/django/utils/deprecation.py", line 134, in __call__
    response = response or self.get_response(request)
                           ^^^^^^^^^^^^^^^^^^^^^^^^^^
  File "/home/rvrp_webuser/web/rv-rp.ro/public_html/reverserp-venv/lib/python3.11/site-packages/django/core/handlers/exception.py", line 57, in inner
    response = response_for_exception(request, exc)
               ^^^^^^^^^^^^^^^^^^^^^^^^^^^^^^^^^^^^
  File "/home/rvrp_webuser/web/rv-rp.ro/public_html/reverserp-venv/lib/python3.11/site-packages/django/core/handlers/exception.py", line 140, in response_for_exception
    response = handle_uncaught_exception(
               ^^^^^^^^^^^^^^^^^^^^^^^^^^
  File "/home/rvrp_webuser/web/rv-rp.ro/public_html/reverserp-venv/lib/python3.11/site-packages/django/core/handlers/exception.py", line 181, in handle_uncaught_exception
    return debug.technical_500_response(request, *exc_info)
           ^^^^^^^^^^^^^^^^^^^^^^^^^^^^^^^^^^^^^^^^^^^^^^^^
  File "/home/rvrp_webuser/web/rv-rp.ro/public_html/reverserp-venv/lib/python3.11/site-packages/django/views/debug.py", line 67, in technical_500_response
    html = reporter.get_traceback_html()
           ^^^^^^^^^^^^^^^^^^^^^^^^^^^^^
  File "/home/rvrp_webuser/web/rv-rp.ro/public_html/reverserp-venv/lib/python3.11/site-packages/django/views/debug.py", line 410, in get_traceback_html
    c = Context(self.get_traceback_data(), use_l10n=False)
                ^^^^^^^^^^^^^^^^^^^^^^^^^
  File "/home/rvrp_webuser/web/rv-rp.ro/public_html/reverserp-venv/lib/python3.11/site-packages/django/views/debug.py", line 393, in get_traceback_data
    c["raising_view_name"] = get_caller(self.request)
                             ^^^^^^^^^^^^^^^^^^^^^^^^
  File "/home/rvrp_webuser/web/rv-rp.ro/public_html/reverserp-venv/lib/python3.11/site-packages/django/views/debug.py", line 100, in get_caller
    resolver_match = resolve(request.path)
                     ^^^^^^^^^^^^^^^^^^^^^
  File "/home/rvrp_webuser/web/rv-rp.ro/public_html/reverserp-venv/lib/python3.11/site-packages/django/urls/base.py", line 24, in resolve
    return get_resolver(urlconf).resolve(path)
           ^^^^^^^^^^^^^^^^^^^^^^^^^^^^^^^^^^^
  File "/home/rvrp_webuser/web/rv-rp.ro/public_html/reverserp-venv/lib/python3.11/site-packages/django/urls/resolvers.py", line 663, in resolve
    for pattern in self.url_patterns:
                   ^^^^^^^^^^^^^^^^^
  File "/home/rvrp_webuser/web/rv-rp.ro/public_html/reverserp-venv/lib/python3.11/site-packages/django/utils/functional.py", line 57, in __get__
    res = instance.__dict__[self.name] = self.func(instance)
                                         ^^^^^^^^^^^^^^^^^^^
  File "/home/rvrp_webuser/web/rv-rp.ro/public_html/reverserp-venv/lib/python3.11/site-packages/django/urls/resolvers.py", line 715, in url_patterns
    patterns = getattr(self.urlconf_module, "urlpatterns", self.urlconf_module)
                       ^^^^^^^^^^^^^^^^^^^
  File "/home/rvrp_webuser/web/rv-rp.ro/public_html/reverserp-venv/lib/python3.11/site-packages/django/utils/functional.py", line 57, in __get__
    res = instance.__dict__[self.name] = self.func(instance)
                                         ^^^^^^^^^^^^^^^^^^^
  File "/home/rvrp_webuser/web/rv-rp.ro/public_html/reverserp-venv/lib/python3.11/site-packages/django/urls/resolvers.py", line 708, in urlconf_module
    return import_module(self.urlconf_name)
           ^^^^^^^^^^^^^^^^^^^^^^^^^^^^^^^^
  File "/usr/lib/python3.11/importlib/__init__.py", line 126, in import_module
    return _bootstrap._gcd_import(name[level:], package, level)
           ^^^^^^^^^^^^^^^^^^^^^^^^^^^^^^^^^^^^^^^^^^^^^^^^^^^^
  File "<frozen importlib._bootstrap>", line 1206, in _gcd_import
  File "<frozen importlib._bootstrap>", line 1178, in _find_and_load
  File "<frozen importlib._bootstrap>", line 1149, in _find_and_load_unlocked
  File "<frozen importlib._bootstrap>", line 690, in _load_unlocked
  File "<frozen importlib._bootstrap_external>", line 940, in exec_module
  File "<frozen importlib._bootstrap>", line 241, in _call_with_frames_removed
  File "/home/hypenet/web/servicehub.hypenet.ro/public_html/shub/servicehub/urls.py", line 3, in <module>
    from .classes import api, auth, users
  File "/home/hypenet/web/servicehub.hypenet.ro/public_html/shub/servicehub/classes/api.py", line 18, in <module>
    from .models import *
ModuleNotFoundError: No module named 'servicehub.classes.models'

During handling of the above exception, another exception occurred:

Traceback (most recent call last):
  File "/home/rvrp_webuser/web/rv-rp.ro/public_html/reverserp-venv/lib/python3.11/site-packages/django/core/handlers/exception.py", line 55, in inner
    response = get_response(request)
               ^^^^^^^^^^^^^^^^^^^^^
  File "/home/rvrp_webuser/web/rv-rp.ro/public_html/reverserp-venv/lib/python3.11/site-packages/django/utils/deprecation.py", line 134, in __call__
    response = response or self.get_response(request)
                           ^^^^^^^^^^^^^^^^^^^^^^^^^^
  File "/home/rvrp_webuser/web/rv-rp.ro/public_html/reverserp-venv/lib/python3.11/site-packages/django/core/handlers/exception.py", line 57, in inner
    response = response_for_exception(request, exc)
               ^^^^^^^^^^^^^^^^^^^^^^^^^^^^^^^^^^^^
  File "/home/rvrp_webuser/web/rv-rp.ro/public_html/reverserp-venv/lib/python3.11/site-packages/django/core/handlers/exception.py", line 140, in response_for_exception
    response = handle_uncaught_exception(
               ^^^^^^^^^^^^^^^^^^^^^^^^^^
  File "/home/rvrp_webuser/web/rv-rp.ro/public_html/reverserp-venv/lib/python3.11/site-packages/django/core/handlers/exception.py", line 181, in handle_uncaught_exception
    return debug.technical_500_response(request, *exc_info)
           ^^^^^^^^^^^^^^^^^^^^^^^^^^^^^^^^^^^^^^^^^^^^^^^^
  File "/home/rvrp_webuser/web/rv-rp.ro/public_html/reverserp-venv/lib/python3.11/site-packages/django/views/debug.py", line 67, in technical_500_response
    html = reporter.get_traceback_html()
           ^^^^^^^^^^^^^^^^^^^^^^^^^^^^^
  File "/home/rvrp_webuser/web/rv-rp.ro/public_html/reverserp-venv/lib/python3.11/site-packages/django/views/debug.py", line 410, in get_traceback_html
    c = Context(self.get_traceback_data(), use_l10n=False)
                ^^^^^^^^^^^^^^^^^^^^^^^^^
  File "/home/rvrp_webuser/web/rv-rp.ro/public_html/reverserp-venv/lib/python3.11/site-packages/django/views/debug.py", line 393, in get_traceback_data
    c["raising_view_name"] = get_caller(self.request)
                             ^^^^^^^^^^^^^^^^^^^^^^^^
  File "/home/rvrp_webuser/web/rv-rp.ro/public_html/reverserp-venv/lib/python3.11/site-packages/django/views/debug.py", line 100, in get_caller
    resolver_match = resolve(request.path)
                     ^^^^^^^^^^^^^^^^^^^^^
  File "/home/rvrp_webuser/web/rv-rp.ro/public_html/reverserp-venv/lib/python3.11/site-packages/django/urls/base.py", line 24, in resolve
    return get_resolver(urlconf).resolve(path)
           ^^^^^^^^^^^^^^^^^^^^^^^^^^^^^^^^^^^
  File "/home/rvrp_webuser/web/rv-rp.ro/public_html/reverserp-venv/lib/python3.11/site-packages/django/urls/resolvers.py", line 663, in resolve
    for pattern in self.url_patterns:
                   ^^^^^^^^^^^^^^^^^
  File "/home/rvrp_webuser/web/rv-rp.ro/public_html/reverserp-venv/lib/python3.11/site-packages/django/utils/functional.py", line 57, in __get__
    res = instance.__dict__[self.name] = self.func(instance)
                                         ^^^^^^^^^^^^^^^^^^^
  File "/home/rvrp_webuser/web/rv-rp.ro/public_html/reverserp-venv/lib/python3.11/site-packages/django/urls/resolvers.py", line 715, in url_patterns
    patterns = getattr(self.urlconf_module, "urlpatterns", self.urlconf_module)
                       ^^^^^^^^^^^^^^^^^^^
  File "/home/rvrp_webuser/web/rv-rp.ro/public_html/reverserp-venv/lib/python3.11/site-packages/django/utils/functional.py", line 57, in __get__
    res = instance.__dict__[self.name] = self.func(instance)
                                         ^^^^^^^^^^^^^^^^^^^
  File "/home/rvrp_webuser/web/rv-rp.ro/public_html/reverserp-venv/lib/python3.11/site-packages/django/urls/resolvers.py", line 708, in urlconf_module
    return import_module(self.urlconf_name)
           ^^^^^^^^^^^^^^^^^^^^^^^^^^^^^^^^
  File "/usr/lib/python3.11/importlib/__init__.py", line 126, in import_module
    return _bootstrap._gcd_import(name[level:], package, level)
           ^^^^^^^^^^^^^^^^^^^^^^^^^^^^^^^^^^^^^^^^^^^^^^^^^^^^
  File "<frozen importlib._bootstrap>", line 1206, in _gcd_import
  File "<frozen importlib._bootstrap>", line 1178, in _find_and_load
  File "<frozen importlib._bootstrap>", line 1149, in _find_and_load_unlocked
  File "<frozen importlib._bootstrap>", line 690, in _load_unlocked
  File "<frozen importlib._bootstrap_external>", line 940, in exec_module
  File "<frozen importlib._bootstrap>", line 241, in _call_with_frames_removed
  File "/home/hypenet/web/servicehub.hypenet.ro/public_html/shub/servicehub/urls.py", line 3, in <module>
    from .classes import api, auth, users
  File "/home/hypenet/web/servicehub.hypenet.ro/public_html/shub/servicehub/classes/api.py", line 18, in <module>
    from .models import *
ModuleNotFoundError: No module named 'servicehub.classes.models'

During handling of the above exception, another exception occurred:

Traceback (most recent call last):
  File "/home/rvrp_webuser/web/rv-rp.ro/public_html/reverserp-venv/lib/python3.11/site-packages/gunicorn/workers/sync.py", line 134, in handle
    self.handle_request(listener, req, client, addr)
  File "/home/rvrp_webuser/web/rv-rp.ro/public_html/reverserp-venv/lib/python3.11/site-packages/gunicorn/workers/sync.py", line 177, in handle_request
    respiter = self.wsgi(environ, resp.start_response)
               ^^^^^^^^^^^^^^^^^^^^^^^^^^^^^^^^^^^^^^^
  File "/home/rvrp_webuser/web/rv-rp.ro/public_html/reverserp-venv/lib/python3.11/site-packages/django/core/handlers/wsgi.py", line 124, in __call__
    response = self.get_response(request)
               ^^^^^^^^^^^^^^^^^^^^^^^^^^
  File "/home/rvrp_webuser/web/rv-rp.ro/public_html/reverserp-venv/lib/python3.11/site-packages/django/core/handlers/base.py", line 140, in get_response
    response = self._middleware_chain(request)
               ^^^^^^^^^^^^^^^^^^^^^^^^^^^^^^^
  File "/home/rvrp_webuser/web/rv-rp.ro/public_html/reverserp-venv/lib/python3.11/site-packages/django/core/handlers/exception.py", line 57, in inner
    response = response_for_exception(request, exc)
               ^^^^^^^^^^^^^^^^^^^^^^^^^^^^^^^^^^^^
  File "/home/rvrp_webuser/web/rv-rp.ro/public_html/reverserp-venv/lib/python3.11/site-packages/django/core/handlers/exception.py", line 140, in response_for_exception
    response = handle_uncaught_exception(
               ^^^^^^^^^^^^^^^^^^^^^^^^^^
  File "/home/rvrp_webuser/web/rv-rp.ro/public_html/reverserp-venv/lib/python3.11/site-packages/django/core/handlers/exception.py", line 181, in handle_uncaught_exception
    return debug.technical_500_response(request, *exc_info)
           ^^^^^^^^^^^^^^^^^^^^^^^^^^^^^^^^^^^^^^^^^^^^^^^^
  File "/home/rvrp_webuser/web/rv-rp.ro/public_html/reverserp-venv/lib/python3.11/site-packages/django/views/debug.py", line 67, in technical_500_response
    html = reporter.get_traceback_html()
           ^^^^^^^^^^^^^^^^^^^^^^^^^^^^^
  File "/home/rvrp_webuser/web/rv-rp.ro/public_html/reverserp-venv/lib/python3.11/site-packages/django/views/debug.py", line 410, in get_traceback_html
    c = Context(self.get_traceback_data(), use_l10n=False)
                ^^^^^^^^^^^^^^^^^^^^^^^^^
  File "/home/rvrp_webuser/web/rv-rp.ro/public_html/reverserp-venv/lib/python3.11/site-packages/django/views/debug.py", line 393, in get_traceback_data
    c["raising_view_name"] = get_caller(self.request)
                             ^^^^^^^^^^^^^^^^^^^^^^^^
  File "/home/rvrp_webuser/web/rv-rp.ro/public_html/reverserp-venv/lib/python3.11/site-packages/django/views/debug.py", line 100, in get_caller
    resolver_match = resolve(request.path)
                     ^^^^^^^^^^^^^^^^^^^^^
  File "/home/rvrp_webuser/web/rv-rp.ro/public_html/reverserp-venv/lib/python3.11/site-packages/django/urls/base.py", line 24, in resolve
    return get_resolver(urlconf).resolve(path)
           ^^^^^^^^^^^^^^^^^^^^^^^^^^^^^^^^^^^
  File "/home/rvrp_webuser/web/rv-rp.ro/public_html/reverserp-venv/lib/python3.11/site-packages/django/urls/resolvers.py", line 663, in resolve
    for pattern in self.url_patterns:
                   ^^^^^^^^^^^^^^^^^
  File "/home/rvrp_webuser/web/rv-rp.ro/public_html/reverserp-venv/lib/python3.11/site-packages/django/utils/functional.py", line 57, in __get__
    res = instance.__dict__[self.name] = self.func(instance)
                                         ^^^^^^^^^^^^^^^^^^^
  File "/home/rvrp_webuser/web/rv-rp.ro/public_html/reverserp-venv/lib/python3.11/site-packages/django/urls/resolvers.py", line 715, in url_patterns
    patterns = getattr(self.urlconf_module, "urlpatterns", self.urlconf_module)
                       ^^^^^^^^^^^^^^^^^^^
  File "/home/rvrp_webuser/web/rv-rp.ro/public_html/reverserp-venv/lib/python3.11/site-packages/django/utils/functional.py", line 57, in __get__
    res = instance.__dict__[self.name] = self.func(instance)
                                         ^^^^^^^^^^^^^^^^^^^
  File "/home/rvrp_webuser/web/rv-rp.ro/public_html/reverserp-venv/lib/python3.11/site-packages/django/urls/resolvers.py", line 708, in urlconf_module
    return import_module(self.urlconf_name)
           ^^^^^^^^^^^^^^^^^^^^^^^^^^^^^^^^
  File "/usr/lib/python3.11/importlib/__init__.py", line 126, in import_module
    return _bootstrap._gcd_import(name[level:], package, level)
           ^^^^^^^^^^^^^^^^^^^^^^^^^^^^^^^^^^^^^^^^^^^^^^^^^^^^
  File "<frozen importlib._bootstrap>", line 1206, in _gcd_import
  File "<frozen importlib._bootstrap>", line 1178, in _find_and_load
  File "<frozen importlib._bootstrap>", line 1149, in _find_and_load_unlocked
  File "<frozen importlib._bootstrap>", line 690, in _load_unlocked
  File "<frozen importlib._bootstrap_external>", line 940, in exec_module
  File "<frozen importlib._bootstrap>", line 241, in _call_with_frames_removed
  File "/home/hypenet/web/servicehub.hypenet.ro/public_html/shub/servicehub/urls.py", line 3, in <module>
    from .classes import api, auth, users
  File "/home/hypenet/web/servicehub.hypenet.ro/public_html/shub/servicehub/classes/api.py", line 18, in <module>
    from .models import *
ModuleNotFoundError: No module named 'servicehub.classes.models'
[2025-07-15 15:54:35 +0300] [1122443] [INFO] Handling signal: term
[2025-07-15 12:54:35 +0000] [1122448] [INFO] Worker exiting (pid: 1122448)
[2025-07-15 12:54:35 +0000] [1122450] [INFO] Worker exiting (pid: 1122450)
[2025-07-15 12:54:35 +0000] [1122449] [INFO] Worker exiting (pid: 1122449)
[2025-07-15 15:54:35 +0300] [1122443] [INFO] Shutting down: Master
[2025-07-15 15:54:35 +0300] [1122589] [INFO] Starting gunicorn 23.0.0
[2025-07-15 15:54:35 +0300] [1122589] [INFO] Listening at: unix:/home/hypenet/web/servicehub.hypenet.ro/public_html/shub/servicehub.sock (1122589)
[2025-07-15 15:54:35 +0300] [1122589] [INFO] Using worker: sync
[2025-07-15 15:54:35 +0300] [1122591] [INFO] Booting worker with pid: 1122591
[2025-07-15 15:54:35 +0300] [1122592] [INFO] Booting worker with pid: 1122592
[2025-07-15 15:54:35 +0300] [1122593] [INFO] Booting worker with pid: 1122593
Internal Server Error: /
Traceback (most recent call last):
  File "/home/rvrp_webuser/web/rv-rp.ro/public_html/reverserp-venv/lib/python3.11/site-packages/django/core/handlers/exception.py", line 55, in inner
    response = get_response(request)
               ^^^^^^^^^^^^^^^^^^^^^
  File "/home/rvrp_webuser/web/rv-rp.ro/public_html/reverserp-venv/lib/python3.11/site-packages/django/core/handlers/base.py", line 197, in _get_response
    response = wrapped_callback(request, *callback_args, **callback_kwargs)
               ^^^^^^^^^^^^^^^^^^^^^^^^^^^^^^^^^^^^^^^^^^^^^^^^^^^^^^^^^^^^
  File "/home/hypenet/web/servicehub.hypenet.ro/public_html/shub/servicehub/views.py", line 28, in LandingPage
    data = GetDashboardData(request)
           ^^^^^^^^^^^^^^^^
NameError: name 'GetDashboardData' is not defined
[2025-07-15 12:55:13 +0000] [1122591] [INFO] Worker exiting (pid: 1122591)
[2025-07-15 15:55:13 +0300] [1122589] [INFO] Handling signal: term
[2025-07-15 12:55:13 +0000] [1122592] [INFO] Worker exiting (pid: 1122592)
[2025-07-15 12:55:13 +0000] [1122593] [INFO] Worker exiting (pid: 1122593)
[2025-07-15 15:55:13 +0300] [1122589] [INFO] Shutting down: Master
[2025-07-15 15:55:13 +0300] [1123020] [INFO] Starting gunicorn 23.0.0
[2025-07-15 15:55:13 +0300] [1123020] [INFO] Listening at: unix:/home/hypenet/web/servicehub.hypenet.ro/public_html/shub/servicehub.sock (1123020)
[2025-07-15 15:55:13 +0300] [1123020] [INFO] Using worker: sync
[2025-07-15 15:55:13 +0300] [1123022] [INFO] Booting worker with pid: 1123022
[2025-07-15 15:55:13 +0300] [1123023] [INFO] Booting worker with pid: 1123023
[2025-07-15 15:55:13 +0300] [1123024] [INFO] Booting worker with pid: 1123024
[2025-07-15 12:55:15 +0000] [1123022] [ERROR] Error handling request /
Traceback (most recent call last):
  File "/home/rvrp_webuser/web/rv-rp.ro/public_html/reverserp-venv/lib/python3.11/site-packages/django/core/handlers/exception.py", line 55, in inner
    response = get_response(request)
               ^^^^^^^^^^^^^^^^^^^^^
  File "/home/rvrp_webuser/web/rv-rp.ro/public_html/reverserp-venv/lib/python3.11/site-packages/django/core/handlers/base.py", line 181, in _get_response
    callback, callback_args, callback_kwargs = self.resolve_request(request)
                                               ^^^^^^^^^^^^^^^^^^^^^^^^^^^^^
  File "/home/rvrp_webuser/web/rv-rp.ro/public_html/reverserp-venv/lib/python3.11/site-packages/django/core/handlers/base.py", line 313, in resolve_request
    resolver_match = resolver.resolve(request.path_info)
                     ^^^^^^^^^^^^^^^^^^^^^^^^^^^^^^^^^^^
  File "/home/rvrp_webuser/web/rv-rp.ro/public_html/reverserp-venv/lib/python3.11/site-packages/django/urls/resolvers.py", line 663, in resolve
    for pattern in self.url_patterns:
                   ^^^^^^^^^^^^^^^^^
  File "/home/rvrp_webuser/web/rv-rp.ro/public_html/reverserp-venv/lib/python3.11/site-packages/django/utils/functional.py", line 57, in __get__
    res = instance.__dict__[self.name] = self.func(instance)
                                         ^^^^^^^^^^^^^^^^^^^
  File "/home/rvrp_webuser/web/rv-rp.ro/public_html/reverserp-venv/lib/python3.11/site-packages/django/urls/resolvers.py", line 715, in url_patterns
    patterns = getattr(self.urlconf_module, "urlpatterns", self.urlconf_module)
                       ^^^^^^^^^^^^^^^^^^^
  File "/home/rvrp_webuser/web/rv-rp.ro/public_html/reverserp-venv/lib/python3.11/site-packages/django/utils/functional.py", line 57, in __get__
    res = instance.__dict__[self.name] = self.func(instance)
                                         ^^^^^^^^^^^^^^^^^^^
  File "/home/rvrp_webuser/web/rv-rp.ro/public_html/reverserp-venv/lib/python3.11/site-packages/django/urls/resolvers.py", line 708, in urlconf_module
    return import_module(self.urlconf_name)
           ^^^^^^^^^^^^^^^^^^^^^^^^^^^^^^^^
  File "/usr/lib/python3.11/importlib/__init__.py", line 126, in import_module
    return _bootstrap._gcd_import(name[level:], package, level)
           ^^^^^^^^^^^^^^^^^^^^^^^^^^^^^^^^^^^^^^^^^^^^^^^^^^^^
  File "<frozen importlib._bootstrap>", line 1206, in _gcd_import
  File "<frozen importlib._bootstrap>", line 1178, in _find_and_load
  File "<frozen importlib._bootstrap>", line 1149, in _find_and_load_unlocked
  File "<frozen importlib._bootstrap>", line 690, in _load_unlocked
  File "<frozen importlib._bootstrap_external>", line 940, in exec_module
  File "<frozen importlib._bootstrap>", line 241, in _call_with_frames_removed
  File "/home/hypenet/web/servicehub.hypenet.ro/public_html/shub/servicehub/urls.py", line 2, in <module>
    from . import views
  File "/home/hypenet/web/servicehub.hypenet.ro/public_html/shub/servicehub/views.py", line 27, in <module>
    from classes import users
ModuleNotFoundError: No module named 'classes'

During handling of the above exception, another exception occurred:

Traceback (most recent call last):
  File "/home/rvrp_webuser/web/rv-rp.ro/public_html/reverserp-venv/lib/python3.11/site-packages/django/core/handlers/exception.py", line 55, in inner
    response = get_response(request)
               ^^^^^^^^^^^^^^^^^^^^^
  File "/home/rvrp_webuser/web/rv-rp.ro/public_html/reverserp-venv/lib/python3.11/site-packages/django/utils/deprecation.py", line 134, in __call__
    response = response or self.get_response(request)
                           ^^^^^^^^^^^^^^^^^^^^^^^^^^
  File "/home/rvrp_webuser/web/rv-rp.ro/public_html/reverserp-venv/lib/python3.11/site-packages/django/core/handlers/exception.py", line 57, in inner
    response = response_for_exception(request, exc)
               ^^^^^^^^^^^^^^^^^^^^^^^^^^^^^^^^^^^^
  File "/home/rvrp_webuser/web/rv-rp.ro/public_html/reverserp-venv/lib/python3.11/site-packages/django/core/handlers/exception.py", line 140, in response_for_exception
    response = handle_uncaught_exception(
               ^^^^^^^^^^^^^^^^^^^^^^^^^^
  File "/home/rvrp_webuser/web/rv-rp.ro/public_html/reverserp-venv/lib/python3.11/site-packages/django/core/handlers/exception.py", line 181, in handle_uncaught_exception
    return debug.technical_500_response(request, *exc_info)
           ^^^^^^^^^^^^^^^^^^^^^^^^^^^^^^^^^^^^^^^^^^^^^^^^
  File "/home/rvrp_webuser/web/rv-rp.ro/public_html/reverserp-venv/lib/python3.11/site-packages/django/views/debug.py", line 67, in technical_500_response
    html = reporter.get_traceback_html()
           ^^^^^^^^^^^^^^^^^^^^^^^^^^^^^
  File "/home/rvrp_webuser/web/rv-rp.ro/public_html/reverserp-venv/lib/python3.11/site-packages/django/views/debug.py", line 410, in get_traceback_html
    c = Context(self.get_traceback_data(), use_l10n=False)
                ^^^^^^^^^^^^^^^^^^^^^^^^^
  File "/home/rvrp_webuser/web/rv-rp.ro/public_html/reverserp-venv/lib/python3.11/site-packages/django/views/debug.py", line 393, in get_traceback_data
    c["raising_view_name"] = get_caller(self.request)
                             ^^^^^^^^^^^^^^^^^^^^^^^^
  File "/home/rvrp_webuser/web/rv-rp.ro/public_html/reverserp-venv/lib/python3.11/site-packages/django/views/debug.py", line 100, in get_caller
    resolver_match = resolve(request.path)
                     ^^^^^^^^^^^^^^^^^^^^^
  File "/home/rvrp_webuser/web/rv-rp.ro/public_html/reverserp-venv/lib/python3.11/site-packages/django/urls/base.py", line 24, in resolve
    return get_resolver(urlconf).resolve(path)
           ^^^^^^^^^^^^^^^^^^^^^^^^^^^^^^^^^^^
  File "/home/rvrp_webuser/web/rv-rp.ro/public_html/reverserp-venv/lib/python3.11/site-packages/django/urls/resolvers.py", line 663, in resolve
    for pattern in self.url_patterns:
                   ^^^^^^^^^^^^^^^^^
  File "/home/rvrp_webuser/web/rv-rp.ro/public_html/reverserp-venv/lib/python3.11/site-packages/django/utils/functional.py", line 57, in __get__
    res = instance.__dict__[self.name] = self.func(instance)
                                         ^^^^^^^^^^^^^^^^^^^
  File "/home/rvrp_webuser/web/rv-rp.ro/public_html/reverserp-venv/lib/python3.11/site-packages/django/urls/resolvers.py", line 715, in url_patterns
    patterns = getattr(self.urlconf_module, "urlpatterns", self.urlconf_module)
                       ^^^^^^^^^^^^^^^^^^^
  File "/home/rvrp_webuser/web/rv-rp.ro/public_html/reverserp-venv/lib/python3.11/site-packages/django/utils/functional.py", line 57, in __get__
    res = instance.__dict__[self.name] = self.func(instance)
                                         ^^^^^^^^^^^^^^^^^^^
  File "/home/rvrp_webuser/web/rv-rp.ro/public_html/reverserp-venv/lib/python3.11/site-packages/django/urls/resolvers.py", line 708, in urlconf_module
    return import_module(self.urlconf_name)
           ^^^^^^^^^^^^^^^^^^^^^^^^^^^^^^^^
  File "/usr/lib/python3.11/importlib/__init__.py", line 126, in import_module
    return _bootstrap._gcd_import(name[level:], package, level)
           ^^^^^^^^^^^^^^^^^^^^^^^^^^^^^^^^^^^^^^^^^^^^^^^^^^^^
  File "<frozen importlib._bootstrap>", line 1206, in _gcd_import
  File "<frozen importlib._bootstrap>", line 1178, in _find_and_load
  File "<frozen importlib._bootstrap>", line 1149, in _find_and_load_unlocked
  File "<frozen importlib._bootstrap>", line 690, in _load_unlocked
  File "<frozen importlib._bootstrap_external>", line 940, in exec_module
  File "<frozen importlib._bootstrap>", line 241, in _call_with_frames_removed
  File "/home/hypenet/web/servicehub.hypenet.ro/public_html/shub/servicehub/urls.py", line 2, in <module>
    from . import views
  File "/home/hypenet/web/servicehub.hypenet.ro/public_html/shub/servicehub/views.py", line 27, in <module>
    from classes import users
ModuleNotFoundError: No module named 'classes'

During handling of the above exception, another exception occurred:

Traceback (most recent call last):
  File "/home/rvrp_webuser/web/rv-rp.ro/public_html/reverserp-venv/lib/python3.11/site-packages/django/core/handlers/exception.py", line 55, in inner
    response = get_response(request)
               ^^^^^^^^^^^^^^^^^^^^^
  File "/home/rvrp_webuser/web/rv-rp.ro/public_html/reverserp-venv/lib/python3.11/site-packages/django/utils/deprecation.py", line 134, in __call__
    response = response or self.get_response(request)
                           ^^^^^^^^^^^^^^^^^^^^^^^^^^
  File "/home/rvrp_webuser/web/rv-rp.ro/public_html/reverserp-venv/lib/python3.11/site-packages/django/core/handlers/exception.py", line 57, in inner
    response = response_for_exception(request, exc)
               ^^^^^^^^^^^^^^^^^^^^^^^^^^^^^^^^^^^^
  File "/home/rvrp_webuser/web/rv-rp.ro/public_html/reverserp-venv/lib/python3.11/site-packages/django/core/handlers/exception.py", line 140, in response_for_exception
    response = handle_uncaught_exception(
               ^^^^^^^^^^^^^^^^^^^^^^^^^^
  File "/home/rvrp_webuser/web/rv-rp.ro/public_html/reverserp-venv/lib/python3.11/site-packages/django/core/handlers/exception.py", line 181, in handle_uncaught_exception
    return debug.technical_500_response(request, *exc_info)
           ^^^^^^^^^^^^^^^^^^^^^^^^^^^^^^^^^^^^^^^^^^^^^^^^
  File "/home/rvrp_webuser/web/rv-rp.ro/public_html/reverserp-venv/lib/python3.11/site-packages/django/views/debug.py", line 67, in technical_500_response
    html = reporter.get_traceback_html()
           ^^^^^^^^^^^^^^^^^^^^^^^^^^^^^
  File "/home/rvrp_webuser/web/rv-rp.ro/public_html/reverserp-venv/lib/python3.11/site-packages/django/views/debug.py", line 410, in get_traceback_html
    c = Context(self.get_traceback_data(), use_l10n=False)
                ^^^^^^^^^^^^^^^^^^^^^^^^^
  File "/home/rvrp_webuser/web/rv-rp.ro/public_html/reverserp-venv/lib/python3.11/site-packages/django/views/debug.py", line 393, in get_traceback_data
    c["raising_view_name"] = get_caller(self.request)
                             ^^^^^^^^^^^^^^^^^^^^^^^^
  File "/home/rvrp_webuser/web/rv-rp.ro/public_html/reverserp-venv/lib/python3.11/site-packages/django/views/debug.py", line 100, in get_caller
    resolver_match = resolve(request.path)
                     ^^^^^^^^^^^^^^^^^^^^^
  File "/home/rvrp_webuser/web/rv-rp.ro/public_html/reverserp-venv/lib/python3.11/site-packages/django/urls/base.py", line 24, in resolve
    return get_resolver(urlconf).resolve(path)
           ^^^^^^^^^^^^^^^^^^^^^^^^^^^^^^^^^^^
  File "/home/rvrp_webuser/web/rv-rp.ro/public_html/reverserp-venv/lib/python3.11/site-packages/django/urls/resolvers.py", line 663, in resolve
    for pattern in self.url_patterns:
                   ^^^^^^^^^^^^^^^^^
  File "/home/rvrp_webuser/web/rv-rp.ro/public_html/reverserp-venv/lib/python3.11/site-packages/django/utils/functional.py", line 57, in __get__
    res = instance.__dict__[self.name] = self.func(instance)
                                         ^^^^^^^^^^^^^^^^^^^
  File "/home/rvrp_webuser/web/rv-rp.ro/public_html/reverserp-venv/lib/python3.11/site-packages/django/urls/resolvers.py", line 715, in url_patterns
    patterns = getattr(self.urlconf_module, "urlpatterns", self.urlconf_module)
                       ^^^^^^^^^^^^^^^^^^^
  File "/home/rvrp_webuser/web/rv-rp.ro/public_html/reverserp-venv/lib/python3.11/site-packages/django/utils/functional.py", line 57, in __get__
    res = instance.__dict__[self.name] = self.func(instance)
                                         ^^^^^^^^^^^^^^^^^^^
  File "/home/rvrp_webuser/web/rv-rp.ro/public_html/reverserp-venv/lib/python3.11/site-packages/django/urls/resolvers.py", line 708, in urlconf_module
    return import_module(self.urlconf_name)
           ^^^^^^^^^^^^^^^^^^^^^^^^^^^^^^^^
  File "/usr/lib/python3.11/importlib/__init__.py", line 126, in import_module
    return _bootstrap._gcd_import(name[level:], package, level)
           ^^^^^^^^^^^^^^^^^^^^^^^^^^^^^^^^^^^^^^^^^^^^^^^^^^^^
  File "<frozen importlib._bootstrap>", line 1206, in _gcd_import
  File "<frozen importlib._bootstrap>", line 1178, in _find_and_load
  File "<frozen importlib._bootstrap>", line 1149, in _find_and_load_unlocked
  File "<frozen importlib._bootstrap>", line 690, in _load_unlocked
  File "<frozen importlib._bootstrap_external>", line 940, in exec_module
  File "<frozen importlib._bootstrap>", line 241, in _call_with_frames_removed
  File "/home/hypenet/web/servicehub.hypenet.ro/public_html/shub/servicehub/urls.py", line 2, in <module>
    from . import views
  File "/home/hypenet/web/servicehub.hypenet.ro/public_html/shub/servicehub/views.py", line 27, in <module>
    from classes import users
ModuleNotFoundError: No module named 'classes'

During handling of the above exception, another exception occurred:

Traceback (most recent call last):
  File "/home/rvrp_webuser/web/rv-rp.ro/public_html/reverserp-venv/lib/python3.11/site-packages/django/core/handlers/exception.py", line 55, in inner
    response = get_response(request)
               ^^^^^^^^^^^^^^^^^^^^^
  File "/home/rvrp_webuser/web/rv-rp.ro/public_html/reverserp-venv/lib/python3.11/site-packages/django/utils/deprecation.py", line 134, in __call__
    response = response or self.get_response(request)
                           ^^^^^^^^^^^^^^^^^^^^^^^^^^
  File "/home/rvrp_webuser/web/rv-rp.ro/public_html/reverserp-venv/lib/python3.11/site-packages/django/core/handlers/exception.py", line 57, in inner
    response = response_for_exception(request, exc)
               ^^^^^^^^^^^^^^^^^^^^^^^^^^^^^^^^^^^^
  File "/home/rvrp_webuser/web/rv-rp.ro/public_html/reverserp-venv/lib/python3.11/site-packages/django/core/handlers/exception.py", line 140, in response_for_exception
    response = handle_uncaught_exception(
               ^^^^^^^^^^^^^^^^^^^^^^^^^^
  File "/home/rvrp_webuser/web/rv-rp.ro/public_html/reverserp-venv/lib/python3.11/site-packages/django/core/handlers/exception.py", line 181, in handle_uncaught_exception
    return debug.technical_500_response(request, *exc_info)
           ^^^^^^^^^^^^^^^^^^^^^^^^^^^^^^^^^^^^^^^^^^^^^^^^
  File "/home/rvrp_webuser/web/rv-rp.ro/public_html/reverserp-venv/lib/python3.11/site-packages/django/views/debug.py", line 67, in technical_500_response
    html = reporter.get_traceback_html()
           ^^^^^^^^^^^^^^^^^^^^^^^^^^^^^
  File "/home/rvrp_webuser/web/rv-rp.ro/public_html/reverserp-venv/lib/python3.11/site-packages/django/views/debug.py", line 410, in get_traceback_html
    c = Context(self.get_traceback_data(), use_l10n=False)
                ^^^^^^^^^^^^^^^^^^^^^^^^^
  File "/home/rvrp_webuser/web/rv-rp.ro/public_html/reverserp-venv/lib/python3.11/site-packages/django/views/debug.py", line 393, in get_traceback_data
    c["raising_view_name"] = get_caller(self.request)
                             ^^^^^^^^^^^^^^^^^^^^^^^^
  File "/home/rvrp_webuser/web/rv-rp.ro/public_html/reverserp-venv/lib/python3.11/site-packages/django/views/debug.py", line 100, in get_caller
    resolver_match = resolve(request.path)
                     ^^^^^^^^^^^^^^^^^^^^^
  File "/home/rvrp_webuser/web/rv-rp.ro/public_html/reverserp-venv/lib/python3.11/site-packages/django/urls/base.py", line 24, in resolve
    return get_resolver(urlconf).resolve(path)
           ^^^^^^^^^^^^^^^^^^^^^^^^^^^^^^^^^^^
  File "/home/rvrp_webuser/web/rv-rp.ro/public_html/reverserp-venv/lib/python3.11/site-packages/django/urls/resolvers.py", line 663, in resolve
    for pattern in self.url_patterns:
                   ^^^^^^^^^^^^^^^^^
  File "/home/rvrp_webuser/web/rv-rp.ro/public_html/reverserp-venv/lib/python3.11/site-packages/django/utils/functional.py", line 57, in __get__
    res = instance.__dict__[self.name] = self.func(instance)
                                         ^^^^^^^^^^^^^^^^^^^
  File "/home/rvrp_webuser/web/rv-rp.ro/public_html/reverserp-venv/lib/python3.11/site-packages/django/urls/resolvers.py", line 715, in url_patterns
    patterns = getattr(self.urlconf_module, "urlpatterns", self.urlconf_module)
                       ^^^^^^^^^^^^^^^^^^^
  File "/home/rvrp_webuser/web/rv-rp.ro/public_html/reverserp-venv/lib/python3.11/site-packages/django/utils/functional.py", line 57, in __get__
    res = instance.__dict__[self.name] = self.func(instance)
                                         ^^^^^^^^^^^^^^^^^^^
  File "/home/rvrp_webuser/web/rv-rp.ro/public_html/reverserp-venv/lib/python3.11/site-packages/django/urls/resolvers.py", line 708, in urlconf_module
    return import_module(self.urlconf_name)
           ^^^^^^^^^^^^^^^^^^^^^^^^^^^^^^^^
  File "/usr/lib/python3.11/importlib/__init__.py", line 126, in import_module
    return _bootstrap._gcd_import(name[level:], package, level)
           ^^^^^^^^^^^^^^^^^^^^^^^^^^^^^^^^^^^^^^^^^^^^^^^^^^^^
  File "<frozen importlib._bootstrap>", line 1206, in _gcd_import
  File "<frozen importlib._bootstrap>", line 1178, in _find_and_load
  File "<frozen importlib._bootstrap>", line 1149, in _find_and_load_unlocked
  File "<frozen importlib._bootstrap>", line 690, in _load_unlocked
  File "<frozen importlib._bootstrap_external>", line 940, in exec_module
  File "<frozen importlib._bootstrap>", line 241, in _call_with_frames_removed
  File "/home/hypenet/web/servicehub.hypenet.ro/public_html/shub/servicehub/urls.py", line 2, in <module>
    from . import views
  File "/home/hypenet/web/servicehub.hypenet.ro/public_html/shub/servicehub/views.py", line 27, in <module>
    from classes import users
ModuleNotFoundError: No module named 'classes'

During handling of the above exception, another exception occurred:

Traceback (most recent call last):
  File "/home/rvrp_webuser/web/rv-rp.ro/public_html/reverserp-venv/lib/python3.11/site-packages/django/core/handlers/exception.py", line 55, in inner
    response = get_response(request)
               ^^^^^^^^^^^^^^^^^^^^^
  File "/home/rvrp_webuser/web/rv-rp.ro/public_html/reverserp-venv/lib/python3.11/site-packages/django/utils/deprecation.py", line 134, in __call__
    response = response or self.get_response(request)
                           ^^^^^^^^^^^^^^^^^^^^^^^^^^
  File "/home/rvrp_webuser/web/rv-rp.ro/public_html/reverserp-venv/lib/python3.11/site-packages/django/core/handlers/exception.py", line 57, in inner
    response = response_for_exception(request, exc)
               ^^^^^^^^^^^^^^^^^^^^^^^^^^^^^^^^^^^^
  File "/home/rvrp_webuser/web/rv-rp.ro/public_html/reverserp-venv/lib/python3.11/site-packages/django/core/handlers/exception.py", line 140, in response_for_exception
    response = handle_uncaught_exception(
               ^^^^^^^^^^^^^^^^^^^^^^^^^^
  File "/home/rvrp_webuser/web/rv-rp.ro/public_html/reverserp-venv/lib/python3.11/site-packages/django/core/handlers/exception.py", line 181, in handle_uncaught_exception
    return debug.technical_500_response(request, *exc_info)
           ^^^^^^^^^^^^^^^^^^^^^^^^^^^^^^^^^^^^^^^^^^^^^^^^
  File "/home/rvrp_webuser/web/rv-rp.ro/public_html/reverserp-venv/lib/python3.11/site-packages/django/views/debug.py", line 67, in technical_500_response
    html = reporter.get_traceback_html()
           ^^^^^^^^^^^^^^^^^^^^^^^^^^^^^
  File "/home/rvrp_webuser/web/rv-rp.ro/public_html/reverserp-venv/lib/python3.11/site-packages/django/views/debug.py", line 410, in get_traceback_html
    c = Context(self.get_traceback_data(), use_l10n=False)
                ^^^^^^^^^^^^^^^^^^^^^^^^^
  File "/home/rvrp_webuser/web/rv-rp.ro/public_html/reverserp-venv/lib/python3.11/site-packages/django/views/debug.py", line 393, in get_traceback_data
    c["raising_view_name"] = get_caller(self.request)
                             ^^^^^^^^^^^^^^^^^^^^^^^^
  File "/home/rvrp_webuser/web/rv-rp.ro/public_html/reverserp-venv/lib/python3.11/site-packages/django/views/debug.py", line 100, in get_caller
    resolver_match = resolve(request.path)
                     ^^^^^^^^^^^^^^^^^^^^^
  File "/home/rvrp_webuser/web/rv-rp.ro/public_html/reverserp-venv/lib/python3.11/site-packages/django/urls/base.py", line 24, in resolve
    return get_resolver(urlconf).resolve(path)
           ^^^^^^^^^^^^^^^^^^^^^^^^^^^^^^^^^^^
  File "/home/rvrp_webuser/web/rv-rp.ro/public_html/reverserp-venv/lib/python3.11/site-packages/django/urls/resolvers.py", line 663, in resolve
    for pattern in self.url_patterns:
                   ^^^^^^^^^^^^^^^^^
  File "/home/rvrp_webuser/web/rv-rp.ro/public_html/reverserp-venv/lib/python3.11/site-packages/django/utils/functional.py", line 57, in __get__
    res = instance.__dict__[self.name] = self.func(instance)
                                         ^^^^^^^^^^^^^^^^^^^
  File "/home/rvrp_webuser/web/rv-rp.ro/public_html/reverserp-venv/lib/python3.11/site-packages/django/urls/resolvers.py", line 715, in url_patterns
    patterns = getattr(self.urlconf_module, "urlpatterns", self.urlconf_module)
                       ^^^^^^^^^^^^^^^^^^^
  File "/home/rvrp_webuser/web/rv-rp.ro/public_html/reverserp-venv/lib/python3.11/site-packages/django/utils/functional.py", line 57, in __get__
    res = instance.__dict__[self.name] = self.func(instance)
                                         ^^^^^^^^^^^^^^^^^^^
  File "/home/rvrp_webuser/web/rv-rp.ro/public_html/reverserp-venv/lib/python3.11/site-packages/django/urls/resolvers.py", line 708, in urlconf_module
    return import_module(self.urlconf_name)
           ^^^^^^^^^^^^^^^^^^^^^^^^^^^^^^^^
  File "/usr/lib/python3.11/importlib/__init__.py", line 126, in import_module
    return _bootstrap._gcd_import(name[level:], package, level)
           ^^^^^^^^^^^^^^^^^^^^^^^^^^^^^^^^^^^^^^^^^^^^^^^^^^^^
  File "<frozen importlib._bootstrap>", line 1206, in _gcd_import
  File "<frozen importlib._bootstrap>", line 1178, in _find_and_load
  File "<frozen importlib._bootstrap>", line 1149, in _find_and_load_unlocked
  File "<frozen importlib._bootstrap>", line 690, in _load_unlocked
  File "<frozen importlib._bootstrap_external>", line 940, in exec_module
  File "<frozen importlib._bootstrap>", line 241, in _call_with_frames_removed
  File "/home/hypenet/web/servicehub.hypenet.ro/public_html/shub/servicehub/urls.py", line 2, in <module>
    from . import views
  File "/home/hypenet/web/servicehub.hypenet.ro/public_html/shub/servicehub/views.py", line 27, in <module>
    from classes import users
ModuleNotFoundError: No module named 'classes'

During handling of the above exception, another exception occurred:

Traceback (most recent call last):
  File "/home/rvrp_webuser/web/rv-rp.ro/public_html/reverserp-venv/lib/python3.11/site-packages/django/core/handlers/exception.py", line 55, in inner
    response = get_response(request)
               ^^^^^^^^^^^^^^^^^^^^^
  File "/home/rvrp_webuser/web/rv-rp.ro/public_html/reverserp-venv/lib/python3.11/site-packages/django/utils/deprecation.py", line 134, in __call__
    response = response or self.get_response(request)
                           ^^^^^^^^^^^^^^^^^^^^^^^^^^
  File "/home/rvrp_webuser/web/rv-rp.ro/public_html/reverserp-venv/lib/python3.11/site-packages/django/core/handlers/exception.py", line 57, in inner
    response = response_for_exception(request, exc)
               ^^^^^^^^^^^^^^^^^^^^^^^^^^^^^^^^^^^^
  File "/home/rvrp_webuser/web/rv-rp.ro/public_html/reverserp-venv/lib/python3.11/site-packages/django/core/handlers/exception.py", line 140, in response_for_exception
    response = handle_uncaught_exception(
               ^^^^^^^^^^^^^^^^^^^^^^^^^^
  File "/home/rvrp_webuser/web/rv-rp.ro/public_html/reverserp-venv/lib/python3.11/site-packages/django/core/handlers/exception.py", line 181, in handle_uncaught_exception
    return debug.technical_500_response(request, *exc_info)
           ^^^^^^^^^^^^^^^^^^^^^^^^^^^^^^^^^^^^^^^^^^^^^^^^
  File "/home/rvrp_webuser/web/rv-rp.ro/public_html/reverserp-venv/lib/python3.11/site-packages/django/views/debug.py", line 67, in technical_500_response
    html = reporter.get_traceback_html()
           ^^^^^^^^^^^^^^^^^^^^^^^^^^^^^
  File "/home/rvrp_webuser/web/rv-rp.ro/public_html/reverserp-venv/lib/python3.11/site-packages/django/views/debug.py", line 410, in get_traceback_html
    c = Context(self.get_traceback_data(), use_l10n=False)
                ^^^^^^^^^^^^^^^^^^^^^^^^^
  File "/home/rvrp_webuser/web/rv-rp.ro/public_html/reverserp-venv/lib/python3.11/site-packages/django/views/debug.py", line 393, in get_traceback_data
    c["raising_view_name"] = get_caller(self.request)
                             ^^^^^^^^^^^^^^^^^^^^^^^^
  File "/home/rvrp_webuser/web/rv-rp.ro/public_html/reverserp-venv/lib/python3.11/site-packages/django/views/debug.py", line 100, in get_caller
    resolver_match = resolve(request.path)
                     ^^^^^^^^^^^^^^^^^^^^^
  File "/home/rvrp_webuser/web/rv-rp.ro/public_html/reverserp-venv/lib/python3.11/site-packages/django/urls/base.py", line 24, in resolve
    return get_resolver(urlconf).resolve(path)
           ^^^^^^^^^^^^^^^^^^^^^^^^^^^^^^^^^^^
  File "/home/rvrp_webuser/web/rv-rp.ro/public_html/reverserp-venv/lib/python3.11/site-packages/django/urls/resolvers.py", line 663, in resolve
    for pattern in self.url_patterns:
                   ^^^^^^^^^^^^^^^^^
  File "/home/rvrp_webuser/web/rv-rp.ro/public_html/reverserp-venv/lib/python3.11/site-packages/django/utils/functional.py", line 57, in __get__
    res = instance.__dict__[self.name] = self.func(instance)
                                         ^^^^^^^^^^^^^^^^^^^
  File "/home/rvrp_webuser/web/rv-rp.ro/public_html/reverserp-venv/lib/python3.11/site-packages/django/urls/resolvers.py", line 715, in url_patterns
    patterns = getattr(self.urlconf_module, "urlpatterns", self.urlconf_module)
                       ^^^^^^^^^^^^^^^^^^^
  File "/home/rvrp_webuser/web/rv-rp.ro/public_html/reverserp-venv/lib/python3.11/site-packages/django/utils/functional.py", line 57, in __get__
    res = instance.__dict__[self.name] = self.func(instance)
                                         ^^^^^^^^^^^^^^^^^^^
  File "/home/rvrp_webuser/web/rv-rp.ro/public_html/reverserp-venv/lib/python3.11/site-packages/django/urls/resolvers.py", line 708, in urlconf_module
    return import_module(self.urlconf_name)
           ^^^^^^^^^^^^^^^^^^^^^^^^^^^^^^^^
  File "/usr/lib/python3.11/importlib/__init__.py", line 126, in import_module
    return _bootstrap._gcd_import(name[level:], package, level)
           ^^^^^^^^^^^^^^^^^^^^^^^^^^^^^^^^^^^^^^^^^^^^^^^^^^^^
  File "<frozen importlib._bootstrap>", line 1206, in _gcd_import
  File "<frozen importlib._bootstrap>", line 1178, in _find_and_load
  File "<frozen importlib._bootstrap>", line 1149, in _find_and_load_unlocked
  File "<frozen importlib._bootstrap>", line 690, in _load_unlocked
  File "<frozen importlib._bootstrap_external>", line 940, in exec_module
  File "<frozen importlib._bootstrap>", line 241, in _call_with_frames_removed
  File "/home/hypenet/web/servicehub.hypenet.ro/public_html/shub/servicehub/urls.py", line 2, in <module>
    from . import views
  File "/home/hypenet/web/servicehub.hypenet.ro/public_html/shub/servicehub/views.py", line 27, in <module>
    from classes import users
ModuleNotFoundError: No module named 'classes'

During handling of the above exception, another exception occurred:

Traceback (most recent call last):
  File "/home/rvrp_webuser/web/rv-rp.ro/public_html/reverserp-venv/lib/python3.11/site-packages/django/core/handlers/exception.py", line 55, in inner
    response = get_response(request)
               ^^^^^^^^^^^^^^^^^^^^^
  File "/home/rvrp_webuser/web/rv-rp.ro/public_html/reverserp-venv/lib/python3.11/site-packages/django/utils/deprecation.py", line 134, in __call__
    response = response or self.get_response(request)
                           ^^^^^^^^^^^^^^^^^^^^^^^^^^
  File "/home/rvrp_webuser/web/rv-rp.ro/public_html/reverserp-venv/lib/python3.11/site-packages/django/core/handlers/exception.py", line 57, in inner
    response = response_for_exception(request, exc)
               ^^^^^^^^^^^^^^^^^^^^^^^^^^^^^^^^^^^^
  File "/home/rvrp_webuser/web/rv-rp.ro/public_html/reverserp-venv/lib/python3.11/site-packages/django/core/handlers/exception.py", line 140, in response_for_exception
    response = handle_uncaught_exception(
               ^^^^^^^^^^^^^^^^^^^^^^^^^^
  File "/home/rvrp_webuser/web/rv-rp.ro/public_html/reverserp-venv/lib/python3.11/site-packages/django/core/handlers/exception.py", line 181, in handle_uncaught_exception
    return debug.technical_500_response(request, *exc_info)
           ^^^^^^^^^^^^^^^^^^^^^^^^^^^^^^^^^^^^^^^^^^^^^^^^
  File "/home/rvrp_webuser/web/rv-rp.ro/public_html/reverserp-venv/lib/python3.11/site-packages/django/views/debug.py", line 67, in technical_500_response
    html = reporter.get_traceback_html()
           ^^^^^^^^^^^^^^^^^^^^^^^^^^^^^
  File "/home/rvrp_webuser/web/rv-rp.ro/public_html/reverserp-venv/lib/python3.11/site-packages/django/views/debug.py", line 410, in get_traceback_html
    c = Context(self.get_traceback_data(), use_l10n=False)
                ^^^^^^^^^^^^^^^^^^^^^^^^^
  File "/home/rvrp_webuser/web/rv-rp.ro/public_html/reverserp-venv/lib/python3.11/site-packages/django/views/debug.py", line 393, in get_traceback_data
    c["raising_view_name"] = get_caller(self.request)
                             ^^^^^^^^^^^^^^^^^^^^^^^^
  File "/home/rvrp_webuser/web/rv-rp.ro/public_html/reverserp-venv/lib/python3.11/site-packages/django/views/debug.py", line 100, in get_caller
    resolver_match = resolve(request.path)
                     ^^^^^^^^^^^^^^^^^^^^^
  File "/home/rvrp_webuser/web/rv-rp.ro/public_html/reverserp-venv/lib/python3.11/site-packages/django/urls/base.py", line 24, in resolve
    return get_resolver(urlconf).resolve(path)
           ^^^^^^^^^^^^^^^^^^^^^^^^^^^^^^^^^^^
  File "/home/rvrp_webuser/web/rv-rp.ro/public_html/reverserp-venv/lib/python3.11/site-packages/django/urls/resolvers.py", line 663, in resolve
    for pattern in self.url_patterns:
                   ^^^^^^^^^^^^^^^^^
  File "/home/rvrp_webuser/web/rv-rp.ro/public_html/reverserp-venv/lib/python3.11/site-packages/django/utils/functional.py", line 57, in __get__
    res = instance.__dict__[self.name] = self.func(instance)
                                         ^^^^^^^^^^^^^^^^^^^
  File "/home/rvrp_webuser/web/rv-rp.ro/public_html/reverserp-venv/lib/python3.11/site-packages/django/urls/resolvers.py", line 715, in url_patterns
    patterns = getattr(self.urlconf_module, "urlpatterns", self.urlconf_module)
                       ^^^^^^^^^^^^^^^^^^^
  File "/home/rvrp_webuser/web/rv-rp.ro/public_html/reverserp-venv/lib/python3.11/site-packages/django/utils/functional.py", line 57, in __get__
    res = instance.__dict__[self.name] = self.func(instance)
                                         ^^^^^^^^^^^^^^^^^^^
  File "/home/rvrp_webuser/web/rv-rp.ro/public_html/reverserp-venv/lib/python3.11/site-packages/django/urls/resolvers.py", line 708, in urlconf_module
    return import_module(self.urlconf_name)
           ^^^^^^^^^^^^^^^^^^^^^^^^^^^^^^^^
  File "/usr/lib/python3.11/importlib/__init__.py", line 126, in import_module
    return _bootstrap._gcd_import(name[level:], package, level)
           ^^^^^^^^^^^^^^^^^^^^^^^^^^^^^^^^^^^^^^^^^^^^^^^^^^^^
  File "<frozen importlib._bootstrap>", line 1206, in _gcd_import
  File "<frozen importlib._bootstrap>", line 1178, in _find_and_load
  File "<frozen importlib._bootstrap>", line 1149, in _find_and_load_unlocked
  File "<frozen importlib._bootstrap>", line 690, in _load_unlocked
  File "<frozen importlib._bootstrap_external>", line 940, in exec_module
  File "<frozen importlib._bootstrap>", line 241, in _call_with_frames_removed
  File "/home/hypenet/web/servicehub.hypenet.ro/public_html/shub/servicehub/urls.py", line 2, in <module>
    from . import views
  File "/home/hypenet/web/servicehub.hypenet.ro/public_html/shub/servicehub/views.py", line 27, in <module>
    from classes import users
ModuleNotFoundError: No module named 'classes'

During handling of the above exception, another exception occurred:

Traceback (most recent call last):
  File "/home/rvrp_webuser/web/rv-rp.ro/public_html/reverserp-venv/lib/python3.11/site-packages/django/core/handlers/exception.py", line 55, in inner
    response = get_response(request)
               ^^^^^^^^^^^^^^^^^^^^^
  File "/home/rvrp_webuser/web/rv-rp.ro/public_html/reverserp-venv/lib/python3.11/site-packages/django/utils/deprecation.py", line 134, in __call__
    response = response or self.get_response(request)
                           ^^^^^^^^^^^^^^^^^^^^^^^^^^
  File "/home/rvrp_webuser/web/rv-rp.ro/public_html/reverserp-venv/lib/python3.11/site-packages/django/core/handlers/exception.py", line 57, in inner
    response = response_for_exception(request, exc)
               ^^^^^^^^^^^^^^^^^^^^^^^^^^^^^^^^^^^^
  File "/home/rvrp_webuser/web/rv-rp.ro/public_html/reverserp-venv/lib/python3.11/site-packages/django/core/handlers/exception.py", line 140, in response_for_exception
    response = handle_uncaught_exception(
               ^^^^^^^^^^^^^^^^^^^^^^^^^^
  File "/home/rvrp_webuser/web/rv-rp.ro/public_html/reverserp-venv/lib/python3.11/site-packages/django/core/handlers/exception.py", line 181, in handle_uncaught_exception
    return debug.technical_500_response(request, *exc_info)
           ^^^^^^^^^^^^^^^^^^^^^^^^^^^^^^^^^^^^^^^^^^^^^^^^
  File "/home/rvrp_webuser/web/rv-rp.ro/public_html/reverserp-venv/lib/python3.11/site-packages/django/views/debug.py", line 67, in technical_500_response
    html = reporter.get_traceback_html()
           ^^^^^^^^^^^^^^^^^^^^^^^^^^^^^
  File "/home/rvrp_webuser/web/rv-rp.ro/public_html/reverserp-venv/lib/python3.11/site-packages/django/views/debug.py", line 410, in get_traceback_html
    c = Context(self.get_traceback_data(), use_l10n=False)
                ^^^^^^^^^^^^^^^^^^^^^^^^^
  File "/home/rvrp_webuser/web/rv-rp.ro/public_html/reverserp-venv/lib/python3.11/site-packages/django/views/debug.py", line 393, in get_traceback_data
    c["raising_view_name"] = get_caller(self.request)
                             ^^^^^^^^^^^^^^^^^^^^^^^^
  File "/home/rvrp_webuser/web/rv-rp.ro/public_html/reverserp-venv/lib/python3.11/site-packages/django/views/debug.py", line 100, in get_caller
    resolver_match = resolve(request.path)
                     ^^^^^^^^^^^^^^^^^^^^^
  File "/home/rvrp_webuser/web/rv-rp.ro/public_html/reverserp-venv/lib/python3.11/site-packages/django/urls/base.py", line 24, in resolve
    return get_resolver(urlconf).resolve(path)
           ^^^^^^^^^^^^^^^^^^^^^^^^^^^^^^^^^^^
  File "/home/rvrp_webuser/web/rv-rp.ro/public_html/reverserp-venv/lib/python3.11/site-packages/django/urls/resolvers.py", line 663, in resolve
    for pattern in self.url_patterns:
                   ^^^^^^^^^^^^^^^^^
  File "/home/rvrp_webuser/web/rv-rp.ro/public_html/reverserp-venv/lib/python3.11/site-packages/django/utils/functional.py", line 57, in __get__
    res = instance.__dict__[self.name] = self.func(instance)
                                         ^^^^^^^^^^^^^^^^^^^
  File "/home/rvrp_webuser/web/rv-rp.ro/public_html/reverserp-venv/lib/python3.11/site-packages/django/urls/resolvers.py", line 715, in url_patterns
    patterns = getattr(self.urlconf_module, "urlpatterns", self.urlconf_module)
                       ^^^^^^^^^^^^^^^^^^^
  File "/home/rvrp_webuser/web/rv-rp.ro/public_html/reverserp-venv/lib/python3.11/site-packages/django/utils/functional.py", line 57, in __get__
    res = instance.__dict__[self.name] = self.func(instance)
                                         ^^^^^^^^^^^^^^^^^^^
  File "/home/rvrp_webuser/web/rv-rp.ro/public_html/reverserp-venv/lib/python3.11/site-packages/django/urls/resolvers.py", line 708, in urlconf_module
    return import_module(self.urlconf_name)
           ^^^^^^^^^^^^^^^^^^^^^^^^^^^^^^^^
  File "/usr/lib/python3.11/importlib/__init__.py", line 126, in import_module
    return _bootstrap._gcd_import(name[level:], package, level)
           ^^^^^^^^^^^^^^^^^^^^^^^^^^^^^^^^^^^^^^^^^^^^^^^^^^^^
  File "<frozen importlib._bootstrap>", line 1206, in _gcd_import
  File "<frozen importlib._bootstrap>", line 1178, in _find_and_load
  File "<frozen importlib._bootstrap>", line 1149, in _find_and_load_unlocked
  File "<frozen importlib._bootstrap>", line 690, in _load_unlocked
  File "<frozen importlib._bootstrap_external>", line 940, in exec_module
  File "<frozen importlib._bootstrap>", line 241, in _call_with_frames_removed
  File "/home/hypenet/web/servicehub.hypenet.ro/public_html/shub/servicehub/urls.py", line 2, in <module>
    from . import views
  File "/home/hypenet/web/servicehub.hypenet.ro/public_html/shub/servicehub/views.py", line 27, in <module>
    from classes import users
ModuleNotFoundError: No module named 'classes'

During handling of the above exception, another exception occurred:

Traceback (most recent call last):
  File "/home/rvrp_webuser/web/rv-rp.ro/public_html/reverserp-venv/lib/python3.11/site-packages/gunicorn/workers/sync.py", line 134, in handle
    self.handle_request(listener, req, client, addr)
  File "/home/rvrp_webuser/web/rv-rp.ro/public_html/reverserp-venv/lib/python3.11/site-packages/gunicorn/workers/sync.py", line 177, in handle_request
    respiter = self.wsgi(environ, resp.start_response)
               ^^^^^^^^^^^^^^^^^^^^^^^^^^^^^^^^^^^^^^^
  File "/home/rvrp_webuser/web/rv-rp.ro/public_html/reverserp-venv/lib/python3.11/site-packages/django/core/handlers/wsgi.py", line 124, in __call__
    response = self.get_response(request)
               ^^^^^^^^^^^^^^^^^^^^^^^^^^
  File "/home/rvrp_webuser/web/rv-rp.ro/public_html/reverserp-venv/lib/python3.11/site-packages/django/core/handlers/base.py", line 140, in get_response
    response = self._middleware_chain(request)
               ^^^^^^^^^^^^^^^^^^^^^^^^^^^^^^^
  File "/home/rvrp_webuser/web/rv-rp.ro/public_html/reverserp-venv/lib/python3.11/site-packages/django/core/handlers/exception.py", line 57, in inner
    response = response_for_exception(request, exc)
               ^^^^^^^^^^^^^^^^^^^^^^^^^^^^^^^^^^^^
  File "/home/rvrp_webuser/web/rv-rp.ro/public_html/reverserp-venv/lib/python3.11/site-packages/django/core/handlers/exception.py", line 140, in response_for_exception
    response = handle_uncaught_exception(
               ^^^^^^^^^^^^^^^^^^^^^^^^^^
  File "/home/rvrp_webuser/web/rv-rp.ro/public_html/reverserp-venv/lib/python3.11/site-packages/django/core/handlers/exception.py", line 181, in handle_uncaught_exception
    return debug.technical_500_response(request, *exc_info)
           ^^^^^^^^^^^^^^^^^^^^^^^^^^^^^^^^^^^^^^^^^^^^^^^^
  File "/home/rvrp_webuser/web/rv-rp.ro/public_html/reverserp-venv/lib/python3.11/site-packages/django/views/debug.py", line 67, in technical_500_response
    html = reporter.get_traceback_html()
           ^^^^^^^^^^^^^^^^^^^^^^^^^^^^^
  File "/home/rvrp_webuser/web/rv-rp.ro/public_html/reverserp-venv/lib/python3.11/site-packages/django/views/debug.py", line 410, in get_traceback_html
    c = Context(self.get_traceback_data(), use_l10n=False)
                ^^^^^^^^^^^^^^^^^^^^^^^^^
  File "/home/rvrp_webuser/web/rv-rp.ro/public_html/reverserp-venv/lib/python3.11/site-packages/django/views/debug.py", line 393, in get_traceback_data
    c["raising_view_name"] = get_caller(self.request)
                             ^^^^^^^^^^^^^^^^^^^^^^^^
  File "/home/rvrp_webuser/web/rv-rp.ro/public_html/reverserp-venv/lib/python3.11/site-packages/django/views/debug.py", line 100, in get_caller
    resolver_match = resolve(request.path)
                     ^^^^^^^^^^^^^^^^^^^^^
  File "/home/rvrp_webuser/web/rv-rp.ro/public_html/reverserp-venv/lib/python3.11/site-packages/django/urls/base.py", line 24, in resolve
    return get_resolver(urlconf).resolve(path)
           ^^^^^^^^^^^^^^^^^^^^^^^^^^^^^^^^^^^
  File "/home/rvrp_webuser/web/rv-rp.ro/public_html/reverserp-venv/lib/python3.11/site-packages/django/urls/resolvers.py", line 663, in resolve
    for pattern in self.url_patterns:
                   ^^^^^^^^^^^^^^^^^
  File "/home/rvrp_webuser/web/rv-rp.ro/public_html/reverserp-venv/lib/python3.11/site-packages/django/utils/functional.py", line 57, in __get__
    res = instance.__dict__[self.name] = self.func(instance)
                                         ^^^^^^^^^^^^^^^^^^^
  File "/home/rvrp_webuser/web/rv-rp.ro/public_html/reverserp-venv/lib/python3.11/site-packages/django/urls/resolvers.py", line 715, in url_patterns
    patterns = getattr(self.urlconf_module, "urlpatterns", self.urlconf_module)
                       ^^^^^^^^^^^^^^^^^^^
  File "/home/rvrp_webuser/web/rv-rp.ro/public_html/reverserp-venv/lib/python3.11/site-packages/django/utils/functional.py", line 57, in __get__
    res = instance.__dict__[self.name] = self.func(instance)
                                         ^^^^^^^^^^^^^^^^^^^
  File "/home/rvrp_webuser/web/rv-rp.ro/public_html/reverserp-venv/lib/python3.11/site-packages/django/urls/resolvers.py", line 708, in urlconf_module
    return import_module(self.urlconf_name)
           ^^^^^^^^^^^^^^^^^^^^^^^^^^^^^^^^
  File "/usr/lib/python3.11/importlib/__init__.py", line 126, in import_module
    return _bootstrap._gcd_import(name[level:], package, level)
           ^^^^^^^^^^^^^^^^^^^^^^^^^^^^^^^^^^^^^^^^^^^^^^^^^^^^
  File "<frozen importlib._bootstrap>", line 1206, in _gcd_import
  File "<frozen importlib._bootstrap>", line 1178, in _find_and_load
  File "<frozen importlib._bootstrap>", line 1149, in _find_and_load_unlocked
  File "<frozen importlib._bootstrap>", line 690, in _load_unlocked
  File "<frozen importlib._bootstrap_external>", line 940, in exec_module
  File "<frozen importlib._bootstrap>", line 241, in _call_with_frames_removed
  File "/home/hypenet/web/servicehub.hypenet.ro/public_html/shub/servicehub/urls.py", line 2, in <module>
    from . import views
  File "/home/hypenet/web/servicehub.hypenet.ro/public_html/shub/servicehub/views.py", line 27, in <module>
    from classes import users
ModuleNotFoundError: No module named 'classes'
[2025-07-15 15:55:27 +0300] [1123020] [INFO] Handling signal: term
[2025-07-15 12:55:27 +0000] [1123022] [INFO] Worker exiting (pid: 1123022)
[2025-07-15 12:55:27 +0000] [1123023] [INFO] Worker exiting (pid: 1123023)
[2025-07-15 12:55:27 +0000] [1123024] [INFO] Worker exiting (pid: 1123024)
[2025-07-15 15:55:28 +0300] [1123020] [INFO] Shutting down: Master
[2025-07-15 15:55:28 +0300] [1123060] [INFO] Starting gunicorn 23.0.0
[2025-07-15 15:55:28 +0300] [1123060] [INFO] Listening at: unix:/home/hypenet/web/servicehub.hypenet.ro/public_html/shub/servicehub.sock (1123060)
[2025-07-15 15:55:28 +0300] [1123060] [INFO] Using worker: sync
[2025-07-15 15:55:28 +0300] [1123062] [INFO] Booting worker with pid: 1123062
[2025-07-15 15:55:28 +0300] [1123063] [INFO] Booting worker with pid: 1123063
[2025-07-15 15:55:28 +0300] [1123064] [INFO] Booting worker with pid: 1123064
Not Found: /script.js
[2025-07-15 13:00:17 +0000] [1123062] [INFO] Worker exiting (pid: 1123062)
[2025-07-15 16:00:17 +0300] [1123060] [INFO] Handling signal: term
[2025-07-15 13:00:17 +0000] [1123063] [INFO] Worker exiting (pid: 1123063)
[2025-07-15 13:00:17 +0000] [1123064] [INFO] Worker exiting (pid: 1123064)
[2025-07-15 16:00:17 +0300] [1123060] [INFO] Shutting down: Master
[2025-07-15 16:00:17 +0300] [1123870] [INFO] Starting gunicorn 23.0.0
[2025-07-15 16:00:17 +0300] [1123870] [INFO] Listening at: unix:/home/hypenet/web/servicehub.hypenet.ro/public_html/shub/servicehub.sock (1123870)
[2025-07-15 16:00:17 +0300] [1123870] [INFO] Using worker: sync
[2025-07-15 16:00:17 +0300] [1123872] [INFO] Booting worker with pid: 1123872
[2025-07-15 16:00:17 +0300] [1123873] [INFO] Booting worker with pid: 1123873
[2025-07-15 16:00:18 +0300] [1123874] [INFO] Booting worker with pid: 1123874
Not Found: /script.js
Not Found: /script.js
Not Found: /error/404.html
/home/rvrp_webuser/web/rv-rp.ro/public_html/reverserp-venv/lib/python3.11/site-packages/django/db/models/fields/__init__.py:1595: RuntimeWarning: DateTimeField Services.date received a naive datetime (2025-07-01 00:00:00) while time zone support is active.
  warnings.warn(
/home/rvrp_webuser/web/rv-rp.ro/public_html/reverserp-venv/lib/python3.11/site-packages/django/db/models/fields/__init__.py:1595: RuntimeWarning: DateTimeField Services.date received a naive datetime (2025-07-31 00:00:00) while time zone support is active.
  warnings.warn(
[2025-07-20 13:15:23 +0000] [1123872] [INFO] Worker exiting (pid: 1123872)
[2025-07-20 16:15:23 +0300] [1123870] [INFO] Handling signal: term
[2025-07-20 13:15:23 +0000] [1123873] [INFO] Worker exiting (pid: 1123873)
[2025-07-20 13:15:23 +0000] [1123874] [INFO] Worker exiting (pid: 1123874)
[2025-07-20 16:15:23 +0300] [1123870] [ERROR] Worker (pid:1123874) was sent SIGTERM!
[2025-07-20 16:15:23 +0300] [1123870] [INFO] Shutting down: Master
[2025-07-20 16:15:23 +0300] [2120207] [INFO] Starting gunicorn 23.0.0
[2025-07-20 16:15:23 +0300] [2120207] [INFO] Listening at: unix:/home/hypenet/web/servicehub.hypenet.ro/public_html/shub/servicehub.sock (2120207)
[2025-07-20 16:15:23 +0300] [2120207] [INFO] Using worker: sync
[2025-07-20 16:15:23 +0300] [2120209] [INFO] Booting worker with pid: 2120209
[2025-07-20 16:15:23 +0300] [2120210] [INFO] Booting worker with pid: 2120210
[2025-07-20 16:15:23 +0300] [2120211] [INFO] Booting worker with pid: 2120211
[2025-07-20 16:17:11 +0300] [2120207] [INFO] Handling signal: term
[2025-07-20 13:17:11 +0000] [2120211] [INFO] Worker exiting (pid: 2120211)
[2025-07-20 13:17:11 +0000] [2120209] [INFO] Worker exiting (pid: 2120209)
[2025-07-20 13:17:11 +0000] [2120210] [INFO] Worker exiting (pid: 2120210)
[2025-07-20 16:17:11 +0300] [2120207] [ERROR] Worker (pid:2120210) was sent SIGTERM!
[2025-07-20 16:17:11 +0300] [2120207] [ERROR] Worker (pid:2120211) was sent SIGTERM!
[2025-07-20 16:17:11 +0300] [2120207] [ERROR] Worker (pid:2120209) was sent SIGTERM!
[2025-07-20 16:17:11 +0300] [2120207] [INFO] Shutting down: Master
[2025-07-20 16:17:11 +0300] [2120289] [INFO] Starting gunicorn 23.0.0
[2025-07-20 16:17:11 +0300] [2120289] [INFO] Listening at: unix:/home/hypenet/web/servicehub.hypenet.ro/public_html/shub/servicehub.sock (2120289)
[2025-07-20 16:17:11 +0300] [2120289] [INFO] Using worker: sync
[2025-07-20 16:17:11 +0300] [2120291] [INFO] Booting worker with pid: 2120291
[2025-07-20 16:17:11 +0300] [2120292] [INFO] Booting worker with pid: 2120292
[2025-07-20 16:17:11 +0300] [2120293] [INFO] Booting worker with pid: 2120293
[2025-07-20 16:17:44 +0300] [2120289] [INFO] Handling signal: term
[2025-07-20 13:17:44 +0000] [2120291] [INFO] Worker exiting (pid: 2120291)
[2025-07-20 13:17:44 +0000] [2120293] [INFO] Worker exiting (pid: 2120293)
[2025-07-20 13:17:44 +0000] [2120292] [INFO] Worker exiting (pid: 2120292)
[2025-07-20 16:17:44 +0300] [2120289] [INFO] Shutting down: Master
[2025-07-20 16:17:44 +0300] [2120332] [INFO] Starting gunicorn 23.0.0
[2025-07-20 16:17:44 +0300] [2120332] [INFO] Listening at: unix:/home/hypenet/web/servicehub.hypenet.ro/public_html/shub/servicehub.sock (2120332)
[2025-07-20 16:17:44 +0300] [2120332] [INFO] Using worker: sync
[2025-07-20 16:17:44 +0300] [2120334] [INFO] Booting worker with pid: 2120334
[2025-07-20 16:17:44 +0300] [2120335] [INFO] Booting worker with pid: 2120335
[2025-07-20 16:17:44 +0300] [2120336] [INFO] Booting worker with pid: 2120336
/home/rvrp_webuser/web/rv-rp.ro/public_html/reverserp-venv/lib/python3.11/site-packages/django/db/models/fields/__init__.py:1595: RuntimeWarning: DateTimeField Services.date received a naive datetime (2025-07-01 00:00:00) while time zone support is active.
  warnings.warn(
/home/rvrp_webuser/web/rv-rp.ro/public_html/reverserp-venv/lib/python3.11/site-packages/django/db/models/fields/__init__.py:1595: RuntimeWarning: DateTimeField Services.date received a naive datetime (2025-07-31 00:00:00) while time zone support is active.
  warnings.warn(
[2025-07-20 13:52:45 +0000] [2120334] [INFO] Worker exiting (pid: 2120334)
[2025-07-20 16:52:45 +0300] [2120332] [INFO] Handling signal: term
[2025-07-20 13:52:45 +0000] [2120335] [INFO] Worker exiting (pid: 2120335)
[2025-07-20 13:52:45 +0000] [2120336] [INFO] Worker exiting (pid: 2120336)
[2025-07-20 16:52:45 +0300] [2120332] [ERROR] Worker (pid:2120334) was sent SIGTERM!
[2025-07-20 16:52:45 +0300] [2120332] [INFO] Shutting down: Master
[2025-07-20 16:52:45 +0300] [2124449] [INFO] Starting gunicorn 23.0.0
[2025-07-20 16:52:45 +0300] [2124449] [INFO] Listening at: unix:/home/hypenet/web/servicehub.hypenet.ro/public_html/shub/servicehub.sock (2124449)
[2025-07-20 16:52:45 +0300] [2124449] [INFO] Using worker: sync
[2025-07-20 16:52:45 +0300] [2124451] [INFO] Booting worker with pid: 2124451
[2025-07-20 16:52:45 +0300] [2124452] [INFO] Booting worker with pid: 2124452
[2025-07-20 16:52:45 +0300] [2124453] [INFO] Booting worker with pid: 2124453
[2025-07-20 16:53:00 +0300] [2124449] [INFO] Handling signal: term
[2025-07-20 13:53:00 +0000] [2124452] [INFO] Worker exiting (pid: 2124452)
[2025-07-20 13:53:00 +0000] [2124453] [INFO] Worker exiting (pid: 2124453)
[2025-07-20 13:53:00 +0000] [2124451] [INFO] Worker exiting (pid: 2124451)
[2025-07-20 16:53:00 +0300] [2124449] [INFO] Shutting down: Master
[2025-07-20 16:53:00 +0300] [2124496] [INFO] Starting gunicorn 23.0.0
[2025-07-20 16:53:00 +0300] [2124496] [INFO] Listening at: unix:/home/hypenet/web/servicehub.hypenet.ro/public_html/shub/servicehub.sock (2124496)
[2025-07-20 16:53:00 +0300] [2124496] [INFO] Using worker: sync
[2025-07-20 16:53:00 +0300] [2124498] [INFO] Booting worker with pid: 2124498
[2025-07-20 16:53:00 +0300] [2124499] [INFO] Booting worker with pid: 2124499
[2025-07-20 16:53:00 +0300] [2124500] [INFO] Booting worker with pid: 2124500
[2025-07-20 16:57:22 +0300] [2124496] [INFO] Handling signal: term
[2025-07-20 13:57:22 +0000] [2124498] [INFO] Worker exiting (pid: 2124498)
[2025-07-20 13:57:22 +0000] [2124499] [INFO] Worker exiting (pid: 2124499)
[2025-07-20 13:57:22 +0000] [2124500] [INFO] Worker exiting (pid: 2124500)
[2025-07-20 16:57:22 +0300] [2124496] [INFO] Shutting down: Master
[2025-07-20 16:57:22 +0300] [2125623] [INFO] Starting gunicorn 23.0.0
[2025-07-20 16:57:22 +0300] [2125623] [INFO] Listening at: unix:/home/hypenet/web/servicehub.hypenet.ro/public_html/shub/servicehub.sock (2125623)
[2025-07-20 16:57:22 +0300] [2125623] [INFO] Using worker: sync
[2025-07-20 16:57:22 +0300] [2125625] [INFO] Booting worker with pid: 2125625
[2025-07-20 16:57:22 +0300] [2125626] [INFO] Booting worker with pid: 2125626
[2025-07-20 16:57:22 +0300] [2125627] [INFO] Booting worker with pid: 2125627
[2025-07-20 14:17:16 +0000] [2125625] [INFO] Worker exiting (pid: 2125625)
[2025-07-20 17:17:16 +0300] [2125623] [INFO] Handling signal: term
[2025-07-20 14:17:16 +0000] [2125626] [INFO] Worker exiting (pid: 2125626)
[2025-07-20 14:17:16 +0000] [2125627] [INFO] Worker exiting (pid: 2125627)
[2025-07-20 17:17:16 +0300] [2125623] [ERROR] Worker (pid:2125625) was sent SIGTERM!
[2025-07-20 17:17:16 +0300] [2125623] [ERROR] Worker (pid:2125627) was sent SIGTERM!
[2025-07-20 17:17:16 +0300] [2125623] [INFO] Shutting down: Master
[2025-07-20 17:17:16 +0300] [2129335] [INFO] Starting gunicorn 23.0.0
[2025-07-20 17:17:16 +0300] [2129335] [INFO] Listening at: unix:/home/hypenet/web/servicehub.hypenet.ro/public_html/shub/servicehub.sock (2129335)
[2025-07-20 17:17:16 +0300] [2129335] [INFO] Using worker: sync
[2025-07-20 17:17:16 +0300] [2129337] [INFO] Booting worker with pid: 2129337
[2025-07-20 17:17:16 +0300] [2129338] [INFO] Booting worker with pid: 2129338
[2025-07-20 17:17:16 +0300] [2129339] [INFO] Booting worker with pid: 2129339
[2025-07-20 17:45:35 +0300] [2129335] [INFO] Handling signal: term
[2025-07-20 14:45:35 +0000] [2129337] [INFO] Worker exiting (pid: 2129337)
[2025-07-20 14:45:35 +0000] [2129338] [INFO] Worker exiting (pid: 2129338)
[2025-07-20 14:45:35 +0000] [2129339] [INFO] Worker exiting (pid: 2129339)
[2025-07-20 17:45:35 +0300] [2129335] [INFO] Shutting down: Master
[2025-07-20 17:45:35 +0300] [2132905] [INFO] Starting gunicorn 23.0.0
[2025-07-20 17:45:35 +0300] [2132905] [INFO] Listening at: unix:/home/hypenet/web/servicehub.hypenet.ro/public_html/shub/servicehub.sock (2132905)
[2025-07-20 17:45:35 +0300] [2132905] [INFO] Using worker: sync
[2025-07-20 17:45:35 +0300] [2132907] [INFO] Booting worker with pid: 2132907
[2025-07-20 17:45:35 +0300] [2132908] [INFO] Booting worker with pid: 2132908
[2025-07-20 17:45:35 +0300] [2132909] [INFO] Booting worker with pid: 2132909
[2025-07-20 14:45:52 +0000] [2132907] [INFO] Worker exiting (pid: 2132907)
[2025-07-20 17:45:52 +0300] [2132905] [INFO] Handling signal: term
[2025-07-20 14:45:52 +0000] [2132908] [INFO] Worker exiting (pid: 2132908)
[2025-07-20 14:45:52 +0000] [2132909] [INFO] Worker exiting (pid: 2132909)
[2025-07-20 17:45:52 +0300] [2132905] [ERROR] Worker (pid:2132909) was sent SIGTERM!
[2025-07-20 17:45:52 +0300] [2132905] [INFO] Shutting down: Master
[2025-07-20 17:45:52 +0300] [2132944] [INFO] Starting gunicorn 23.0.0
[2025-07-20 17:45:52 +0300] [2132944] [INFO] Listening at: unix:/home/hypenet/web/servicehub.hypenet.ro/public_html/shub/servicehub.sock (2132944)
[2025-07-20 17:45:52 +0300] [2132944] [INFO] Using worker: sync
[2025-07-20 17:45:52 +0300] [2132946] [INFO] Booting worker with pid: 2132946
[2025-07-20 17:45:52 +0300] [2132947] [INFO] Booting worker with pid: 2132947
[2025-07-20 17:45:52 +0300] [2132948] [INFO] Booting worker with pid: 2132948
[2025-07-20 17:46:06 +0300] [2132944] [INFO] Handling signal: term
[2025-07-20 14:46:06 +0000] [2132946] [INFO] Worker exiting (pid: 2132946)
[2025-07-20 14:46:06 +0000] [2132948] [INFO] Worker exiting (pid: 2132948)
[2025-07-20 14:46:06 +0000] [2132947] [INFO] Worker exiting (pid: 2132947)
[2025-07-20 17:46:06 +0300] [2132944] [ERROR] Worker (pid:2132946) was sent SIGTERM!
[2025-07-20 17:46:06 +0300] [2132944] [ERROR] Worker (pid:2132947) was sent SIGTERM!
[2025-07-20 17:46:06 +0300] [2132944] [ERROR] Worker (pid:2132948) was sent SIGTERM!
[2025-07-20 17:46:06 +0300] [2132944] [INFO] Shutting down: Master
[2025-07-20 17:46:06 +0300] [2133010] [INFO] Starting gunicorn 23.0.0
[2025-07-20 17:46:06 +0300] [2133010] [INFO] Listening at: unix:/home/hypenet/web/servicehub.hypenet.ro/public_html/shub/servicehub.sock (2133010)
[2025-07-20 17:46:06 +0300] [2133010] [INFO] Using worker: sync
[2025-07-20 17:46:06 +0300] [2133012] [INFO] Booting worker with pid: 2133012
[2025-07-20 17:46:06 +0300] [2133013] [INFO] Booting worker with pid: 2133013
[2025-07-20 17:46:06 +0300] [2133014] [INFO] Booting worker with pid: 2133014
[2025-07-20 14:46:13 +0000] [2133013] [INFO] Worker exiting (pid: 2133013)
[2025-07-20 14:46:13 +0000] [2133012] [INFO] Worker exiting (pid: 2133012)
[2025-07-20 17:46:13 +0300] [2133010] [INFO] Handling signal: term
[2025-07-20 14:46:13 +0000] [2133014] [INFO] Worker exiting (pid: 2133014)
[2025-07-20 17:46:13 +0300] [2133010] [ERROR] Worker (pid:2133013) was sent SIGTERM!
[2025-07-20 17:46:13 +0300] [2133010] [INFO] Shutting down: Master
[2025-07-20 17:46:13 +0300] [2133047] [INFO] Starting gunicorn 23.0.0
[2025-07-20 17:46:13 +0300] [2133047] [INFO] Listening at: unix:/home/hypenet/web/servicehub.hypenet.ro/public_html/shub/servicehub.sock (2133047)
[2025-07-20 17:46:13 +0300] [2133047] [INFO] Using worker: sync
[2025-07-20 17:46:13 +0300] [2133049] [INFO] Booting worker with pid: 2133049
[2025-07-20 17:46:13 +0300] [2133050] [INFO] Booting worker with pid: 2133050
[2025-07-20 17:46:13 +0300] [2133051] [INFO] Booting worker with pid: 2133051
[2025-07-20 14:50:40 +0000] [2133049] [INFO] Worker exiting (pid: 2133049)
[2025-07-20 14:50:40 +0000] [2133051] [INFO] Worker exiting (pid: 2133051)
[2025-07-20 17:50:40 +0300] [2133047] [INFO] Handling signal: term
[2025-07-20 14:50:40 +0000] [2133050] [INFO] Worker exiting (pid: 2133050)
[2025-07-20 17:50:40 +0300] [2133047] [ERROR] Worker (pid:2133049) was sent SIGTERM!
[2025-07-20 17:50:40 +0300] [2133047] [ERROR] Worker (pid:2133051) was sent SIGTERM!
[2025-07-20 17:50:40 +0300] [2133047] [INFO] Shutting down: Master
[2025-07-20 17:50:40 +0300] [2133541] [INFO] Starting gunicorn 23.0.0
[2025-07-20 17:50:40 +0300] [2133541] [INFO] Listening at: unix:/home/hypenet/web/servicehub.hypenet.ro/public_html/shub/servicehub.sock (2133541)
[2025-07-20 17:50:40 +0300] [2133541] [INFO] Using worker: sync
[2025-07-20 17:50:40 +0300] [2133543] [INFO] Booting worker with pid: 2133543
[2025-07-20 17:50:40 +0300] [2133544] [INFO] Booting worker with pid: 2133544
[2025-07-20 17:50:40 +0300] [2133545] [INFO] Booting worker with pid: 2133545
[2025-07-20 14:51:40 +0000] [2133543] [INFO] Worker exiting (pid: 2133543)
[2025-07-20 14:51:40 +0000] [2133545] [INFO] Worker exiting (pid: 2133545)
[2025-07-20 14:51:40 +0000] [2133544] [INFO] Worker exiting (pid: 2133544)
[2025-07-20 17:51:40 +0300] [2133541] [INFO] Handling signal: term
[2025-07-20 17:51:40 +0300] [2133541] [ERROR] Worker (pid:2133544) was sent SIGTERM!
[2025-07-20 17:51:40 +0300] [2133541] [ERROR] Worker (pid:2133543) was sent SIGTERM!
[2025-07-20 17:51:40 +0300] [2133541] [ERROR] Worker (pid:2133545) was sent SIGTERM!
[2025-07-20 17:51:40 +0300] [2133541] [INFO] Shutting down: Master
[2025-07-20 17:51:40 +0300] [2133588] [INFO] Starting gunicorn 23.0.0
[2025-07-20 17:51:40 +0300] [2133588] [INFO] Listening at: unix:/home/hypenet/web/servicehub.hypenet.ro/public_html/shub/servicehub.sock (2133588)
[2025-07-20 17:51:40 +0300] [2133588] [INFO] Using worker: sync
[2025-07-20 17:51:40 +0300] [2133590] [INFO] Booting worker with pid: 2133590
[2025-07-20 17:51:40 +0300] [2133591] [INFO] Booting worker with pid: 2133591
[2025-07-20 17:51:40 +0300] [2133592] [INFO] Booting worker with pid: 2133592
Internal Server Error: /dashboard
Traceback (most recent call last):
  File "/home/rvrp_webuser/web/rv-rp.ro/public_html/reverserp-venv/lib/python3.11/site-packages/django/core/handlers/exception.py", line 55, in inner
    response = get_response(request)
               ^^^^^^^^^^^^^^^^^^^^^
  File "/home/rvrp_webuser/web/rv-rp.ro/public_html/reverserp-venv/lib/python3.11/site-packages/django/core/handlers/base.py", line 197, in _get_response
    response = wrapped_callback(request, *callback_args, **callback_kwargs)
               ^^^^^^^^^^^^^^^^^^^^^^^^^^^^^^^^^^^^^^^^^^^^^^^^^^^^^^^^^^^^
  File "/home/hypenet/web/servicehub.hypenet.ro/public_html/shub/servicehub/classes/users.py", line 120, in DashboardHome
    labels, data = get_revenue_data(data['company'].id, 4)
                   ^^^^^^^^^^^^^^^^^^^^^^^^^^^^^^^^^^^^^^^
  File "/home/hypenet/web/servicehub.hypenet.ro/public_html/shub/servicehub/classes/users.py", line 47, in get_revenue_data
    revenue_by_date = defaultdict(int)
                      ^^^^^^^^^^^
NameError: name 'defaultdict' is not defined
[2025-07-20 17:52:23 +0300] [2133588] [INFO] Handling signal: term
[2025-07-20 14:52:23 +0000] [2133591] [INFO] Worker exiting (pid: 2133591)
[2025-07-20 14:52:23 +0000] [2133590] [INFO] Worker exiting (pid: 2133590)
[2025-07-20 14:52:23 +0000] [2133592] [INFO] Worker exiting (pid: 2133592)
[2025-07-20 17:52:23 +0300] [2133588] [INFO] Shutting down: Master
[2025-07-20 17:52:23 +0300] [2133658] [INFO] Starting gunicorn 23.0.0
[2025-07-20 17:52:23 +0300] [2133658] [INFO] Listening at: unix:/home/hypenet/web/servicehub.hypenet.ro/public_html/shub/servicehub.sock (2133658)
[2025-07-20 17:52:23 +0300] [2133658] [INFO] Using worker: sync
[2025-07-20 17:52:23 +0300] [2133660] [INFO] Booting worker with pid: 2133660
[2025-07-20 17:52:23 +0300] [2133661] [INFO] Booting worker with pid: 2133661
[2025-07-20 17:52:23 +0300] [2133662] [INFO] Booting worker with pid: 2133662
Internal Server Error: /dashboard
Traceback (most recent call last):
  File "/home/rvrp_webuser/web/rv-rp.ro/public_html/reverserp-venv/lib/python3.11/site-packages/django/core/handlers/exception.py", line 55, in inner
    response = get_response(request)
               ^^^^^^^^^^^^^^^^^^^^^
  File "/home/rvrp_webuser/web/rv-rp.ro/public_html/reverserp-venv/lib/python3.11/site-packages/django/core/handlers/base.py", line 197, in _get_response
    response = wrapped_callback(request, *callback_args, **callback_kwargs)
               ^^^^^^^^^^^^^^^^^^^^^^^^^^^^^^^^^^^^^^^^^^^^^^^^^^^^^^^^^^^^
  File "/home/hypenet/web/servicehub.hypenet.ro/public_html/shub/servicehub/classes/users.py", line 121, in DashboardHome
    data['revenue'] = get_revenue_data(data['company'].id, 4)
                                       ~~~~^^^^^^^^^^^
TypeError: string indices must be integers, not 'str'
Internal Server Error: /dashboard
Traceback (most recent call last):
  File "/home/rvrp_webuser/web/rv-rp.ro/public_html/reverserp-venv/lib/python3.11/site-packages/django/core/handlers/exception.py", line 55, in inner
    response = get_response(request)
               ^^^^^^^^^^^^^^^^^^^^^
  File "/home/rvrp_webuser/web/rv-rp.ro/public_html/reverserp-venv/lib/python3.11/site-packages/django/core/handlers/base.py", line 197, in _get_response
    response = wrapped_callback(request, *callback_args, **callback_kwargs)
               ^^^^^^^^^^^^^^^^^^^^^^^^^^^^^^^^^^^^^^^^^^^^^^^^^^^^^^^^^^^^
  File "/home/hypenet/web/servicehub.hypenet.ro/public_html/shub/servicehub/classes/users.py", line 121, in DashboardHome
    data['revenue'] = get_revenue_data(data['company'].id, 4)
                                       ~~~~^^^^^^^^^^^
TypeError: string indices must be integers, not 'str'
[2025-07-20 14:52:46 +0000] [2133660] [INFO] Worker exiting (pid: 2133660)
[2025-07-20 14:52:46 +0000] [2133661] [INFO] Worker exiting (pid: 2133661)
[2025-07-20 17:52:46 +0300] [2133658] [INFO] Handling signal: term
[2025-07-20 14:52:46 +0000] [2133662] [INFO] Worker exiting (pid: 2133662)
[2025-07-20 17:52:46 +0300] [2133658] [ERROR] Worker (pid:2133660) was sent SIGTERM!
[2025-07-20 17:52:46 +0300] [2133658] [ERROR] Worker (pid:2133662) was sent SIGTERM!
[2025-07-20 17:52:46 +0300] [2133658] [INFO] Shutting down: Master
[2025-07-20 17:52:46 +0300] [2133695] [INFO] Starting gunicorn 23.0.0
[2025-07-20 17:52:46 +0300] [2133695] [INFO] Listening at: unix:/home/hypenet/web/servicehub.hypenet.ro/public_html/shub/servicehub.sock (2133695)
[2025-07-20 17:52:46 +0300] [2133695] [INFO] Using worker: sync
[2025-07-20 17:52:46 +0300] [2133697] [INFO] Booting worker with pid: 2133697
[2025-07-20 17:52:46 +0300] [2133698] [INFO] Booting worker with pid: 2133698
[2025-07-20 17:52:46 +0300] [2133699] [INFO] Booting worker with pid: 2133699
Internal Server Error: /dashboard
Traceback (most recent call last):
  File "/home/rvrp_webuser/web/rv-rp.ro/public_html/reverserp-venv/lib/python3.11/site-packages/django/core/handlers/exception.py", line 55, in inner
    response = get_response(request)
               ^^^^^^^^^^^^^^^^^^^^^
  File "/home/rvrp_webuser/web/rv-rp.ro/public_html/reverserp-venv/lib/python3.11/site-packages/django/core/handlers/base.py", line 197, in _get_response
    response = wrapped_callback(request, *callback_args, **callback_kwargs)
               ^^^^^^^^^^^^^^^^^^^^^^^^^^^^^^^^^^^^^^^^^^^^^^^^^^^^^^^^^^^^
  File "/home/hypenet/web/servicehub.hypenet.ro/public_html/shub/servicehub/classes/users.py", line 121, in DashboardHome
    data['revenue'] = get_revenue_data(data['company'].id, 4)
                                       ~~~~^^^^^^^^^^^
TypeError: string indices must be integers, not 'str'
Internal Server Error: /dashboard
Traceback (most recent call last):
  File "/home/rvrp_webuser/web/rv-rp.ro/public_html/reverserp-venv/lib/python3.11/site-packages/django/core/handlers/exception.py", line 55, in inner
    response = get_response(request)
               ^^^^^^^^^^^^^^^^^^^^^
  File "/home/rvrp_webuser/web/rv-rp.ro/public_html/reverserp-venv/lib/python3.11/site-packages/django/core/handlers/base.py", line 197, in _get_response
    response = wrapped_callback(request, *callback_args, **callback_kwargs)
               ^^^^^^^^^^^^^^^^^^^^^^^^^^^^^^^^^^^^^^^^^^^^^^^^^^^^^^^^^^^^
  File "/home/hypenet/web/servicehub.hypenet.ro/public_html/shub/servicehub/classes/users.py", line 121, in DashboardHome
    data['revenue'] = get_revenue_data(data['company'].id, 4)
                                       ~~~~^^^^^^^^^^^
TypeError: string indices must be integers, not 'str'
[2025-07-20 14:53:08 +0000] [2133697] [INFO] Worker exiting (pid: 2133697)
[2025-07-20 17:53:08 +0300] [2133695] [INFO] Handling signal: term
[2025-07-20 14:53:08 +0000] [2133698] [INFO] Worker exiting (pid: 2133698)
[2025-07-20 14:53:08 +0000] [2133699] [INFO] Worker exiting (pid: 2133699)
[2025-07-20 17:53:08 +0300] [2133695] [ERROR] Worker (pid:2133699) was sent SIGTERM!
[2025-07-20 17:53:08 +0300] [2133695] [INFO] Shutting down: Master
[2025-07-20 17:53:08 +0300] [2133737] [INFO] Starting gunicorn 23.0.0
[2025-07-20 17:53:08 +0300] [2133737] [INFO] Listening at: unix:/home/hypenet/web/servicehub.hypenet.ro/public_html/shub/servicehub.sock (2133737)
[2025-07-20 17:53:08 +0300] [2133737] [INFO] Using worker: sync
[2025-07-20 17:53:08 +0300] [2133739] [INFO] Booting worker with pid: 2133739
[2025-07-20 17:53:08 +0300] [2133740] [INFO] Booting worker with pid: 2133740
[2025-07-20 17:53:08 +0300] [2133741] [INFO] Booting worker with pid: 2133741
[2025-07-20 17:55:34 +0300] [2133737] [INFO] Handling signal: term
[2025-07-20 14:55:34 +0000] [2133741] [INFO] Worker exiting (pid: 2133741)
[2025-07-20 14:55:34 +0000] [2133740] [INFO] Worker exiting (pid: 2133740)
[2025-07-20 14:55:34 +0000] [2133739] [INFO] Worker exiting (pid: 2133739)
[2025-07-20 17:55:34 +0300] [2133737] [INFO] Shutting down: Master
[2025-07-20 17:55:35 +0300] [2134196] [INFO] Starting gunicorn 23.0.0
[2025-07-20 17:55:35 +0300] [2134196] [INFO] Listening at: unix:/home/hypenet/web/servicehub.hypenet.ro/public_html/shub/servicehub.sock (2134196)
[2025-07-20 17:55:35 +0300] [2134196] [INFO] Using worker: sync
[2025-07-20 17:55:35 +0300] [2134198] [INFO] Booting worker with pid: 2134198
[2025-07-20 17:55:35 +0300] [2134199] [INFO] Booting worker with pid: 2134199
[2025-07-20 17:55:35 +0300] [2134200] [INFO] Booting worker with pid: 2134200
Internal Server Error: /dashboard
Traceback (most recent call last):
  File "/home/rvrp_webuser/web/rv-rp.ro/public_html/reverserp-venv/lib/python3.11/site-packages/django/core/handlers/exception.py", line 55, in inner
    response = get_response(request)
               ^^^^^^^^^^^^^^^^^^^^^
  File "/home/rvrp_webuser/web/rv-rp.ro/public_html/reverserp-venv/lib/python3.11/site-packages/django/core/handlers/base.py", line 197, in _get_response
    response = wrapped_callback(request, *callback_args, **callback_kwargs)
               ^^^^^^^^^^^^^^^^^^^^^^^^^^^^^^^^^^^^^^^^^^^^^^^^^^^^^^^^^^^^
  File "/home/hypenet/web/servicehub.hypenet.ro/public_html/shub/servicehub/classes/users.py", line 122, in DashboardHome
    data['revenue'] = get_revenue_data(data['company'].id, 4)
                      ^^^^^^^^^^^^^^^^^^^^^^^^^^^^^^^^^^^^^^^
  File "/home/hypenet/web/servicehub.hypenet.ro/public_html/shub/servicehub/classes/users.py", line 45, in get_revenue_data
    services = ServiceEntry.objects.all()
               ^^^^^^^^^^^^
NameError: name 'ServiceEntry' is not defined
Internal Server Error: /dashboard
Traceback (most recent call last):
  File "/home/rvrp_webuser/web/rv-rp.ro/public_html/reverserp-venv/lib/python3.11/site-packages/django/core/handlers/exception.py", line 55, in inner
    response = get_response(request)
               ^^^^^^^^^^^^^^^^^^^^^
  File "/home/rvrp_webuser/web/rv-rp.ro/public_html/reverserp-venv/lib/python3.11/site-packages/django/core/handlers/base.py", line 197, in _get_response
    response = wrapped_callback(request, *callback_args, **callback_kwargs)
               ^^^^^^^^^^^^^^^^^^^^^^^^^^^^^^^^^^^^^^^^^^^^^^^^^^^^^^^^^^^^
  File "/home/hypenet/web/servicehub.hypenet.ro/public_html/shub/servicehub/classes/users.py", line 122, in DashboardHome
    data['revenue'] = get_revenue_data(data['company'].id, 4)
                      ^^^^^^^^^^^^^^^^^^^^^^^^^^^^^^^^^^^^^^^
  File "/home/hypenet/web/servicehub.hypenet.ro/public_html/shub/servicehub/classes/users.py", line 45, in get_revenue_data
    services = ServiceEntry.objects.all()
               ^^^^^^^^^^^^
NameError: name 'ServiceEntry' is not defined
[2025-07-20 14:55:44 +0000] [2134198] [INFO] Worker exiting (pid: 2134198)
[2025-07-20 14:55:44 +0000] [2134199] [INFO] Worker exiting (pid: 2134199)
[2025-07-20 17:55:44 +0300] [2134196] [INFO] Handling signal: term
[2025-07-20 14:55:44 +0000] [2134200] [INFO] Worker exiting (pid: 2134200)
[2025-07-20 17:55:44 +0300] [2134196] [ERROR] Worker (pid:2134198) was sent SIGTERM!
[2025-07-20 17:55:44 +0300] [2134196] [ERROR] Worker (pid:2134199) was sent SIGTERM!
[2025-07-20 17:55:44 +0300] [2134196] [INFO] Shutting down: Master
[2025-07-20 17:55:44 +0300] [2134234] [INFO] Starting gunicorn 23.0.0
[2025-07-20 17:55:44 +0300] [2134234] [INFO] Listening at: unix:/home/hypenet/web/servicehub.hypenet.ro/public_html/shub/servicehub.sock (2134234)
[2025-07-20 17:55:44 +0300] [2134234] [INFO] Using worker: sync
[2025-07-20 17:55:44 +0300] [2134236] [INFO] Booting worker with pid: 2134236
[2025-07-20 17:55:44 +0300] [2134237] [INFO] Booting worker with pid: 2134237
[2025-07-20 17:55:44 +0300] [2134238] [INFO] Booting worker with pid: 2134238
Internal Server Error: /dashboard
Traceback (most recent call last):
  File "/home/rvrp_webuser/web/rv-rp.ro/public_html/reverserp-venv/lib/python3.11/site-packages/django/core/handlers/exception.py", line 55, in inner
    response = get_response(request)
               ^^^^^^^^^^^^^^^^^^^^^
  File "/home/rvrp_webuser/web/rv-rp.ro/public_html/reverserp-venv/lib/python3.11/site-packages/django/core/handlers/base.py", line 197, in _get_response
    response = wrapped_callback(request, *callback_args, **callback_kwargs)
               ^^^^^^^^^^^^^^^^^^^^^^^^^^^^^^^^^^^^^^^^^^^^^^^^^^^^^^^^^^^^
  File "/home/hypenet/web/servicehub.hypenet.ro/public_html/shub/servicehub/classes/users.py", line 122, in DashboardHome
    data['revenue'] = get_revenue_data(data['company'].id, 4)
                      ^^^^^^^^^^^^^^^^^^^^^^^^^^^^^^^^^^^^^^^
  File "/home/hypenet/web/servicehub.hypenet.ro/public_html/shub/servicehub/classes/users.py", line 50, in get_revenue_data
    revenue = parse_note_value(service.note)
              ^^^^^^^^^^^^^^^^
NameError: name 'parse_note_value' is not defined
Internal Server Error: /dashboard
Traceback (most recent call last):
  File "/home/rvrp_webuser/web/rv-rp.ro/public_html/reverserp-venv/lib/python3.11/site-packages/django/core/handlers/exception.py", line 55, in inner
    response = get_response(request)
               ^^^^^^^^^^^^^^^^^^^^^
  File "/home/rvrp_webuser/web/rv-rp.ro/public_html/reverserp-venv/lib/python3.11/site-packages/django/core/handlers/base.py", line 197, in _get_response
    response = wrapped_callback(request, *callback_args, **callback_kwargs)
               ^^^^^^^^^^^^^^^^^^^^^^^^^^^^^^^^^^^^^^^^^^^^^^^^^^^^^^^^^^^^
  File "/home/hypenet/web/servicehub.hypenet.ro/public_html/shub/servicehub/classes/users.py", line 122, in DashboardHome
    data['revenue'] = get_revenue_data(data['company'].id, 4)
                      ^^^^^^^^^^^^^^^^^^^^^^^^^^^^^^^^^^^^^^^
  File "/home/hypenet/web/servicehub.hypenet.ro/public_html/shub/servicehub/classes/users.py", line 50, in get_revenue_data
    revenue = parse_note_value(service.note)
              ^^^^^^^^^^^^^^^^
NameError: name 'parse_note_value' is not defined
[2025-07-20 14:56:05 +0000] [2134237] [INFO] Worker exiting (pid: 2134237)
[2025-07-20 14:56:05 +0000] [2134236] [INFO] Worker exiting (pid: 2134236)
[2025-07-20 17:56:05 +0300] [2134234] [INFO] Handling signal: term
[2025-07-20 14:56:05 +0000] [2134238] [INFO] Worker exiting (pid: 2134238)
[2025-07-20 17:56:05 +0300] [2134234] [ERROR] Worker (pid:2134236) was sent SIGTERM!
[2025-07-20 17:56:05 +0300] [2134234] [ERROR] Worker (pid:2134237) was sent SIGTERM!
[2025-07-20 17:56:05 +0300] [2134234] [ERROR] Worker (pid:2134238) was sent SIGTERM!
[2025-07-20 17:56:05 +0300] [2134234] [INFO] Shutting down: Master
[2025-07-20 17:56:05 +0300] [2134298] [INFO] Starting gunicorn 23.0.0
[2025-07-20 17:56:05 +0300] [2134298] [INFO] Listening at: unix:/home/hypenet/web/servicehub.hypenet.ro/public_html/shub/servicehub.sock (2134298)
[2025-07-20 17:56:05 +0300] [2134298] [INFO] Using worker: sync
[2025-07-20 17:56:05 +0300] [2134300] [INFO] Booting worker with pid: 2134300
[2025-07-20 17:56:05 +0300] [2134301] [INFO] Booting worker with pid: 2134301
[2025-07-20 17:56:05 +0300] [2134302] [INFO] Booting worker with pid: 2134302
[2025-07-20 14:56:51 +0000] [2134301] [INFO] Worker exiting (pid: 2134301)
[2025-07-20 14:56:51 +0000] [2134300] [INFO] Worker exiting (pid: 2134300)
[2025-07-20 17:56:51 +0300] [2134298] [INFO] Handling signal: term
[2025-07-20 14:56:51 +0000] [2134302] [INFO] Worker exiting (pid: 2134302)
[2025-07-20 17:56:51 +0300] [2134298] [ERROR] Worker (pid:2134302) was sent SIGTERM!
[2025-07-20 17:56:51 +0300] [2134298] [INFO] Shutting down: Master
[2025-07-20 17:56:51 +0300] [2134348] [INFO] Starting gunicorn 23.0.0
[2025-07-20 17:56:51 +0300] [2134348] [INFO] Listening at: unix:/home/hypenet/web/servicehub.hypenet.ro/public_html/shub/servicehub.sock (2134348)
[2025-07-20 17:56:51 +0300] [2134348] [INFO] Using worker: sync
[2025-07-20 17:56:51 +0300] [2134350] [INFO] Booting worker with pid: 2134350
[2025-07-20 17:56:51 +0300] [2134351] [INFO] Booting worker with pid: 2134351
[2025-07-20 17:56:51 +0300] [2134352] [INFO] Booting worker with pid: 2134352
[2025-07-20 17:57:05 +0300] [2134348] [INFO] Handling signal: term
[2025-07-20 14:57:05 +0000] [2134350] [INFO] Worker exiting (pid: 2134350)
[2025-07-20 14:57:05 +0000] [2134351] [INFO] Worker exiting (pid: 2134351)
[2025-07-20 14:57:05 +0000] [2134352] [INFO] Worker exiting (pid: 2134352)
[2025-07-20 17:57:05 +0300] [2134348] [INFO] Shutting down: Master
[2025-07-20 17:57:05 +0300] [2134454] [INFO] Starting gunicorn 23.0.0
[2025-07-20 17:57:05 +0300] [2134454] [INFO] Listening at: unix:/home/hypenet/web/servicehub.hypenet.ro/public_html/shub/servicehub.sock (2134454)
[2025-07-20 17:57:05 +0300] [2134454] [INFO] Using worker: sync
[2025-07-20 17:57:05 +0300] [2134456] [INFO] Booting worker with pid: 2134456
[2025-07-20 17:57:05 +0300] [2134457] [INFO] Booting worker with pid: 2134457
[2025-07-20 17:57:05 +0300] [2134458] [INFO] Booting worker with pid: 2134458
[2025-07-20 14:57:16 +0000] [2134456] [INFO] Worker exiting (pid: 2134456)
[2025-07-20 17:57:16 +0300] [2134454] [INFO] Handling signal: term
[2025-07-20 14:57:16 +0000] [2134457] [INFO] Worker exiting (pid: 2134457)
[2025-07-20 14:57:16 +0000] [2134458] [INFO] Worker exiting (pid: 2134458)
[2025-07-20 17:57:16 +0300] [2134454] [INFO] Shutting down: Master
[2025-07-20 17:57:16 +0300] [2134491] [INFO] Starting gunicorn 23.0.0
[2025-07-20 17:57:16 +0300] [2134491] [INFO] Listening at: unix:/home/hypenet/web/servicehub.hypenet.ro/public_html/shub/servicehub.sock (2134491)
[2025-07-20 17:57:16 +0300] [2134491] [INFO] Using worker: sync
[2025-07-20 17:57:16 +0300] [2134493] [INFO] Booting worker with pid: 2134493
[2025-07-20 17:57:16 +0300] [2134494] [INFO] Booting worker with pid: 2134494
[2025-07-20 17:57:17 +0300] [2134495] [INFO] Booting worker with pid: 2134495
[2025-07-20 14:57:28 +0000] [2134495] [INFO] Worker exiting (pid: 2134495)
[2025-07-20 14:57:28 +0000] [2134494] [INFO] Worker exiting (pid: 2134494)
[2025-07-20 14:57:28 +0000] [2134493] [INFO] Worker exiting (pid: 2134493)
[2025-07-20 17:57:28 +0300] [2134491] [INFO] Handling signal: term
[2025-07-20 17:57:28 +0300] [2134491] [ERROR] Worker (pid:2134495) was sent SIGTERM!
[2025-07-20 17:57:28 +0300] [2134491] [ERROR] Worker (pid:2134494) was sent SIGTERM!
[2025-07-20 17:57:28 +0300] [2134491] [ERROR] Worker (pid:2134493) was sent SIGTERM!
[2025-07-20 17:57:28 +0300] [2134491] [INFO] Shutting down: Master
[2025-07-20 17:57:28 +0300] [2134530] [INFO] Starting gunicorn 23.0.0
[2025-07-20 17:57:28 +0300] [2134530] [INFO] Listening at: unix:/home/hypenet/web/servicehub.hypenet.ro/public_html/shub/servicehub.sock (2134530)
[2025-07-20 17:57:28 +0300] [2134530] [INFO] Using worker: sync
[2025-07-20 17:57:28 +0300] [2134532] [INFO] Booting worker with pid: 2134532
[2025-07-20 17:57:28 +0300] [2134533] [INFO] Booting worker with pid: 2134533
[2025-07-20 17:57:28 +0300] [2134534] [INFO] Booting worker with pid: 2134534
[2025-07-20 14:57:37 +0000] [2134532] [INFO] Worker exiting (pid: 2134532)
[2025-07-20 17:57:37 +0300] [2134530] [INFO] Handling signal: term
[2025-07-20 14:57:37 +0000] [2134533] [INFO] Worker exiting (pid: 2134533)
[2025-07-20 14:57:37 +0000] [2134534] [INFO] Worker exiting (pid: 2134534)
[2025-07-20 17:57:37 +0300] [2134530] [INFO] Shutting down: Master
[2025-07-20 17:57:37 +0300] [2134567] [INFO] Starting gunicorn 23.0.0
[2025-07-20 17:57:37 +0300] [2134567] [INFO] Listening at: unix:/home/hypenet/web/servicehub.hypenet.ro/public_html/shub/servicehub.sock (2134567)
[2025-07-20 17:57:37 +0300] [2134567] [INFO] Using worker: sync
[2025-07-20 17:57:37 +0300] [2134569] [INFO] Booting worker with pid: 2134569
[2025-07-20 17:57:38 +0300] [2134570] [INFO] Booting worker with pid: 2134570
[2025-07-20 17:57:38 +0300] [2134571] [INFO] Booting worker with pid: 2134571
[2025-07-20 14:57:43 +0000] [2134569] [INFO] Worker exiting (pid: 2134569)
[2025-07-20 17:57:43 +0300] [2134567] [INFO] Handling signal: term
[2025-07-20 14:57:43 +0000] [2134570] [INFO] Worker exiting (pid: 2134570)
[2025-07-20 14:57:43 +0000] [2134571] [INFO] Worker exiting (pid: 2134571)
[2025-07-20 17:57:43 +0300] [2134567] [INFO] Shutting down: Master
[2025-07-20 17:57:43 +0300] [2134592] [INFO] Starting gunicorn 23.0.0
[2025-07-20 17:57:43 +0300] [2134592] [INFO] Listening at: unix:/home/hypenet/web/servicehub.hypenet.ro/public_html/shub/servicehub.sock (2134592)
[2025-07-20 17:57:43 +0300] [2134592] [INFO] Using worker: sync
[2025-07-20 17:57:44 +0300] [2134594] [INFO] Booting worker with pid: 2134594
[2025-07-20 17:57:44 +0300] [2134595] [INFO] Booting worker with pid: 2134595
[2025-07-20 17:57:44 +0300] [2134596] [INFO] Booting worker with pid: 2134596
[2025-07-20 17:57:52 +0300] [2134592] [INFO] Handling signal: term
[2025-07-20 14:57:52 +0000] [2134594] [INFO] Worker exiting (pid: 2134594)
[2025-07-20 14:57:52 +0000] [2134595] [INFO] Worker exiting (pid: 2134595)
[2025-07-20 14:57:52 +0000] [2134596] [INFO] Worker exiting (pid: 2134596)
[2025-07-20 17:57:52 +0300] [2134592] [INFO] Shutting down: Master
[2025-07-20 17:57:52 +0300] [2134629] [INFO] Starting gunicorn 23.0.0
[2025-07-20 17:57:52 +0300] [2134629] [INFO] Listening at: unix:/home/hypenet/web/servicehub.hypenet.ro/public_html/shub/servicehub.sock (2134629)
[2025-07-20 17:57:52 +0300] [2134629] [INFO] Using worker: sync
[2025-07-20 17:57:52 +0300] [2134631] [INFO] Booting worker with pid: 2134631
[2025-07-20 17:57:53 +0300] [2134632] [INFO] Booting worker with pid: 2134632
[2025-07-20 17:57:53 +0300] [2134633] [INFO] Booting worker with pid: 2134633
[2025-07-20 14:58:05 +0000] [2134631] [INFO] Worker exiting (pid: 2134631)
[2025-07-20 17:58:05 +0300] [2134629] [INFO] Handling signal: term
[2025-07-20 14:58:05 +0000] [2134632] [INFO] Worker exiting (pid: 2134632)
[2025-07-20 14:58:05 +0000] [2134633] [INFO] Worker exiting (pid: 2134633)
[2025-07-20 17:58:05 +0300] [2134629] [INFO] Shutting down: Master
[2025-07-20 17:58:05 +0300] [2134685] [INFO] Starting gunicorn 23.0.0
[2025-07-20 17:58:05 +0300] [2134685] [INFO] Listening at: unix:/home/hypenet/web/servicehub.hypenet.ro/public_html/shub/servicehub.sock (2134685)
[2025-07-20 17:58:05 +0300] [2134685] [INFO] Using worker: sync
[2025-07-20 17:58:05 +0300] [2134687] [INFO] Booting worker with pid: 2134687
[2025-07-20 17:58:05 +0300] [2134688] [INFO] Booting worker with pid: 2134688
[2025-07-20 17:58:05 +0300] [2134689] [INFO] Booting worker with pid: 2134689
[2025-07-20 17:59:38 +0300] [2134685] [INFO] Handling signal: term
[2025-07-20 14:59:38 +0000] [2134689] [INFO] Worker exiting (pid: 2134689)
[2025-07-20 14:59:38 +0000] [2134687] [INFO] Worker exiting (pid: 2134687)
[2025-07-20 14:59:38 +0000] [2134688] [INFO] Worker exiting (pid: 2134688)
[2025-07-20 17:59:38 +0300] [2134685] [INFO] Shutting down: Master
[2025-07-20 17:59:38 +0300] [2134755] [INFO] Starting gunicorn 23.0.0
[2025-07-20 17:59:38 +0300] [2134755] [INFO] Listening at: unix:/home/hypenet/web/servicehub.hypenet.ro/public_html/shub/servicehub.sock (2134755)
[2025-07-20 17:59:38 +0300] [2134755] [INFO] Using worker: sync
[2025-07-20 17:59:38 +0300] [2134757] [INFO] Booting worker with pid: 2134757
[2025-07-20 17:59:38 +0300] [2134758] [INFO] Booting worker with pid: 2134758
[2025-07-20 17:59:38 +0300] [2134759] [INFO] Booting worker with pid: 2134759
[2025-07-20 15:00:25 +0000] [2134757] [INFO] Worker exiting (pid: 2134757)
[2025-07-20 18:00:25 +0300] [2134755] [INFO] Handling signal: term
[2025-07-20 15:00:25 +0000] [2134758] [INFO] Worker exiting (pid: 2134758)
[2025-07-20 15:00:25 +0000] [2134759] [INFO] Worker exiting (pid: 2134759)
[2025-07-20 18:00:25 +0300] [2134755] [INFO] Shutting down: Master
[2025-07-20 18:00:25 +0300] [2135425] [INFO] Starting gunicorn 23.0.0
[2025-07-20 18:00:25 +0300] [2135425] [INFO] Listening at: unix:/home/hypenet/web/servicehub.hypenet.ro/public_html/shub/servicehub.sock (2135425)
[2025-07-20 18:00:25 +0300] [2135425] [INFO] Using worker: sync
[2025-07-20 18:00:25 +0300] [2135427] [INFO] Booting worker with pid: 2135427
[2025-07-20 18:00:25 +0300] [2135428] [INFO] Booting worker with pid: 2135428
[2025-07-20 18:00:25 +0300] [2135429] [INFO] Booting worker with pid: 2135429
[2025-07-20 15:06:17 +0000] [2135427] [INFO] Worker exiting (pid: 2135427)
[2025-07-20 18:06:17 +0300] [2135425] [INFO] Handling signal: term
[2025-07-20 15:06:17 +0000] [2135428] [INFO] Worker exiting (pid: 2135428)
[2025-07-20 15:06:17 +0000] [2135429] [INFO] Worker exiting (pid: 2135429)
[2025-07-20 18:06:18 +0300] [2135425] [INFO] Shutting down: Master
[2025-07-20 18:06:18 +0300] [2136249] [INFO] Starting gunicorn 23.0.0
[2025-07-20 18:06:18 +0300] [2136249] [INFO] Listening at: unix:/home/hypenet/web/servicehub.hypenet.ro/public_html/shub/servicehub.sock (2136249)
[2025-07-20 18:06:18 +0300] [2136249] [INFO] Using worker: sync
[2025-07-20 18:06:18 +0300] [2136251] [INFO] Booting worker with pid: 2136251
[2025-07-20 18:06:18 +0300] [2136252] [INFO] Booting worker with pid: 2136252
[2025-07-20 18:06:18 +0300] [2136253] [INFO] Booting worker with pid: 2136253
[2025-07-20 18:07:55 +0300] [2136249] [INFO] Handling signal: term
[2025-07-20 15:07:55 +0000] [2136251] [INFO] Worker exiting (pid: 2136251)
[2025-07-20 15:07:55 +0000] [2136253] [INFO] Worker exiting (pid: 2136253)
[2025-07-20 15:07:55 +0000] [2136252] [INFO] Worker exiting (pid: 2136252)
[2025-07-20 18:07:55 +0300] [2136249] [INFO] Shutting down: Master
[2025-07-20 18:07:55 +0300] [2136304] [INFO] Starting gunicorn 23.0.0
[2025-07-20 18:07:55 +0300] [2136304] [INFO] Listening at: unix:/home/hypenet/web/servicehub.hypenet.ro/public_html/shub/servicehub.sock (2136304)
[2025-07-20 18:07:55 +0300] [2136304] [INFO] Using worker: sync
[2025-07-20 18:07:55 +0300] [2136306] [INFO] Booting worker with pid: 2136306
[2025-07-20 18:07:55 +0300] [2136307] [INFO] Booting worker with pid: 2136307
[2025-07-20 18:07:55 +0300] [2136308] [INFO] Booting worker with pid: 2136308
/home/rvrp_webuser/web/rv-rp.ro/public_html/reverserp-venv/lib/python3.11/site-packages/django/db/models/fields/__init__.py:1595: RuntimeWarning: DateTimeField Services.date received a naive datetime (2025-07-01 00:00:00) while time zone support is active.
  warnings.warn(
/home/rvrp_webuser/web/rv-rp.ro/public_html/reverserp-venv/lib/python3.11/site-packages/django/db/models/fields/__init__.py:1595: RuntimeWarning: DateTimeField Services.date received a naive datetime (2025-07-31 00:00:00) while time zone support is active.
  warnings.warn(
[2025-07-20 15:19:44 +0000] [2136307] [INFO] Worker exiting (pid: 2136307)
[2025-07-20 15:19:44 +0000] [2136306] [INFO] Worker exiting (pid: 2136306)
[2025-07-20 15:19:44 +0000] [2136308] [INFO] Worker exiting (pid: 2136308)
[2025-07-20 18:19:44 +0300] [2136304] [INFO] Handling signal: term
[2025-07-20 18:19:44 +0300] [2136304] [ERROR] Worker (pid:2136308) was sent SIGTERM!
[2025-07-20 18:19:44 +0300] [2136304] [ERROR] Worker (pid:2136306) was sent SIGTERM!
[2025-07-20 18:19:44 +0300] [2136304] [ERROR] Worker (pid:2136307) was sent SIGTERM!
[2025-07-20 18:19:44 +0300] [2136304] [INFO] Shutting down: Master
[2025-07-20 18:19:44 +0300] [2137848] [INFO] Starting gunicorn 23.0.0
[2025-07-20 18:19:44 +0300] [2137848] [INFO] Listening at: unix:/home/hypenet/web/servicehub.hypenet.ro/public_html/shub/servicehub.sock (2137848)
[2025-07-20 18:19:44 +0300] [2137848] [INFO] Using worker: sync
[2025-07-20 18:19:44 +0300] [2137850] [INFO] Booting worker with pid: 2137850
[2025-07-20 18:19:44 +0300] [2137851] [INFO] Booting worker with pid: 2137851
[2025-07-20 18:19:44 +0300] [2137852] [INFO] Booting worker with pid: 2137852
[2025-07-20 15:20:35 +0000] [2137850] [INFO] Worker exiting (pid: 2137850)
[2025-07-20 18:20:35 +0300] [2137848] [INFO] Handling signal: term
[2025-07-20 15:20:35 +0000] [2137851] [INFO] Worker exiting (pid: 2137851)
[2025-07-20 15:20:35 +0000] [2137852] [INFO] Worker exiting (pid: 2137852)
[2025-07-20 18:20:35 +0300] [2137848] [INFO] Shutting down: Master
[2025-07-20 18:20:35 +0300] [2138286] [INFO] Starting gunicorn 23.0.0
[2025-07-20 18:20:35 +0300] [2138286] [INFO] Listening at: unix:/home/hypenet/web/servicehub.hypenet.ro/public_html/shub/servicehub.sock (2138286)
[2025-07-20 18:20:35 +0300] [2138286] [INFO] Using worker: sync
[2025-07-20 18:20:35 +0300] [2138288] [INFO] Booting worker with pid: 2138288
[2025-07-20 18:20:35 +0300] [2138289] [INFO] Booting worker with pid: 2138289
[2025-07-20 18:20:35 +0300] [2138290] [INFO] Booting worker with pid: 2138290
[2025-07-20 18:22:27 +0300] [2138286] [INFO] Handling signal: term
[2025-07-20 15:22:27 +0000] [2138288] [INFO] Worker exiting (pid: 2138288)
[2025-07-20 15:22:27 +0000] [2138289] [INFO] Worker exiting (pid: 2138289)
[2025-07-20 15:22:27 +0000] [2138290] [INFO] Worker exiting (pid: 2138290)
[2025-07-20 18:22:27 +0300] [2138286] [INFO] Shutting down: Master
[2025-07-20 18:22:27 +0300] [2138371] [INFO] Starting gunicorn 23.0.0
[2025-07-20 18:22:27 +0300] [2138371] [INFO] Listening at: unix:/home/hypenet/web/servicehub.hypenet.ro/public_html/shub/servicehub.sock (2138371)
[2025-07-20 18:22:27 +0300] [2138371] [INFO] Using worker: sync
[2025-07-20 18:22:27 +0300] [2138373] [INFO] Booting worker with pid: 2138373
[2025-07-20 18:22:27 +0300] [2138374] [INFO] Booting worker with pid: 2138374
[2025-07-20 18:22:27 +0300] [2138375] [INFO] Booting worker with pid: 2138375
[2025-07-20 18:22:58 +0300] [2138371] [INFO] Handling signal: term
[2025-07-20 15:22:58 +0000] [2138373] [INFO] Worker exiting (pid: 2138373)
[2025-07-20 15:22:58 +0000] [2138374] [INFO] Worker exiting (pid: 2138374)
[2025-07-20 15:22:58 +0000] [2138375] [INFO] Worker exiting (pid: 2138375)
[2025-07-20 18:22:58 +0300] [2138371] [INFO] Shutting down: Master
[2025-07-20 18:22:58 +0300] [2138410] [INFO] Starting gunicorn 23.0.0
[2025-07-20 18:22:58 +0300] [2138410] [INFO] Listening at: unix:/home/hypenet/web/servicehub.hypenet.ro/public_html/shub/servicehub.sock (2138410)
[2025-07-20 18:22:58 +0300] [2138410] [INFO] Using worker: sync
[2025-07-20 18:22:58 +0300] [2138412] [INFO] Booting worker with pid: 2138412
[2025-07-20 18:22:58 +0300] [2138413] [INFO] Booting worker with pid: 2138413
[2025-07-20 18:22:58 +0300] [2138414] [INFO] Booting worker with pid: 2138414
[2025-07-20 15:23:48 +0000] [2138413] [INFO] Worker exiting (pid: 2138413)
[2025-07-20 18:23:48 +0300] [2138410] [INFO] Handling signal: term
[2025-07-20 15:23:48 +0000] [2138412] [INFO] Worker exiting (pid: 2138412)
[2025-07-20 15:23:48 +0000] [2138414] [INFO] Worker exiting (pid: 2138414)
[2025-07-20 18:23:48 +0300] [2138410] [INFO] Shutting down: Master
[2025-07-20 18:23:48 +0300] [2138456] [INFO] Starting gunicorn 23.0.0
[2025-07-20 18:23:48 +0300] [2138456] [INFO] Listening at: unix:/home/hypenet/web/servicehub.hypenet.ro/public_html/shub/servicehub.sock (2138456)
[2025-07-20 18:23:48 +0300] [2138456] [INFO] Using worker: sync
[2025-07-20 18:23:48 +0300] [2138458] [INFO] Booting worker with pid: 2138458
[2025-07-20 18:23:48 +0300] [2138459] [INFO] Booting worker with pid: 2138459
[2025-07-20 18:23:49 +0300] [2138460] [INFO] Booting worker with pid: 2138460
[2025-07-20 18:24:05 +0300] [2138456] [INFO] Handling signal: term
[2025-07-20 15:24:05 +0000] [2138458] [INFO] Worker exiting (pid: 2138458)
[2025-07-20 15:24:05 +0000] [2138459] [INFO] Worker exiting (pid: 2138459)
[2025-07-20 15:24:05 +0000] [2138460] [INFO] Worker exiting (pid: 2138460)
[2025-07-20 18:24:05 +0300] [2138456] [ERROR] Worker (pid:2138459) was sent SIGTERM!
[2025-07-20 18:24:05 +0300] [2138456] [ERROR] Worker (pid:2138460) was sent SIGTERM!
[2025-07-20 18:24:05 +0300] [2138456] [ERROR] Worker (pid:2138458) was sent SIGTERM!
[2025-07-20 18:24:05 +0300] [2138456] [INFO] Shutting down: Master
[2025-07-20 18:24:05 +0300] [2138522] [INFO] Starting gunicorn 23.0.0
[2025-07-20 18:24:05 +0300] [2138522] [INFO] Listening at: unix:/home/hypenet/web/servicehub.hypenet.ro/public_html/shub/servicehub.sock (2138522)
[2025-07-20 18:24:05 +0300] [2138522] [INFO] Using worker: sync
[2025-07-20 18:24:05 +0300] [2138524] [INFO] Booting worker with pid: 2138524
[2025-07-20 18:24:05 +0300] [2138525] [INFO] Booting worker with pid: 2138525
[2025-07-20 18:24:05 +0300] [2138526] [INFO] Booting worker with pid: 2138526
[2025-07-20 15:28:41 +0000] [2138524] [INFO] Worker exiting (pid: 2138524)
[2025-07-20 15:28:41 +0000] [2138525] [INFO] Worker exiting (pid: 2138525)
[2025-07-20 18:28:41 +0300] [2138522] [INFO] Handling signal: term
[2025-07-20 15:28:41 +0000] [2138526] [INFO] Worker exiting (pid: 2138526)
[2025-07-20 18:28:41 +0300] [2138522] [ERROR] Worker (pid:2138525) was sent SIGTERM!
[2025-07-20 18:28:41 +0300] [2138522] [ERROR] Worker (pid:2138524) was sent SIGTERM!
[2025-07-20 18:28:41 +0300] [2138522] [INFO] Shutting down: Master
[2025-07-20 18:28:41 +0300] [2139077] [INFO] Starting gunicorn 23.0.0
[2025-07-20 18:28:41 +0300] [2139077] [INFO] Listening at: unix:/home/hypenet/web/servicehub.hypenet.ro/public_html/shub/servicehub.sock (2139077)
[2025-07-20 18:28:41 +0300] [2139077] [INFO] Using worker: sync
[2025-07-20 18:28:41 +0300] [2139079] [INFO] Booting worker with pid: 2139079
[2025-07-20 18:28:41 +0300] [2139080] [INFO] Booting worker with pid: 2139080
[2025-07-20 18:28:41 +0300] [2139081] [INFO] Booting worker with pid: 2139081
Internal Server Error: /dashboard
Traceback (most recent call last):
  File "/home/rvrp_webuser/web/rv-rp.ro/public_html/reverserp-venv/lib/python3.11/site-packages/django/db/models/fields/__init__.py", line 2053, in get_prep_value
    return int(value)
           ^^^^^^^^^^
ValueError: invalid literal for int() with base 10: ''

The above exception was the direct cause of the following exception:

Traceback (most recent call last):
  File "/home/rvrp_webuser/web/rv-rp.ro/public_html/reverserp-venv/lib/python3.11/site-packages/django/core/handlers/exception.py", line 55, in inner
    response = get_response(request)
               ^^^^^^^^^^^^^^^^^^^^^
  File "/home/rvrp_webuser/web/rv-rp.ro/public_html/reverserp-venv/lib/python3.11/site-packages/django/core/handlers/base.py", line 197, in _get_response
    response = wrapped_callback(request, *callback_args, **callback_kwargs)
               ^^^^^^^^^^^^^^^^^^^^^^^^^^^^^^^^^^^^^^^^^^^^^^^^^^^^^^^^^^^^
  File "/home/hypenet/web/servicehub.hypenet.ro/public_html/shub/servicehub/classes/users.py", line 80, in DashboardHome
    companies += f"{GetCompanyFromID(c_id)}, "
                    ^^^^^^^^^^^^^^^^^^^^^^
  File "/home/hypenet/web/servicehub.hypenet.ro/public_html/shub/servicehub/classes/users.py", line 280, in GetCompanyFromID
    a = Accounts.objects.filter(id=id).all().first()
        ^^^^^^^^^^^^^^^^^^^^^^^^^^^^^^
  File "/home/rvrp_webuser/web/rv-rp.ro/public_html/reverserp-venv/lib/python3.11/site-packages/django/db/models/manager.py", line 87, in manager_method
    return getattr(self.get_queryset(), name)(*args, **kwargs)
           ^^^^^^^^^^^^^^^^^^^^^^^^^^^^^^^^^^^^^^^^^^^^^^^^^^^
  File "/home/rvrp_webuser/web/rv-rp.ro/public_html/reverserp-venv/lib/python3.11/site-packages/django/db/models/query.py", line 1436, in filter
    return self._filter_or_exclude(False, args, kwargs)
           ^^^^^^^^^^^^^^^^^^^^^^^^^^^^^^^^^^^^^^^^^^^^
  File "/home/rvrp_webuser/web/rv-rp.ro/public_html/reverserp-venv/lib/python3.11/site-packages/django/db/models/query.py", line 1454, in _filter_or_exclude
    clone._filter_or_exclude_inplace(negate, args, kwargs)
  File "/home/rvrp_webuser/web/rv-rp.ro/public_html/reverserp-venv/lib/python3.11/site-packages/django/db/models/query.py", line 1461, in _filter_or_exclude_inplace
    self._query.add_q(Q(*args, **kwargs))
  File "/home/rvrp_webuser/web/rv-rp.ro/public_html/reverserp-venv/lib/python3.11/site-packages/django/db/models/sql/query.py", line 1546, in add_q
    clause, _ = self._add_q(q_object, self.used_aliases)
                ^^^^^^^^^^^^^^^^^^^^^^^^^^^^^^^^^^^^^^^^
  File "/home/rvrp_webuser/web/rv-rp.ro/public_html/reverserp-venv/lib/python3.11/site-packages/django/db/models/sql/query.py", line 1577, in _add_q
    child_clause, needed_inner = self.build_filter(
                                 ^^^^^^^^^^^^^^^^^^
  File "/home/rvrp_webuser/web/rv-rp.ro/public_html/reverserp-venv/lib/python3.11/site-packages/django/db/models/sql/query.py", line 1492, in build_filter
    condition = self.build_lookup(lookups, col, value)
                ^^^^^^^^^^^^^^^^^^^^^^^^^^^^^^^^^^^^^^
  File "/home/rvrp_webuser/web/rv-rp.ro/public_html/reverserp-venv/lib/python3.11/site-packages/django/db/models/sql/query.py", line 1319, in build_lookup
    lookup = lookup_class(lhs, rhs)
             ^^^^^^^^^^^^^^^^^^^^^^
  File "/home/rvrp_webuser/web/rv-rp.ro/public_html/reverserp-venv/lib/python3.11/site-packages/django/db/models/lookups.py", line 27, in __init__
    self.rhs = self.get_prep_lookup()
               ^^^^^^^^^^^^^^^^^^^^^^
  File "/home/rvrp_webuser/web/rv-rp.ro/public_html/reverserp-venv/lib/python3.11/site-packages/django/db/models/lookups.py", line 341, in get_prep_lookup
    return super().get_prep_lookup()
           ^^^^^^^^^^^^^^^^^^^^^^^^^
  File "/home/rvrp_webuser/web/rv-rp.ro/public_html/reverserp-venv/lib/python3.11/site-packages/django/db/models/lookups.py", line 85, in get_prep_lookup
    return self.lhs.output_field.get_prep_value(self.rhs)
           ^^^^^^^^^^^^^^^^^^^^^^^^^^^^^^^^^^^^^^^^^^^^^^
  File "/home/rvrp_webuser/web/rv-rp.ro/public_html/reverserp-venv/lib/python3.11/site-packages/django/db/models/fields/__init__.py", line 2055, in get_prep_value
    raise e.__class__(
ValueError: Field 'id' expected a number but got ''.
[2025-07-20 15:29:36 +0000] [2139079] [INFO] Worker exiting (pid: 2139079)
[2025-07-20 18:29:36 +0300] [2139077] [INFO] Handling signal: term
[2025-07-20 15:29:36 +0000] [2139080] [INFO] Worker exiting (pid: 2139080)
[2025-07-20 15:29:36 +0000] [2139081] [INFO] Worker exiting (pid: 2139081)
[2025-07-20 18:29:36 +0300] [2139077] [ERROR] Worker (pid:2139081) was sent SIGTERM!
[2025-07-20 18:29:36 +0300] [2139077] [INFO] Shutting down: Master
[2025-07-20 18:29:36 +0300] [2139184] [INFO] Starting gunicorn 23.0.0
[2025-07-20 18:29:36 +0300] [2139184] [INFO] Listening at: unix:/home/hypenet/web/servicehub.hypenet.ro/public_html/shub/servicehub.sock (2139184)
[2025-07-20 18:29:36 +0300] [2139184] [INFO] Using worker: sync
[2025-07-20 18:29:36 +0300] [2139186] [INFO] Booting worker with pid: 2139186
[2025-07-20 18:29:36 +0300] [2139187] [INFO] Booting worker with pid: 2139187
[2025-07-20 18:29:36 +0300] [2139188] [INFO] Booting worker with pid: 2139188
Internal Server Error: /dashboard
Traceback (most recent call last):
  File "/home/rvrp_webuser/web/rv-rp.ro/public_html/reverserp-venv/lib/python3.11/site-packages/django/core/handlers/exception.py", line 55, in inner
    response = get_response(request)
               ^^^^^^^^^^^^^^^^^^^^^
  File "/home/rvrp_webuser/web/rv-rp.ro/public_html/reverserp-venv/lib/python3.11/site-packages/django/core/handlers/base.py", line 197, in _get_response
    response = wrapped_callback(request, *callback_args, **callback_kwargs)
               ^^^^^^^^^^^^^^^^^^^^^^^^^^^^^^^^^^^^^^^^^^^^^^^^^^^^^^^^^^^^
  File "/home/hypenet/web/servicehub.hypenet.ro/public_html/shub/servicehub/classes/users.py", line 81, in DashboardHome
    if workshops.length > 0:
       ^^^^^^^^^^^^^^^^
AttributeError: 'list' object has no attribute 'length'
Internal Server Error: /dashboard
Traceback (most recent call last):
  File "/home/rvrp_webuser/web/rv-rp.ro/public_html/reverserp-venv/lib/python3.11/site-packages/django/core/handlers/exception.py", line 55, in inner
    response = get_response(request)
               ^^^^^^^^^^^^^^^^^^^^^
  File "/home/rvrp_webuser/web/rv-rp.ro/public_html/reverserp-venv/lib/python3.11/site-packages/django/core/handlers/base.py", line 197, in _get_response
    response = wrapped_callback(request, *callback_args, **callback_kwargs)
               ^^^^^^^^^^^^^^^^^^^^^^^^^^^^^^^^^^^^^^^^^^^^^^^^^^^^^^^^^^^^
  File "/home/hypenet/web/servicehub.hypenet.ro/public_html/shub/servicehub/classes/users.py", line 81, in DashboardHome
    if workshops.length > 0:
       ^^^^^^^^^^^^^^^^
AttributeError: 'list' object has no attribute 'length'
[2025-07-20 15:29:47 +0000] [2139186] [INFO] Worker exiting (pid: 2139186)
[2025-07-20 15:29:47 +0000] [2139187] [INFO] Worker exiting (pid: 2139187)
[2025-07-20 15:29:47 +0000] [2139188] [INFO] Worker exiting (pid: 2139188)
[2025-07-20 18:29:47 +0300] [2139184] [INFO] Handling signal: term
[2025-07-20 18:29:47 +0300] [2139184] [ERROR] Worker (pid:2139186) was sent SIGTERM!
[2025-07-20 18:29:47 +0300] [2139184] [ERROR] Worker (pid:2139188) was sent SIGTERM!
[2025-07-20 18:29:47 +0300] [2139184] [ERROR] Worker (pid:2139187) was sent SIGTERM!
[2025-07-20 18:29:47 +0300] [2139184] [INFO] Shutting down: Master
[2025-07-20 18:29:47 +0300] [2139221] [INFO] Starting gunicorn 23.0.0
[2025-07-20 18:29:47 +0300] [2139221] [INFO] Listening at: unix:/home/hypenet/web/servicehub.hypenet.ro/public_html/shub/servicehub.sock (2139221)
[2025-07-20 18:29:47 +0300] [2139221] [INFO] Using worker: sync
[2025-07-20 18:29:47 +0300] [2139223] [INFO] Booting worker with pid: 2139223
[2025-07-20 18:29:48 +0300] [2139224] [INFO] Booting worker with pid: 2139224
[2025-07-20 18:29:48 +0300] [2139225] [INFO] Booting worker with pid: 2139225
Internal Server Error: /dashboard
Traceback (most recent call last):
  File "/home/rvrp_webuser/web/rv-rp.ro/public_html/reverserp-venv/lib/python3.11/site-packages/django/db/models/fields/__init__.py", line 2053, in get_prep_value
    return int(value)
           ^^^^^^^^^^
ValueError: invalid literal for int() with base 10: ''

The above exception was the direct cause of the following exception:

Traceback (most recent call last):
  File "/home/rvrp_webuser/web/rv-rp.ro/public_html/reverserp-venv/lib/python3.11/site-packages/django/core/handlers/exception.py", line 55, in inner
    response = get_response(request)
               ^^^^^^^^^^^^^^^^^^^^^
  File "/home/rvrp_webuser/web/rv-rp.ro/public_html/reverserp-venv/lib/python3.11/site-packages/django/core/handlers/base.py", line 197, in _get_response
    response = wrapped_callback(request, *callback_args, **callback_kwargs)
               ^^^^^^^^^^^^^^^^^^^^^^^^^^^^^^^^^^^^^^^^^^^^^^^^^^^^^^^^^^^^
  File "/home/hypenet/web/servicehub.hypenet.ro/public_html/shub/servicehub/classes/users.py", line 83, in DashboardHome
    companies += f"{GetCompanyFromID(c_id)}, "
                    ^^^^^^^^^^^^^^^^^^^^^^
  File "/home/hypenet/web/servicehub.hypenet.ro/public_html/shub/servicehub/classes/users.py", line 283, in GetCompanyFromID
    a = Accounts.objects.filter(id=id).all().first()
        ^^^^^^^^^^^^^^^^^^^^^^^^^^^^^^
  File "/home/rvrp_webuser/web/rv-rp.ro/public_html/reverserp-venv/lib/python3.11/site-packages/django/db/models/manager.py", line 87, in manager_method
    return getattr(self.get_queryset(), name)(*args, **kwargs)
           ^^^^^^^^^^^^^^^^^^^^^^^^^^^^^^^^^^^^^^^^^^^^^^^^^^^
  File "/home/rvrp_webuser/web/rv-rp.ro/public_html/reverserp-venv/lib/python3.11/site-packages/django/db/models/query.py", line 1436, in filter
    return self._filter_or_exclude(False, args, kwargs)
           ^^^^^^^^^^^^^^^^^^^^^^^^^^^^^^^^^^^^^^^^^^^^
  File "/home/rvrp_webuser/web/rv-rp.ro/public_html/reverserp-venv/lib/python3.11/site-packages/django/db/models/query.py", line 1454, in _filter_or_exclude
    clone._filter_or_exclude_inplace(negate, args, kwargs)
  File "/home/rvrp_webuser/web/rv-rp.ro/public_html/reverserp-venv/lib/python3.11/site-packages/django/db/models/query.py", line 1461, in _filter_or_exclude_inplace
    self._query.add_q(Q(*args, **kwargs))
  File "/home/rvrp_webuser/web/rv-rp.ro/public_html/reverserp-venv/lib/python3.11/site-packages/django/db/models/sql/query.py", line 1546, in add_q
    clause, _ = self._add_q(q_object, self.used_aliases)
                ^^^^^^^^^^^^^^^^^^^^^^^^^^^^^^^^^^^^^^^^
  File "/home/rvrp_webuser/web/rv-rp.ro/public_html/reverserp-venv/lib/python3.11/site-packages/django/db/models/sql/query.py", line 1577, in _add_q
    child_clause, needed_inner = self.build_filter(
                                 ^^^^^^^^^^^^^^^^^^
  File "/home/rvrp_webuser/web/rv-rp.ro/public_html/reverserp-venv/lib/python3.11/site-packages/django/db/models/sql/query.py", line 1492, in build_filter
    condition = self.build_lookup(lookups, col, value)
                ^^^^^^^^^^^^^^^^^^^^^^^^^^^^^^^^^^^^^^
  File "/home/rvrp_webuser/web/rv-rp.ro/public_html/reverserp-venv/lib/python3.11/site-packages/django/db/models/sql/query.py", line 1319, in build_lookup
    lookup = lookup_class(lhs, rhs)
             ^^^^^^^^^^^^^^^^^^^^^^
  File "/home/rvrp_webuser/web/rv-rp.ro/public_html/reverserp-venv/lib/python3.11/site-packages/django/db/models/lookups.py", line 27, in __init__
    self.rhs = self.get_prep_lookup()
               ^^^^^^^^^^^^^^^^^^^^^^
  File "/home/rvrp_webuser/web/rv-rp.ro/public_html/reverserp-venv/lib/python3.11/site-packages/django/db/models/lookups.py", line 341, in get_prep_lookup
    return super().get_prep_lookup()
           ^^^^^^^^^^^^^^^^^^^^^^^^^
  File "/home/rvrp_webuser/web/rv-rp.ro/public_html/reverserp-venv/lib/python3.11/site-packages/django/db/models/lookups.py", line 85, in get_prep_lookup
    return self.lhs.output_field.get_prep_value(self.rhs)
           ^^^^^^^^^^^^^^^^^^^^^^^^^^^^^^^^^^^^^^^^^^^^^^
  File "/home/rvrp_webuser/web/rv-rp.ro/public_html/reverserp-venv/lib/python3.11/site-packages/django/db/models/fields/__init__.py", line 2055, in get_prep_value
    raise e.__class__(
ValueError: Field 'id' expected a number but got ''.
[2025-07-20 18:30:12 +0300] [2139221] [INFO] Handling signal: term
[2025-07-20 15:30:12 +0000] [2139223] [INFO] Worker exiting (pid: 2139223)
[2025-07-20 15:30:12 +0000] [2139224] [INFO] Worker exiting (pid: 2139224)
[2025-07-20 15:30:12 +0000] [2139225] [INFO] Worker exiting (pid: 2139225)
[2025-07-20 18:30:12 +0300] [2139221] [ERROR] Worker (pid:2139225) was sent SIGTERM!
[2025-07-20 18:30:12 +0300] [2139221] [ERROR] Worker (pid:2139224) was sent SIGTERM!
[2025-07-20 18:30:12 +0300] [2139221] [ERROR] Worker (pid:2139223) was sent SIGTERM!
[2025-07-20 18:30:13 +0300] [2139221] [INFO] Shutting down: Master
[2025-07-20 18:30:13 +0300] [2139653] [INFO] Starting gunicorn 23.0.0
[2025-07-20 18:30:13 +0300] [2139653] [INFO] Listening at: unix:/home/hypenet/web/servicehub.hypenet.ro/public_html/shub/servicehub.sock (2139653)
[2025-07-20 18:30:13 +0300] [2139653] [INFO] Using worker: sync
[2025-07-20 18:30:13 +0300] [2139655] [INFO] Booting worker with pid: 2139655
[2025-07-20 18:30:13 +0300] [2139656] [INFO] Booting worker with pid: 2139656
[2025-07-20 18:30:13 +0300] [2139657] [INFO] Booting worker with pid: 2139657
Internal Server Error: /dashboard
Traceback (most recent call last):
  File "/home/rvrp_webuser/web/rv-rp.ro/public_html/reverserp-venv/lib/python3.11/site-packages/django/core/handlers/exception.py", line 55, in inner
    response = get_response(request)
               ^^^^^^^^^^^^^^^^^^^^^
  File "/home/rvrp_webuser/web/rv-rp.ro/public_html/reverserp-venv/lib/python3.11/site-packages/django/core/handlers/base.py", line 197, in _get_response
    response = wrapped_callback(request, *callback_args, **callback_kwargs)
               ^^^^^^^^^^^^^^^^^^^^^^^^^^^^^^^^^^^^^^^^^^^^^^^^^^^^^^^^^^^^
  File "/home/hypenet/web/servicehub.hypenet.ro/public_html/shub/servicehub/classes/users.py", line 83, in DashboardHome
    companies += f"{GetCompanyFromID(workshops[c_id])}, "
                                     ~~~~~~~~~^^^^^^
TypeError: list indices must be integers or slices, not str
Not Found: /error/404.html
[2025-07-20 18:30:28 +0300] [2139653] [INFO] Handling signal: term
[2025-07-20 15:30:28 +0000] [2139656] [INFO] Worker exiting (pid: 2139656)
[2025-07-20 15:30:28 +0000] [2139655] [INFO] Worker exiting (pid: 2139655)
[2025-07-20 15:30:28 +0000] [2139657] [INFO] Worker exiting (pid: 2139657)
[2025-07-20 18:30:28 +0300] [2139653] [INFO] Shutting down: Master
[2025-07-20 18:30:28 +0300] [2139692] [INFO] Starting gunicorn 23.0.0
[2025-07-20 18:30:28 +0300] [2139692] [INFO] Listening at: unix:/home/hypenet/web/servicehub.hypenet.ro/public_html/shub/servicehub.sock (2139692)
[2025-07-20 18:30:28 +0300] [2139692] [INFO] Using worker: sync
[2025-07-20 18:30:28 +0300] [2139694] [INFO] Booting worker with pid: 2139694
[2025-07-20 18:30:28 +0300] [2139695] [INFO] Booting worker with pid: 2139695
[2025-07-20 18:30:28 +0300] [2139696] [INFO] Booting worker with pid: 2139696
[2025-07-20 18:34:13 +0300] [2139692] [INFO] Handling signal: term
[2025-07-20 15:34:13 +0000] [2139694] [INFO] Worker exiting (pid: 2139694)
[2025-07-20 15:34:13 +0000] [2139695] [INFO] Worker exiting (pid: 2139695)
[2025-07-20 15:34:13 +0000] [2139696] [INFO] Worker exiting (pid: 2139696)
[2025-07-20 18:34:13 +0300] [2139692] [INFO] Shutting down: Master
[2025-07-20 18:34:13 +0300] [2139971] [INFO] Starting gunicorn 23.0.0
[2025-07-20 18:34:13 +0300] [2139971] [INFO] Listening at: unix:/home/hypenet/web/servicehub.hypenet.ro/public_html/shub/servicehub.sock (2139971)
[2025-07-20 18:34:13 +0300] [2139971] [INFO] Using worker: sync
[2025-07-20 18:34:13 +0300] [2139973] [INFO] Booting worker with pid: 2139973
[2025-07-20 18:34:13 +0300] [2139974] [INFO] Booting worker with pid: 2139974
[2025-07-20 18:34:13 +0300] [2139975] [INFO] Booting worker with pid: 2139975
[2025-07-20 15:34:28 +0000] [2139974] [INFO] Worker exiting (pid: 2139974)
[2025-07-20 15:34:28 +0000] [2139973] [INFO] Worker exiting (pid: 2139973)
[2025-07-20 18:34:28 +0300] [2139971] [INFO] Handling signal: term
[2025-07-20 15:34:28 +0000] [2139975] [INFO] Worker exiting (pid: 2139975)
[2025-07-20 18:34:28 +0300] [2139971] [INFO] Shutting down: Master
[2025-07-20 18:34:28 +0300] [2140011] [INFO] Starting gunicorn 23.0.0
[2025-07-20 18:34:28 +0300] [2140011] [INFO] Listening at: unix:/home/hypenet/web/servicehub.hypenet.ro/public_html/shub/servicehub.sock (2140011)
[2025-07-20 18:34:28 +0300] [2140011] [INFO] Using worker: sync
[2025-07-20 18:34:28 +0300] [2140013] [INFO] Booting worker with pid: 2140013
[2025-07-20 18:34:28 +0300] [2140014] [INFO] Booting worker with pid: 2140014
[2025-07-20 18:34:28 +0300] [2140015] [INFO] Booting worker with pid: 2140015
[2025-07-20 15:36:06 +0000] [2140014] [INFO] Worker exiting (pid: 2140014)
[2025-07-20 15:36:06 +0000] [2140013] [INFO] Worker exiting (pid: 2140013)
[2025-07-20 18:36:06 +0300] [2140011] [INFO] Handling signal: term
[2025-07-20 15:36:06 +0000] [2140015] [INFO] Worker exiting (pid: 2140015)
[2025-07-20 18:36:06 +0300] [2140011] [ERROR] Worker (pid:2140015) was sent SIGTERM!
[2025-07-20 18:36:06 +0300] [2140011] [INFO] Shutting down: Master
[2025-07-20 18:36:06 +0300] [2140454] [INFO] Starting gunicorn 23.0.0
[2025-07-20 18:36:06 +0300] [2140454] [INFO] Listening at: unix:/home/hypenet/web/servicehub.hypenet.ro/public_html/shub/servicehub.sock (2140454)
[2025-07-20 18:36:06 +0300] [2140454] [INFO] Using worker: sync
[2025-07-20 18:36:06 +0300] [2140456] [INFO] Booting worker with pid: 2140456
[2025-07-20 18:36:06 +0300] [2140457] [INFO] Booting worker with pid: 2140457
[2025-07-20 18:36:06 +0300] [2140458] [INFO] Booting worker with pid: 2140458
[2025-07-20 18:40:30 +0300] [2140454] [INFO] Handling signal: term
[2025-07-20 15:40:30 +0000] [2140458] [INFO] Worker exiting (pid: 2140458)
[2025-07-20 15:40:30 +0000] [2140456] [INFO] Worker exiting (pid: 2140456)
[2025-07-20 15:40:30 +0000] [2140457] [INFO] Worker exiting (pid: 2140457)
[2025-07-20 18:40:30 +0300] [2140454] [INFO] Shutting down: Master
[2025-07-20 18:40:30 +0300] [2141166] [INFO] Starting gunicorn 23.0.0
[2025-07-20 18:40:30 +0300] [2141166] [INFO] Listening at: unix:/home/hypenet/web/servicehub.hypenet.ro/public_html/shub/servicehub.sock (2141166)
[2025-07-20 18:40:30 +0300] [2141166] [INFO] Using worker: sync
[2025-07-20 18:40:30 +0300] [2141168] [INFO] Booting worker with pid: 2141168
[2025-07-20 18:40:30 +0300] [2141169] [INFO] Booting worker with pid: 2141169
[2025-07-20 18:40:30 +0300] [2141170] [INFO] Booting worker with pid: 2141170
[2025-07-20 15:42:33 +0000] [2141168] [INFO] Worker exiting (pid: 2141168)
[2025-07-20 18:42:33 +0300] [2141166] [INFO] Handling signal: term
[2025-07-20 15:42:33 +0000] [2141169] [INFO] Worker exiting (pid: 2141169)
[2025-07-20 15:42:33 +0000] [2141170] [INFO] Worker exiting (pid: 2141170)
[2025-07-20 18:42:33 +0300] [2141166] [ERROR] Worker (pid:2141170) was sent SIGTERM!
[2025-07-20 18:42:33 +0300] [2141166] [INFO] Shutting down: Master
[2025-07-20 18:42:33 +0300] [2141242] [INFO] Starting gunicorn 23.0.0
[2025-07-20 18:42:33 +0300] [2141242] [INFO] Listening at: unix:/home/hypenet/web/servicehub.hypenet.ro/public_html/shub/servicehub.sock (2141242)
[2025-07-20 18:42:33 +0300] [2141242] [INFO] Using worker: sync
[2025-07-20 18:42:33 +0300] [2141244] [INFO] Booting worker with pid: 2141244
[2025-07-20 18:42:33 +0300] [2141245] [INFO] Booting worker with pid: 2141245
[2025-07-20 18:42:33 +0300] [2141246] [INFO] Booting worker with pid: 2141246
[2025-07-20 15:47:46 +0000] [2141245] [INFO] Worker exiting (pid: 2141245)
[2025-07-20 18:47:46 +0300] [2141242] [INFO] Handling signal: term
[2025-07-20 15:47:46 +0000] [2141244] [INFO] Worker exiting (pid: 2141244)
[2025-07-20 15:47:46 +0000] [2141246] [INFO] Worker exiting (pid: 2141246)
[2025-07-20 18:47:46 +0300] [2141242] [ERROR] Worker (pid:2141246) was sent SIGTERM!
[2025-07-20 18:47:46 +0300] [2141242] [INFO] Shutting down: Master
[2025-07-20 18:47:46 +0300] [2142059] [INFO] Starting gunicorn 23.0.0
[2025-07-20 18:47:46 +0300] [2142059] [INFO] Listening at: unix:/home/hypenet/web/servicehub.hypenet.ro/public_html/shub/servicehub.sock (2142059)
[2025-07-20 18:47:46 +0300] [2142059] [INFO] Using worker: sync
[2025-07-20 18:47:46 +0300] [2142061] [INFO] Booting worker with pid: 2142061
[2025-07-20 18:47:46 +0300] [2142061] [ERROR] Exception in worker process
Traceback (most recent call last):
  File "/home/rvrp_webuser/web/rv-rp.ro/public_html/reverserp-venv/lib/python3.11/site-packages/gunicorn/arbiter.py", line 608, in spawn_worker
    worker.init_process()
  File "/home/rvrp_webuser/web/rv-rp.ro/public_html/reverserp-venv/lib/python3.11/site-packages/gunicorn/workers/base.py", line 135, in init_process
    self.load_wsgi()
  File "/home/rvrp_webuser/web/rv-rp.ro/public_html/reverserp-venv/lib/python3.11/site-packages/gunicorn/workers/base.py", line 147, in load_wsgi
    self.wsgi = self.app.wsgi()
                ^^^^^^^^^^^^^^^
  File "/home/rvrp_webuser/web/rv-rp.ro/public_html/reverserp-venv/lib/python3.11/site-packages/gunicorn/app/base.py", line 66, in wsgi
    self.callable = self.load()
                    ^^^^^^^^^^^
  File "/home/rvrp_webuser/web/rv-rp.ro/public_html/reverserp-venv/lib/python3.11/site-packages/gunicorn/app/wsgiapp.py", line 57, in load
    return self.load_wsgiapp()
           ^^^^^^^^^^^^^^^^^^^
  File "/home/rvrp_webuser/web/rv-rp.ro/public_html/reverserp-venv/lib/python3.11/site-packages/gunicorn/app/wsgiapp.py", line 47, in load_wsgiapp
    return util.import_app(self.app_uri)
           ^^^^^^^^^^^^^^^^^^^^^^^^^^^^^
  File "/home/rvrp_webuser/web/rv-rp.ro/public_html/reverserp-venv/lib/python3.11/site-packages/gunicorn/util.py", line 370, in import_app
    mod = importlib.import_module(module)
          ^^^^^^^^^^^^^^^^^^^^^^^^^^^^^^^
  File "/usr/lib/python3.11/importlib/__init__.py", line 126, in import_module
    return _bootstrap._gcd_import(name[level:], package, level)
           ^^^^^^^^^^^^^^^^^^^^^^^^^^^^^^^^^^^^^^^^^^^^^^^^^^^^
  File "<frozen importlib._bootstrap>", line 1206, in _gcd_import
  File "<frozen importlib._bootstrap>", line 1178, in _find_and_load
  File "<frozen importlib._bootstrap>", line 1149, in _find_and_load_unlocked
  File "<frozen importlib._bootstrap>", line 690, in _load_unlocked
  File "<frozen importlib._bootstrap_external>", line 940, in exec_module
  File "<frozen importlib._bootstrap>", line 241, in _call_with_frames_removed
  File "/home/hypenet/web/servicehub.hypenet.ro/public_html/shub/servicehub/wsgi.py", line 16, in <module>
    application = get_wsgi_application()
                  ^^^^^^^^^^^^^^^^^^^^^^
  File "/home/rvrp_webuser/web/rv-rp.ro/public_html/reverserp-venv/lib/python3.11/site-packages/django/core/wsgi.py", line 12, in get_wsgi_application
    django.setup(set_prefix=False)
  File "/home/rvrp_webuser/web/rv-rp.ro/public_html/reverserp-venv/lib/python3.11/site-packages/django/__init__.py", line 19, in setup
    configure_logging(settings.LOGGING_CONFIG, settings.LOGGING)
                      ^^^^^^^^^^^^^^^^^^^^^^^
  File "/home/rvrp_webuser/web/rv-rp.ro/public_html/reverserp-venv/lib/python3.11/site-packages/django/conf/__init__.py", line 102, in __getattr__
    self._setup(name)
  File "/home/rvrp_webuser/web/rv-rp.ro/public_html/reverserp-venv/lib/python3.11/site-packages/django/conf/__init__.py", line 89, in _setup
    self._wrapped = Settings(settings_module)
                    ^^^^^^^^^^^^^^^^^^^^^^^^^
  File "/home/rvrp_webuser/web/rv-rp.ro/public_html/reverserp-venv/lib/python3.11/site-packages/django/conf/__init__.py", line 217, in __init__
    mod = importlib.import_module(self.SETTINGS_MODULE)
          ^^^^^^^^^^^^^^^^^^^^^^^^^^^^^^^^^^^^^^^^^^^^^
  File "/usr/lib/python3.11/importlib/__init__.py", line 126, in import_module
    return _bootstrap._gcd_import(name[level:], package, level)
           ^^^^^^^^^^^^^^^^^^^^^^^^^^^^^^^^^^^^^^^^^^^^^^^^^^^^
  File "<frozen importlib._bootstrap>", line 1206, in _gcd_import
  File "<frozen importlib._bootstrap>", line 1178, in _find_and_load
  File "<frozen importlib._bootstrap>", line 1149, in _find_and_load_unlocked
  File "<frozen importlib._bootstrap>", line 690, in _load_unlocked
  File "<frozen importlib._bootstrap_external>", line 940, in exec_module
  File "<frozen importlib._bootstrap>", line 241, in _call_with_frames_removed
  File "/home/hypenet/web/servicehub.hypenet.ro/public_html/shub/servicehub/settings.py", line 13, in <module>
    from decouple import config, Csv
ImportError: cannot import name 'config' from 'decouple' (/home/rvrp_webuser/web/rv-rp.ro/public_html/reverserp-venv/lib/python3.11/site-packages/decouple/__init__.py)
[2025-07-20 18:47:46 +0300] [2142061] [INFO] Worker exiting (pid: 2142061)
[2025-07-20 18:47:46 +0300] [2142059] [ERROR] Worker (pid:2142061) exited with code 3
[2025-07-20 18:47:46 +0300] [2142059] [ERROR] Shutting down: Master
[2025-07-20 18:47:46 +0300] [2142059] [ERROR] Reason: Worker failed to boot.
[2025-07-20 18:49:09 +0300] [2142394] [INFO] Starting gunicorn 23.0.0
[2025-07-20 18:49:09 +0300] [2142394] [INFO] Listening at: unix:/home/hypenet/web/servicehub.hypenet.ro/public_html/shub/servicehub.sock (2142394)
[2025-07-20 18:49:09 +0300] [2142394] [INFO] Using worker: sync
[2025-07-20 18:49:09 +0300] [2142396] [INFO] Booting worker with pid: 2142396
[2025-07-20 18:49:09 +0300] [2142397] [INFO] Booting worker with pid: 2142397
[2025-07-20 18:49:09 +0300] [2142396] [ERROR] Exception in worker process
Traceback (most recent call last):
  File "/home/rvrp_webuser/web/rv-rp.ro/public_html/reverserp-venv/lib/python3.11/site-packages/gunicorn/arbiter.py", line 608, in spawn_worker
    worker.init_process()
  File "/home/rvrp_webuser/web/rv-rp.ro/public_html/reverserp-venv/lib/python3.11/site-packages/gunicorn/workers/base.py", line 135, in init_process
    self.load_wsgi()
  File "/home/rvrp_webuser/web/rv-rp.ro/public_html/reverserp-venv/lib/python3.11/site-packages/gunicorn/workers/base.py", line 147, in load_wsgi
    self.wsgi = self.app.wsgi()
                ^^^^^^^^^^^^^^^
  File "/home/rvrp_webuser/web/rv-rp.ro/public_html/reverserp-venv/lib/python3.11/site-packages/gunicorn/app/base.py", line 66, in wsgi
    self.callable = self.load()
                    ^^^^^^^^^^^
  File "/home/rvrp_webuser/web/rv-rp.ro/public_html/reverserp-venv/lib/python3.11/site-packages/gunicorn/app/wsgiapp.py", line 57, in load
    return self.load_wsgiapp()
           ^^^^^^^^^^^^^^^^^^^
  File "/home/rvrp_webuser/web/rv-rp.ro/public_html/reverserp-venv/lib/python3.11/site-packages/gunicorn/app/wsgiapp.py", line 47, in load_wsgiapp
    return util.import_app(self.app_uri)
           ^^^^^^^^^^^^^^^^^^^^^^^^^^^^^
  File "/home/rvrp_webuser/web/rv-rp.ro/public_html/reverserp-venv/lib/python3.11/site-packages/gunicorn/util.py", line 370, in import_app
    mod = importlib.import_module(module)
          ^^^^^^^^^^^^^^^^^^^^^^^^^^^^^^^
  File "/usr/lib/python3.11/importlib/__init__.py", line 126, in import_module
    return _bootstrap._gcd_import(name[level:], package, level)
           ^^^^^^^^^^^^^^^^^^^^^^^^^^^^^^^^^^^^^^^^^^^^^^^^^^^^
  File "<frozen importlib._bootstrap>", line 1206, in _gcd_import
  File "<frozen importlib._bootstrap>", line 1178, in _find_and_load
  File "<frozen importlib._bootstrap>", line 1149, in _find_and_load_unlocked
  File "<frozen importlib._bootstrap>", line 690, in _load_unlocked
  File "<frozen importlib._bootstrap_external>", line 940, in exec_module
  File "<frozen importlib._bootstrap>", line 241, in _call_with_frames_removed
  File "/home/hypenet/web/servicehub.hypenet.ro/public_html/shub/servicehub/wsgi.py", line 16, in <module>
    application = get_wsgi_application()
                  ^^^^^^^^^^^^^^^^^^^^^^
  File "/home/rvrp_webuser/web/rv-rp.ro/public_html/reverserp-venv/lib/python3.11/site-packages/django/core/wsgi.py", line 12, in get_wsgi_application
    django.setup(set_prefix=False)
  File "/home/rvrp_webuser/web/rv-rp.ro/public_html/reverserp-venv/lib/python3.11/site-packages/django/__init__.py", line 19, in setup
    configure_logging(settings.LOGGING_CONFIG, settings.LOGGING)
                      ^^^^^^^^^^^^^^^^^^^^^^^
  File "/home/rvrp_webuser/web/rv-rp.ro/public_html/reverserp-venv/lib/python3.11/site-packages/django/conf/__init__.py", line 102, in __getattr__
    self._setup(name)
  File "/home/rvrp_webuser/web/rv-rp.ro/public_html/reverserp-venv/lib/python3.11/site-packages/django/conf/__init__.py", line 89, in _setup
    self._wrapped = Settings(settings_module)
                    ^^^^^^^^^^^^^^^^^^^^^^^^^
  File "/home/rvrp_webuser/web/rv-rp.ro/public_html/reverserp-venv/lib/python3.11/site-packages/django/conf/__init__.py", line 234, in __init__
    raise ImproperlyConfigured(
django.core.exceptions.ImproperlyConfigured: The ALLOWED_HOSTS setting must be a list or a tuple.
[2025-07-20 18:49:09 +0300] [2142396] [INFO] Worker exiting (pid: 2142396)
[2025-07-20 18:49:09 +0300] [2142394] [ERROR] Worker (pid:2142396) exited with code 3
[2025-07-20 18:49:09 +0300] [2142397] [ERROR] Exception in worker process
Traceback (most recent call last):
  File "/home/rvrp_webuser/web/rv-rp.ro/public_html/reverserp-venv/lib/python3.11/site-packages/gunicorn/arbiter.py", line 608, in spawn_worker
    worker.init_process()
  File "/home/rvrp_webuser/web/rv-rp.ro/public_html/reverserp-venv/lib/python3.11/site-packages/gunicorn/workers/base.py", line 135, in init_process
    self.load_wsgi()
  File "/home/rvrp_webuser/web/rv-rp.ro/public_html/reverserp-venv/lib/python3.11/site-packages/gunicorn/workers/base.py", line 147, in load_wsgi
    self.wsgi = self.app.wsgi()
                ^^^^^^^^^^^^^^^
  File "/home/rvrp_webuser/web/rv-rp.ro/public_html/reverserp-venv/lib/python3.11/site-packages/gunicorn/app/base.py", line 66, in wsgi
    self.callable = self.load()
                    ^^^^^^^^^^^
  File "/home/rvrp_webuser/web/rv-rp.ro/public_html/reverserp-venv/lib/python3.11/site-packages/gunicorn/app/wsgiapp.py", line 57, in load
    return self.load_wsgiapp()
           ^^^^^^^^^^^^^^^^^^^
  File "/home/rvrp_webuser/web/rv-rp.ro/public_html/reverserp-venv/lib/python3.11/site-packages/gunicorn/app/wsgiapp.py", line 47, in load_wsgiapp
    return util.import_app(self.app_uri)
           ^^^^^^^^^^^^^^^^^^^^^^^^^^^^^
  File "/home/rvrp_webuser/web/rv-rp.ro/public_html/reverserp-venv/lib/python3.11/site-packages/gunicorn/util.py", line 370, in import_app
    mod = importlib.import_module(module)
          ^^^^^^^^^^^^^^^^^^^^^^^^^^^^^^^
  File "/usr/lib/python3.11/importlib/__init__.py", line 126, in import_module
    return _bootstrap._gcd_import(name[level:], package, level)
           ^^^^^^^^^^^^^^^^^^^^^^^^^^^^^^^^^^^^^^^^^^^^^^^^^^^^
  File "<frozen importlib._bootstrap>", line 1206, in _gcd_import
  File "<frozen importlib._bootstrap>", line 1178, in _find_and_load
  File "<frozen importlib._bootstrap>", line 1149, in _find_and_load_unlocked
  File "<frozen importlib._bootstrap>", line 690, in _load_unlocked
  File "<frozen importlib._bootstrap_external>", line 940, in exec_module
  File "<frozen importlib._bootstrap>", line 241, in _call_with_frames_removed
  File "/home/hypenet/web/servicehub.hypenet.ro/public_html/shub/servicehub/wsgi.py", line 16, in <module>
    application = get_wsgi_application()
                  ^^^^^^^^^^^^^^^^^^^^^^
  File "/home/rvrp_webuser/web/rv-rp.ro/public_html/reverserp-venv/lib/python3.11/site-packages/django/core/wsgi.py", line 12, in get_wsgi_application
    django.setup(set_prefix=False)
  File "/home/rvrp_webuser/web/rv-rp.ro/public_html/reverserp-venv/lib/python3.11/site-packages/django/__init__.py", line 19, in setup
    configure_logging(settings.LOGGING_CONFIG, settings.LOGGING)
                      ^^^^^^^^^^^^^^^^^^^^^^^
  File "/home/rvrp_webuser/web/rv-rp.ro/public_html/reverserp-venv/lib/python3.11/site-packages/django/conf/__init__.py", line 102, in __getattr__
    self._setup(name)
  File "/home/rvrp_webuser/web/rv-rp.ro/public_html/reverserp-venv/lib/python3.11/site-packages/django/conf/__init__.py", line 89, in _setup
    self._wrapped = Settings(settings_module)
                    ^^^^^^^^^^^^^^^^^^^^^^^^^
  File "/home/rvrp_webuser/web/rv-rp.ro/public_html/reverserp-venv/lib/python3.11/site-packages/django/conf/__init__.py", line 234, in __init__
    raise ImproperlyConfigured(
django.core.exceptions.ImproperlyConfigured: The ALLOWED_HOSTS setting must be a list or a tuple.
[2025-07-20 18:49:09 +0300] [2142397] [INFO] Worker exiting (pid: 2142397)
[2025-07-20 18:49:09 +0300] [2142394] [ERROR] Worker (pid:2142397) exited with code 3
Traceback (most recent call last):
  File "/home/rvrp_webuser/web/rv-rp.ro/public_html/reverserp-venv/lib/python3.11/site-packages/gunicorn/arbiter.py", line 201, in run
    self.manage_workers()
  File "/home/rvrp_webuser/web/rv-rp.ro/public_html/reverserp-venv/lib/python3.11/site-packages/gunicorn/arbiter.py", line 570, in manage_workers
    self.spawn_workers()
  File "/home/rvrp_webuser/web/rv-rp.ro/public_html/reverserp-venv/lib/python3.11/site-packages/gunicorn/arbiter.py", line 642, in spawn_workers
    time.sleep(0.1 * random.random())
  File "/home/rvrp_webuser/web/rv-rp.ro/public_html/reverserp-venv/lib/python3.11/site-packages/gunicorn/arbiter.py", line 241, in handle_chld
    self.reap_workers()
  File "/home/rvrp_webuser/web/rv-rp.ro/public_html/reverserp-venv/lib/python3.11/site-packages/gunicorn/arbiter.py", line 529, in reap_workers
    raise HaltServer(reason, self.WORKER_BOOT_ERROR)
gunicorn.errors.HaltServer: <HaltServer 'Worker failed to boot.' 3>

During handling of the above exception, another exception occurred:

Traceback (most recent call last):
  File "/home/hypenet/web/servicehub.hypenet.ro/public_html/shub-venv/bin/gunicorn", line 8, in <module>
    sys.exit(run())
             ^^^^^
  File "/home/rvrp_webuser/web/rv-rp.ro/public_html/reverserp-venv/lib/python3.11/site-packages/gunicorn/app/wsgiapp.py", line 66, in run
    WSGIApplication("%(prog)s [OPTIONS] [APP_MODULE]", prog=prog).run()
  File "/home/rvrp_webuser/web/rv-rp.ro/public_html/reverserp-venv/lib/python3.11/site-packages/gunicorn/app/base.py", line 235, in run
    super().run()
  File "/home/rvrp_webuser/web/rv-rp.ro/public_html/reverserp-venv/lib/python3.11/site-packages/gunicorn/app/base.py", line 71, in run
    Arbiter(self).run()
  File "/home/rvrp_webuser/web/rv-rp.ro/public_html/reverserp-venv/lib/python3.11/site-packages/gunicorn/arbiter.py", line 228, in run
    self.halt(reason=inst.reason, exit_status=inst.exit_status)
  File "/home/rvrp_webuser/web/rv-rp.ro/public_html/reverserp-venv/lib/python3.11/site-packages/gunicorn/arbiter.py", line 341, in halt
    self.stop()
  File "/home/rvrp_webuser/web/rv-rp.ro/public_html/reverserp-venv/lib/python3.11/site-packages/gunicorn/arbiter.py", line 395, in stop
    time.sleep(0.1)
  File "/home/rvrp_webuser/web/rv-rp.ro/public_html/reverserp-venv/lib/python3.11/site-packages/gunicorn/arbiter.py", line 241, in handle_chld
    self.reap_workers()
  File "/home/rvrp_webuser/web/rv-rp.ro/public_html/reverserp-venv/lib/python3.11/site-packages/gunicorn/arbiter.py", line 529, in reap_workers
    raise HaltServer(reason, self.WORKER_BOOT_ERROR)
gunicorn.errors.HaltServer: <HaltServer 'Worker failed to boot.' 3>
[2025-07-20 18:50:18 +0300] [2142836] [INFO] Starting gunicorn 23.0.0
[2025-07-20 18:50:18 +0300] [2142836] [INFO] Listening at: unix:/home/hypenet/web/servicehub.hypenet.ro/public_html/shub/servicehub.sock (2142836)
[2025-07-20 18:50:18 +0300] [2142836] [INFO] Using worker: sync
[2025-07-20 18:50:18 +0300] [2142838] [INFO] Booting worker with pid: 2142838
[2025-07-20 18:50:18 +0300] [2142838] [ERROR] Exception in worker process
Traceback (most recent call last):
  File "/home/rvrp_webuser/web/rv-rp.ro/public_html/reverserp-venv/lib/python3.11/site-packages/gunicorn/arbiter.py", line 608, in spawn_worker
    worker.init_process()
  File "/home/rvrp_webuser/web/rv-rp.ro/public_html/reverserp-venv/lib/python3.11/site-packages/gunicorn/workers/base.py", line 135, in init_process
    self.load_wsgi()
  File "/home/rvrp_webuser/web/rv-rp.ro/public_html/reverserp-venv/lib/python3.11/site-packages/gunicorn/workers/base.py", line 147, in load_wsgi
    self.wsgi = self.app.wsgi()
                ^^^^^^^^^^^^^^^
  File "/home/rvrp_webuser/web/rv-rp.ro/public_html/reverserp-venv/lib/python3.11/site-packages/gunicorn/app/base.py", line 66, in wsgi
    self.callable = self.load()
                    ^^^^^^^^^^^
  File "/home/rvrp_webuser/web/rv-rp.ro/public_html/reverserp-venv/lib/python3.11/site-packages/gunicorn/app/wsgiapp.py", line 57, in load
    return self.load_wsgiapp()
           ^^^^^^^^^^^^^^^^^^^
  File "/home/rvrp_webuser/web/rv-rp.ro/public_html/reverserp-venv/lib/python3.11/site-packages/gunicorn/app/wsgiapp.py", line 47, in load_wsgiapp
    return util.import_app(self.app_uri)
           ^^^^^^^^^^^^^^^^^^^^^^^^^^^^^
  File "/home/rvrp_webuser/web/rv-rp.ro/public_html/reverserp-venv/lib/python3.11/site-packages/gunicorn/util.py", line 370, in import_app
    mod = importlib.import_module(module)
          ^^^^^^^^^^^^^^^^^^^^^^^^^^^^^^^
  File "/usr/lib/python3.11/importlib/__init__.py", line 126, in import_module
    return _bootstrap._gcd_import(name[level:], package, level)
           ^^^^^^^^^^^^^^^^^^^^^^^^^^^^^^^^^^^^^^^^^^^^^^^^^^^^
  File "<frozen importlib._bootstrap>", line 1206, in _gcd_import
  File "<frozen importlib._bootstrap>", line 1178, in _find_and_load
  File "<frozen importlib._bootstrap>", line 1149, in _find_and_load_unlocked
  File "<frozen importlib._bootstrap>", line 690, in _load_unlocked
  File "<frozen importlib._bootstrap_external>", line 940, in exec_module
  File "<frozen importlib._bootstrap>", line 241, in _call_with_frames_removed
  File "/home/hypenet/web/servicehub.hypenet.ro/public_html/shub/servicehub/wsgi.py", line 16, in <module>
    application = get_wsgi_application()
                  ^^^^^^^^^^^^^^^^^^^^^^
  File "/home/rvrp_webuser/web/rv-rp.ro/public_html/reverserp-venv/lib/python3.11/site-packages/django/core/wsgi.py", line 12, in get_wsgi_application
    django.setup(set_prefix=False)
  File "/home/rvrp_webuser/web/rv-rp.ro/public_html/reverserp-venv/lib/python3.11/site-packages/django/__init__.py", line 19, in setup
    configure_logging(settings.LOGGING_CONFIG, settings.LOGGING)
                      ^^^^^^^^^^^^^^^^^^^^^^^
  File "/home/rvrp_webuser/web/rv-rp.ro/public_html/reverserp-venv/lib/python3.11/site-packages/django/conf/__init__.py", line 102, in __getattr__
    self._setup(name)
  File "/home/rvrp_webuser/web/rv-rp.ro/public_html/reverserp-venv/lib/python3.11/site-packages/django/conf/__init__.py", line 89, in _setup
    self._wrapped = Settings(settings_module)
                    ^^^^^^^^^^^^^^^^^^^^^^^^^
  File "/home/rvrp_webuser/web/rv-rp.ro/public_html/reverserp-venv/lib/python3.11/site-packages/django/conf/__init__.py", line 234, in __init__
    raise ImproperlyConfigured(
django.core.exceptions.ImproperlyConfigured: The ALLOWED_HOSTS setting must be a list or a tuple.
[2025-07-20 18:50:18 +0300] [2142838] [INFO] Worker exiting (pid: 2142838)
[2025-07-20 18:50:18 +0300] [2142839] [INFO] Booting worker with pid: 2142839
[2025-07-20 18:50:18 +0300] [2142836] [ERROR] Worker (pid:2142838) exited with code 3
[2025-07-20 18:50:18 +0300] [2142839] [ERROR] Exception in worker process
Traceback (most recent call last):
  File "/home/rvrp_webuser/web/rv-rp.ro/public_html/reverserp-venv/lib/python3.11/site-packages/gunicorn/arbiter.py", line 608, in spawn_worker
    worker.init_process()
  File "/home/rvrp_webuser/web/rv-rp.ro/public_html/reverserp-venv/lib/python3.11/site-packages/gunicorn/workers/base.py", line 135, in init_process
    self.load_wsgi()
  File "/home/rvrp_webuser/web/rv-rp.ro/public_html/reverserp-venv/lib/python3.11/site-packages/gunicorn/workers/base.py", line 147, in load_wsgi
    self.wsgi = self.app.wsgi()
                ^^^^^^^^^^^^^^^
  File "/home/rvrp_webuser/web/rv-rp.ro/public_html/reverserp-venv/lib/python3.11/site-packages/gunicorn/app/base.py", line 66, in wsgi
    self.callable = self.load()
                    ^^^^^^^^^^^
  File "/home/rvrp_webuser/web/rv-rp.ro/public_html/reverserp-venv/lib/python3.11/site-packages/gunicorn/app/wsgiapp.py", line 57, in load
    return self.load_wsgiapp()
           ^^^^^^^^^^^^^^^^^^^
  File "/home/rvrp_webuser/web/rv-rp.ro/public_html/reverserp-venv/lib/python3.11/site-packages/gunicorn/app/wsgiapp.py", line 47, in load_wsgiapp
    return util.import_app(self.app_uri)
           ^^^^^^^^^^^^^^^^^^^^^^^^^^^^^
  File "/home/rvrp_webuser/web/rv-rp.ro/public_html/reverserp-venv/lib/python3.11/site-packages/gunicorn/util.py", line 370, in import_app
    mod = importlib.import_module(module)
          ^^^^^^^^^^^^^^^^^^^^^^^^^^^^^^^
  File "/usr/lib/python3.11/importlib/__init__.py", line 126, in import_module
    return _bootstrap._gcd_import(name[level:], package, level)
           ^^^^^^^^^^^^^^^^^^^^^^^^^^^^^^^^^^^^^^^^^^^^^^^^^^^^
  File "<frozen importlib._bootstrap>", line 1206, in _gcd_import
  File "<frozen importlib._bootstrap>", line 1178, in _find_and_load
  File "<frozen importlib._bootstrap>", line 1149, in _find_and_load_unlocked
  File "<frozen importlib._bootstrap>", line 690, in _load_unlocked
  File "<frozen importlib._bootstrap_external>", line 940, in exec_module
  File "<frozen importlib._bootstrap>", line 241, in _call_with_frames_removed
  File "/home/hypenet/web/servicehub.hypenet.ro/public_html/shub/servicehub/wsgi.py", line 16, in <module>
    application = get_wsgi_application()
                  ^^^^^^^^^^^^^^^^^^^^^^
  File "/home/rvrp_webuser/web/rv-rp.ro/public_html/reverserp-venv/lib/python3.11/site-packages/django/core/wsgi.py", line 12, in get_wsgi_application
    django.setup(set_prefix=False)
  File "/home/rvrp_webuser/web/rv-rp.ro/public_html/reverserp-venv/lib/python3.11/site-packages/django/__init__.py", line 19, in setup
    configure_logging(settings.LOGGING_CONFIG, settings.LOGGING)
                      ^^^^^^^^^^^^^^^^^^^^^^^
  File "/home/rvrp_webuser/web/rv-rp.ro/public_html/reverserp-venv/lib/python3.11/site-packages/django/conf/__init__.py", line 102, in __getattr__
    self._setup(name)
  File "/home/rvrp_webuser/web/rv-rp.ro/public_html/reverserp-venv/lib/python3.11/site-packages/django/conf/__init__.py", line 89, in _setup
    self._wrapped = Settings(settings_module)
                    ^^^^^^^^^^^^^^^^^^^^^^^^^
  File "/home/rvrp_webuser/web/rv-rp.ro/public_html/reverserp-venv/lib/python3.11/site-packages/django/conf/__init__.py", line 234, in __init__
    raise ImproperlyConfigured(
django.core.exceptions.ImproperlyConfigured: The ALLOWED_HOSTS setting must be a list or a tuple.
[2025-07-20 18:50:18 +0300] [2142839] [INFO] Worker exiting (pid: 2142839)
[2025-07-20 18:50:18 +0300] [2142836] [ERROR] Worker (pid:2142839) exited with code 3
Traceback (most recent call last):
  File "/home/rvrp_webuser/web/rv-rp.ro/public_html/reverserp-venv/lib/python3.11/site-packages/gunicorn/arbiter.py", line 201, in run
    self.manage_workers()
  File "/home/rvrp_webuser/web/rv-rp.ro/public_html/reverserp-venv/lib/python3.11/site-packages/gunicorn/arbiter.py", line 570, in manage_workers
    self.spawn_workers()
  File "/home/rvrp_webuser/web/rv-rp.ro/public_html/reverserp-venv/lib/python3.11/site-packages/gunicorn/arbiter.py", line 642, in spawn_workers
    time.sleep(0.1 * random.random())
  File "/home/rvrp_webuser/web/rv-rp.ro/public_html/reverserp-venv/lib/python3.11/site-packages/gunicorn/arbiter.py", line 241, in handle_chld
    self.reap_workers()
  File "/home/rvrp_webuser/web/rv-rp.ro/public_html/reverserp-venv/lib/python3.11/site-packages/gunicorn/arbiter.py", line 529, in reap_workers
    raise HaltServer(reason, self.WORKER_BOOT_ERROR)
gunicorn.errors.HaltServer: <HaltServer 'Worker failed to boot.' 3>

During handling of the above exception, another exception occurred:

Traceback (most recent call last):
  File "/home/hypenet/web/servicehub.hypenet.ro/public_html/shub-venv/bin/gunicorn", line 8, in <module>
    sys.exit(run())
             ^^^^^
  File "/home/rvrp_webuser/web/rv-rp.ro/public_html/reverserp-venv/lib/python3.11/site-packages/gunicorn/app/wsgiapp.py", line 66, in run
    WSGIApplication("%(prog)s [OPTIONS] [APP_MODULE]", prog=prog).run()
  File "/home/rvrp_webuser/web/rv-rp.ro/public_html/reverserp-venv/lib/python3.11/site-packages/gunicorn/app/base.py", line 235, in run
    super().run()
  File "/home/rvrp_webuser/web/rv-rp.ro/public_html/reverserp-venv/lib/python3.11/site-packages/gunicorn/app/base.py", line 71, in run
    Arbiter(self).run()
  File "/home/rvrp_webuser/web/rv-rp.ro/public_html/reverserp-venv/lib/python3.11/site-packages/gunicorn/arbiter.py", line 228, in run
    self.halt(reason=inst.reason, exit_status=inst.exit_status)
  File "/home/rvrp_webuser/web/rv-rp.ro/public_html/reverserp-venv/lib/python3.11/site-packages/gunicorn/arbiter.py", line 341, in halt
    self.stop()
  File "/home/rvrp_webuser/web/rv-rp.ro/public_html/reverserp-venv/lib/python3.11/site-packages/gunicorn/arbiter.py", line 395, in stop
    time.sleep(0.1)
  File "/home/rvrp_webuser/web/rv-rp.ro/public_html/reverserp-venv/lib/python3.11/site-packages/gunicorn/arbiter.py", line 241, in handle_chld
    self.reap_workers()
  File "/home/rvrp_webuser/web/rv-rp.ro/public_html/reverserp-venv/lib/python3.11/site-packages/gunicorn/arbiter.py", line 529, in reap_workers
    raise HaltServer(reason, self.WORKER_BOOT_ERROR)
gunicorn.errors.HaltServer: <HaltServer 'Worker failed to boot.' 3>
[2025-07-20 18:50:35 +0300] [2142874] [INFO] Starting gunicorn 23.0.0
[2025-07-20 18:50:35 +0300] [2142874] [INFO] Listening at: unix:/home/hypenet/web/servicehub.hypenet.ro/public_html/shub/servicehub.sock (2142874)
[2025-07-20 18:50:35 +0300] [2142874] [INFO] Using worker: sync
[2025-07-20 18:50:35 +0300] [2142876] [INFO] Booting worker with pid: 2142876
[2025-07-20 18:50:35 +0300] [2142877] [INFO] Booting worker with pid: 2142877
[2025-07-20 18:50:35 +0300] [2142878] [INFO] Booting worker with pid: 2142878
[2025-07-20 15:51:59 +0000] [2142876] [INFO] Worker exiting (pid: 2142876)
[2025-07-20 18:51:59 +0300] [2142874] [INFO] Handling signal: term
[2025-07-20 15:51:59 +0000] [2142878] [INFO] Worker exiting (pid: 2142878)
[2025-07-20 15:51:59 +0000] [2142877] [INFO] Worker exiting (pid: 2142877)
[2025-07-20 18:51:59 +0300] [2142874] [INFO] Shutting down: Master
[2025-07-20 18:51:59 +0300] [2142920] [INFO] Starting gunicorn 23.0.0
[2025-07-20 18:51:59 +0300] [2142920] [INFO] Listening at: unix:/home/hypenet/web/servicehub.hypenet.ro/public_html/shub/servicehub.sock (2142920)
[2025-07-20 18:51:59 +0300] [2142920] [INFO] Using worker: sync
[2025-07-20 18:51:59 +0300] [2142922] [INFO] Booting worker with pid: 2142922
[2025-07-20 18:51:59 +0300] [2142923] [INFO] Booting worker with pid: 2142923
[2025-07-20 18:51:59 +0300] [2142924] [INFO] Booting worker with pid: 2142924
Forbidden (Origin checking failed - https://servicehub.hypenet.ro does not match any trusted origins.): /auth
[2025-07-20 15:52:51 +0000] [2142922] [INFO] Worker exiting (pid: 2142922)
[2025-07-20 15:52:51 +0000] [2142923] [INFO] Worker exiting (pid: 2142923)
[2025-07-20 18:52:51 +0300] [2142920] [INFO] Handling signal: term
[2025-07-20 15:52:51 +0000] [2142924] [INFO] Worker exiting (pid: 2142924)
[2025-07-20 18:52:51 +0300] [2142920] [ERROR] Worker (pid:2142923) was sent SIGTERM!
--- Logging error ---
Traceback (most recent call last):
  File "/home/rvrp_webuser/web/rv-rp.ro/public_html/reverserp-venv/lib/python3.11/site-packages/gunicorn/arbiter.py", line 223, in run
    handler()
  File "/home/rvrp_webuser/web/rv-rp.ro/public_html/reverserp-venv/lib/python3.11/site-packages/gunicorn/arbiter.py", line 256, in handle_term
    raise StopIteration
StopIteration

During handling of the above exception, another exception occurred:

Traceback (most recent call last):
  File "/usr/lib/python3.11/logging/__init__.py", line 1114, in emit
    self.flush()
  File "/usr/lib/python3.11/logging/__init__.py", line 1094, in flush
    self.stream.flush()
RuntimeError: reentrant call inside <_io.BufferedWriter name='/home/hypenet/web/servicehub.hypenet.ro/public_html/shub/errors.txt'>
Call stack:
  File "/home/hypenet/web/servicehub.hypenet.ro/public_html/shub-venv/bin/gunicorn", line 8, in <module>
    sys.exit(run())
  File "/home/rvrp_webuser/web/rv-rp.ro/public_html/reverserp-venv/lib/python3.11/site-packages/gunicorn/app/wsgiapp.py", line 66, in run
    WSGIApplication("%(prog)s [OPTIONS] [APP_MODULE]", prog=prog).run()
  File "/home/rvrp_webuser/web/rv-rp.ro/public_html/reverserp-venv/lib/python3.11/site-packages/gunicorn/app/base.py", line 235, in run
    super().run()
  File "/home/rvrp_webuser/web/rv-rp.ro/public_html/reverserp-venv/lib/python3.11/site-packages/gunicorn/app/base.py", line 71, in run
    Arbiter(self).run()
  File "/home/rvrp_webuser/web/rv-rp.ro/public_html/reverserp-venv/lib/python3.11/site-packages/gunicorn/arbiter.py", line 226, in run
    self.halt()
  File "/home/rvrp_webuser/web/rv-rp.ro/public_html/reverserp-venv/lib/python3.11/site-packages/gunicorn/arbiter.py", line 341, in halt
    self.stop()
  File "/home/rvrp_webuser/web/rv-rp.ro/public_html/reverserp-venv/lib/python3.11/site-packages/gunicorn/arbiter.py", line 395, in stop
    time.sleep(0.1)
  File "/home/rvrp_webuser/web/rv-rp.ro/public_html/reverserp-venv/lib/python3.11/site-packages/gunicorn/arbiter.py", line 241, in handle_chld
    self.reap_workers()
  File "/home/rvrp_webuser/web/rv-rp.ro/public_html/reverserp-venv/lib/python3.11/site-packages/gunicorn/arbiter.py", line 553, in reap_workers
    self.log.error(msg)
  File "/home/rvrp_webuser/web/rv-rp.ro/public_html/reverserp-venv/lib/python3.11/site-packages/gunicorn/glogging.py", line 271, in error
    self.error_log.error(msg, *args, **kwargs)
  File "/usr/lib/python3.11/logging/__init__.py", line 1518, in error
    self._log(ERROR, msg, args, **kwargs)
  File "/usr/lib/python3.11/logging/__init__.py", line 1634, in _log
    self.handle(record)
  File "/usr/lib/python3.11/logging/__init__.py", line 1644, in handle
    self.callHandlers(record)
  File "/usr/lib/python3.11/logging/__init__.py", line 1706, in callHandlers
    hdlr.handle(record)
  File "/usr/lib/python3.11/logging/__init__.py", line 978, in handle
    self.emit(record)
  File "/usr/lib/python3.11/logging/__init__.py", line 1230, in emit
    StreamHandler.emit(self, record)
  File "/usr/lib/python3.11/logging/__init__.py", line 1114, in emit
    self.flush()
  File "/usr/lib/python3.11/logging/__init__.py", line 1094, in flush
    self.stream.flush()
  File "/home/rvrp_webuser/web/rv-rp.ro/public_html/reverserp-venv/lib/python3.11/site-packages/gunicorn/arbiter.py", line 241, in handle_chld
    self.reap_workers()
  File "/home/rvrp_webuser/web/rv-rp.ro/public_html/reverserp-venv/lib/python3.11/site-packages/gunicorn/arbiter.py", line 553, in reap_workers
    self.log.error(msg)
  File "/home/rvrp_webuser/web/rv-rp.ro/public_html/reverserp-venv/lib/python3.11/site-packages/gunicorn/glogging.py", line 271, in error
    self.error_log.error(msg, *args, **kwargs)
Message: 'Worker (pid:2142922) was sent SIGTERM!'
Arguments: ()
[2025-07-20 18:52:51 +0300] [2142920] [ERROR] Worker (pid:2142924) was sent SIGTERM!
[2025-07-20 18:52:51 +0300] [2142920] [INFO] Shutting down: Master
[2025-07-20 18:52:51 +0300] [2142993] [INFO] Starting gunicorn 23.0.0
[2025-07-20 18:52:51 +0300] [2142993] [INFO] Listening at: unix:/home/hypenet/web/servicehub.hypenet.ro/public_html/shub/servicehub.sock (2142993)
[2025-07-20 18:52:51 +0300] [2142993] [INFO] Using worker: sync
[2025-07-20 18:52:51 +0300] [2142995] [INFO] Booting worker with pid: 2142995
[2025-07-20 18:52:51 +0300] [2142996] [INFO] Booting worker with pid: 2142996
[2025-07-20 18:52:51 +0300] [2142997] [INFO] Booting worker with pid: 2142997
Forbidden (Origin checking failed - https://servicehub.hypenet.ro does not match any trusted origins.): /auth
Forbidden (Origin checking failed - https://servicehub.hypenet.ro does not match any trusted origins.): /auth
[2025-07-20 18:53:02 +0300] [2142993] [INFO] Handling signal: term
[2025-07-20 15:53:02 +0000] [2142995] [INFO] Worker exiting (pid: 2142995)
[2025-07-20 15:53:02 +0000] [2142996] [INFO] Worker exiting (pid: 2142996)
[2025-07-20 15:53:02 +0000] [2142997] [INFO] Worker exiting (pid: 2142997)
[2025-07-20 18:53:02 +0300] [2142993] [INFO] Shutting down: Master
[2025-07-20 18:53:03 +0300] [2143034] [INFO] Starting gunicorn 23.0.0
[2025-07-20 18:53:03 +0300] [2143034] [INFO] Listening at: unix:/home/hypenet/web/servicehub.hypenet.ro/public_html/shub/servicehub.sock (2143034)
[2025-07-20 18:53:03 +0300] [2143034] [INFO] Using worker: sync
[2025-07-20 18:53:03 +0300] [2143036] [INFO] Booting worker with pid: 2143036
[2025-07-20 18:53:03 +0300] [2143037] [INFO] Booting worker with pid: 2143037
[2025-07-20 18:53:03 +0300] [2143038] [INFO] Booting worker with pid: 2143038
Forbidden (Origin checking failed - https://servicehub.hypenet.ro does not match any trusted origins.): /auth
[2025-07-20 18:53:55 +0300] [2143034] [INFO] Handling signal: term
[2025-07-20 15:53:55 +0000] [2143036] [INFO] Worker exiting (pid: 2143036)
[2025-07-20 15:53:55 +0000] [2143037] [INFO] Worker exiting (pid: 2143037)
[2025-07-20 15:53:55 +0000] [2143038] [INFO] Worker exiting (pid: 2143038)
[2025-07-20 18:53:55 +0300] [2143034] [INFO] Shutting down: Master
[2025-07-20 18:53:55 +0300] [2143074] [INFO] Starting gunicorn 23.0.0
[2025-07-20 18:53:55 +0300] [2143074] [INFO] Listening at: unix:/home/hypenet/web/servicehub.hypenet.ro/public_html/shub/servicehub.sock (2143074)
[2025-07-20 18:53:55 +0300] [2143074] [INFO] Using worker: sync
[2025-07-20 18:53:55 +0300] [2143076] [INFO] Booting worker with pid: 2143076
[2025-07-20 18:53:55 +0300] [2143077] [INFO] Booting worker with pid: 2143077
[2025-07-20 18:53:55 +0300] [2143078] [INFO] Booting worker with pid: 2143078
[2025-07-20 18:54:35 +0300] [2143074] [INFO] Handling signal: term
[2025-07-20 15:54:35 +0000] [2143076] [INFO] Worker exiting (pid: 2143076)
[2025-07-20 15:54:35 +0000] [2143077] [INFO] Worker exiting (pid: 2143077)
[2025-07-20 15:54:35 +0000] [2143078] [INFO] Worker exiting (pid: 2143078)
[2025-07-20 18:54:35 +0300] [2143074] [INFO] Shutting down: Master
[2025-07-20 18:54:35 +0300] [2143142] [INFO] Starting gunicorn 23.0.0
[2025-07-20 18:54:35 +0300] [2143142] [INFO] Listening at: unix:/home/hypenet/web/servicehub.hypenet.ro/public_html/shub/servicehub.sock (2143142)
[2025-07-20 18:54:35 +0300] [2143142] [INFO] Using worker: sync
[2025-07-20 18:54:35 +0300] [2143144] [INFO] Booting worker with pid: 2143144
[2025-07-20 18:54:35 +0300] [2143145] [INFO] Booting worker with pid: 2143145
[2025-07-20 18:54:35 +0300] [2143146] [INFO] Booting worker with pid: 2143146
[2025-07-20 15:55:28 +0000] [2143144] [INFO] Worker exiting (pid: 2143144)
[2025-07-20 18:55:28 +0300] [2143142] [INFO] Handling signal: term
[2025-07-20 15:55:28 +0000] [2143145] [INFO] Worker exiting (pid: 2143145)
[2025-07-20 15:55:28 +0000] [2143146] [INFO] Worker exiting (pid: 2143146)
[2025-07-20 18:55:28 +0300] [2143142] [INFO] Shutting down: Master
[2025-07-20 18:55:28 +0300] [2143576] [INFO] Starting gunicorn 23.0.0
[2025-07-20 18:55:28 +0300] [2143576] [INFO] Listening at: unix:/home/hypenet/web/servicehub.hypenet.ro/public_html/shub/servicehub.sock (2143576)
[2025-07-20 18:55:28 +0300] [2143576] [INFO] Using worker: sync
[2025-07-20 18:55:28 +0300] [2143578] [INFO] Booting worker with pid: 2143578
[2025-07-20 18:55:28 +0300] [2143579] [INFO] Booting worker with pid: 2143579
[2025-07-20 18:55:28 +0300] [2143580] [INFO] Booting worker with pid: 2143580
/home/rvrp_webuser/web/rv-rp.ro/public_html/reverserp-venv/lib/python3.11/site-packages/django/db/models/fields/__init__.py:1595: RuntimeWarning: DateTimeField Services.date received a naive datetime (2025-07-01 00:00:00) while time zone support is active.
  warnings.warn(
/home/rvrp_webuser/web/rv-rp.ro/public_html/reverserp-venv/lib/python3.11/site-packages/django/db/models/fields/__init__.py:1595: RuntimeWarning: DateTimeField Services.date received a naive datetime (2025-07-31 00:00:00) while time zone support is active.
  warnings.warn(
